<?xml version="1.0" encoding="ISO-8859-1" ?>
<link_info>
   <banner>TI ARM Linker PC v20.2.7.LTS</banner>
   <copyright>Copyright (c) 1996-2018 Texas Instruments Incorporated</copyright>
   <link_time>0x69cb0a0d</link_time>
   <link_errors>0x0</link_errors>
   <output_file>iot_project2.out</output_file>
   <entry_point>
      <name>_c_int00_noargs</name>
      <address>0x98e1</address>
   </entry_point>
   <input_file_list>
      <input_file id="fl-2">
         <path>.\</path>
         <kind>object</kind>
         <file>arp.obj</file>
         <name>arp.obj</name>
      </input_file>
      <input_file id="fl-3">
         <path>.\</path>
         <kind>object</kind>
         <file>clock.obj</file>
         <name>clock.obj</name>
      </input_file>
      <input_file id="fl-4">
         <path>.\</path>
         <kind>object</kind>
         <file>dhcp.obj</file>
         <name>dhcp.obj</name>
      </input_file>
      <input_file id="fl-5">
         <path>.\</path>
         <kind>object</kind>
         <file>eeprom.obj</file>
         <name>eeprom.obj</name>
      </input_file>
      <input_file id="fl-6">
         <path>.\</path>
         <kind>object</kind>
         <file>eth0.obj</file>
         <name>eth0.obj</name>
      </input_file>
      <input_file id="fl-7">
         <path>.\</path>
         <kind>object</kind>
         <file>ethernet.obj</file>
         <name>ethernet.obj</name>
      </input_file>
      <input_file id="fl-8">
         <path>.\</path>
         <kind>object</kind>
         <file>gpio.obj</file>
         <name>gpio.obj</name>
      </input_file>
      <input_file id="fl-9">
         <path>.\</path>
         <kind>object</kind>
         <file>icmp.obj</file>
         <name>icmp.obj</name>
      </input_file>
      <input_file id="fl-a">
         <path>.\</path>
         <kind>object</kind>
         <file>ip.obj</file>
         <name>ip.obj</name>
      </input_file>
      <input_file id="fl-b">
         <path>.\</path>
         <kind>object</kind>
         <file>mqtt.obj</file>
         <name>mqtt.obj</name>
      </input_file>
      <input_file id="fl-c">
         <path>.\</path>
         <kind>object</kind>
         <file>nfc.obj</file>
         <name>nfc.obj</name>
      </input_file>
      <input_file id="fl-d">
         <path>.\</path>
         <kind>object</kind>
         <file>socket.obj</file>
         <name>socket.obj</name>
      </input_file>
      <input_file id="fl-e">
         <path>.\</path>
         <kind>object</kind>
         <file>spi0.obj</file>
         <name>spi0.obj</name>
      </input_file>
      <input_file id="fl-f">
         <path>.\</path>
         <kind>object</kind>
         <file>tcp.obj</file>
         <name>tcp.obj</name>
      </input_file>
      <input_file id="fl-10">
         <path>.\</path>
         <kind>object</kind>
         <file>timer.obj</file>
         <name>timer.obj</name>
      </input_file>
      <input_file id="fl-11">
         <path>.\</path>
         <kind>object</kind>
         <file>tm4c123gh6pm_startup_ccs.obj</file>
         <name>tm4c123gh6pm_startup_ccs.obj</name>
      </input_file>
      <input_file id="fl-12">
         <path>.\</path>
         <kind>object</kind>
         <file>uart0.obj</file>
         <name>uart0.obj</name>
      </input_file>
      <input_file id="fl-13">
         <path>.\</path>
         <kind>object</kind>
         <file>udp.obj</file>
         <name>udp.obj</name>
      </input_file>
      <input_file id="fl-14">
         <path>.\</path>
         <kind>object</kind>
         <file>wait.obj</file>
         <name>wait.obj</name>
      </input_file>
      <input_file id="fl-18">
         <kind>object</kind>
         <file>&lt;internal&gt;</file>
         <name>&lt;internal&gt;</name>
      </input_file>
      <input_file id="fl-ce">
         <path>C:\ti\ccs1281\ccs\tools\compiler\ti-cgt-arm_20.2.7.LTS\lib\</path>
         <kind>archive</kind>
         <file>rtsv7M4_T_le_v4SPD16_eabi.lib</file>
         <name>snprintf.c.obj</name>
      </input_file>
      <input_file id="fl-cf">
         <path>C:\ti\ccs1281\ccs\tools\compiler\ti-cgt-arm_20.2.7.LTS\lib\</path>
         <kind>archive</kind>
         <file>rtsv7M4_T_le_v4SPD16_eabi.lib</file>
         <name>sscanf.c.obj</name>
      </input_file>
      <input_file id="fl-d0">
         <path>C:\ti\ccs1281\ccs\tools\compiler\ti-cgt-arm_20.2.7.LTS\lib\</path>
         <kind>archive</kind>
         <file>rtsv7M4_T_le_v4SPD16_eabi.lib</file>
         <name>memcpy_t2.asm.obj</name>
      </input_file>
      <input_file id="fl-d1">
         <path>C:\ti\ccs1281\ccs\tools\compiler\ti-cgt-arm_20.2.7.LTS\lib\</path>
         <kind>archive</kind>
         <file>rtsv7M4_T_le_v4SPD16_eabi.lib</file>
         <name>memset_t2.asm.obj</name>
      </input_file>
      <input_file id="fl-d2">
         <path>C:\ti\ccs1281\ccs\tools\compiler\ti-cgt-arm_20.2.7.LTS\lib\</path>
         <kind>archive</kind>
         <file>rtsv7M4_T_le_v4SPD16_eabi.lib</file>
         <name>copy_zero_init.c.obj</name>
      </input_file>
      <input_file id="fl-d3">
         <path>C:\ti\ccs1281\ccs\tools\compiler\ti-cgt-arm_20.2.7.LTS\lib\</path>
         <kind>archive</kind>
         <file>rtsv7M4_T_le_v4SPD16_eabi.lib</file>
         <name>copy_decompress_none.c.obj</name>
      </input_file>
      <input_file id="fl-d4">
         <path>C:\ti\ccs1281\ccs\tools\compiler\ti-cgt-arm_20.2.7.LTS\lib\</path>
         <kind>archive</kind>
         <file>rtsv7M4_T_le_v4SPD16_eabi.lib</file>
         <name>copy_decompress_lzss.c.obj</name>
      </input_file>
      <input_file id="fl-d5">
         <path>C:\ti\ccs1281\ccs\tools\compiler\ti-cgt-arm_20.2.7.LTS\lib\</path>
         <kind>archive</kind>
         <file>rtsv7M4_T_le_v4SPD16_eabi.lib</file>
         <name>ctype.c.obj</name>
      </input_file>
      <input_file id="fl-d6">
         <path>C:\ti\ccs1281\ccs\tools\compiler\ti-cgt-arm_20.2.7.LTS\lib\</path>
         <kind>archive</kind>
         <file>rtsv7M4_T_le_v4SPD16_eabi.lib</file>
         <name>memcmp.c.obj</name>
      </input_file>
      <input_file id="fl-d7">
         <path>C:\ti\ccs1281\ccs\tools\compiler\ti-cgt-arm_20.2.7.LTS\lib\</path>
         <kind>archive</kind>
         <file>rtsv7M4_T_le_v4SPD16_eabi.lib</file>
         <name>rand.c.obj</name>
      </input_file>
      <input_file id="fl-d8">
         <path>C:\ti\ccs1281\ccs\tools\compiler\ti-cgt-arm_20.2.7.LTS\lib\</path>
         <kind>archive</kind>
         <file>rtsv7M4_T_le_v4SPD16_eabi.lib</file>
         <name>strcmp.c.obj</name>
      </input_file>
      <input_file id="fl-d9">
         <path>C:\ti\ccs1281\ccs\tools\compiler\ti-cgt-arm_20.2.7.LTS\lib\</path>
         <kind>archive</kind>
         <file>rtsv7M4_T_le_v4SPD16_eabi.lib</file>
         <name>strlen.c.obj</name>
      </input_file>
      <input_file id="fl-da">
         <path>C:\ti\ccs1281\ccs\tools\compiler\ti-cgt-arm_20.2.7.LTS\lib\</path>
         <kind>archive</kind>
         <file>rtsv7M4_T_le_v4SPD16_eabi.lib</file>
         <name>strtok.c.obj</name>
      </input_file>
      <input_file id="fl-db">
         <path>C:\ti\ccs1281\ccs\tools\compiler\ti-cgt-arm_20.2.7.LTS\lib\</path>
         <kind>archive</kind>
         <file>rtsv7M4_T_le_v4SPD16_eabi.lib</file>
         <name>tolower.c.obj</name>
      </input_file>
      <input_file id="fl-dc">
         <path>C:\ti\ccs1281\ccs\tools\compiler\ti-cgt-arm_20.2.7.LTS\lib\</path>
         <kind>archive</kind>
         <file>rtsv7M4_T_le_v4SPD16_eabi.lib</file>
         <name>boot_cortex_m.c.obj</name>
      </input_file>
      <input_file id="fl-dd">
         <path>C:\ti\ccs1281\ccs\tools\compiler\ti-cgt-arm_20.2.7.LTS\lib\</path>
         <kind>archive</kind>
         <file>rtsv7M4_T_le_v4SPD16_eabi.lib</file>
         <name>_printfi.c.obj</name>
      </input_file>
      <input_file id="fl-de">
         <path>C:\ti\ccs1281\ccs\tools\compiler\ti-cgt-arm_20.2.7.LTS\lib\</path>
         <kind>archive</kind>
         <file>rtsv7M4_T_le_v4SPD16_eabi.lib</file>
         <name>_scanfi.c.obj</name>
      </input_file>
      <input_file id="fl-df">
         <path>C:\ti\ccs1281\ccs\tools\compiler\ti-cgt-arm_20.2.7.LTS\lib\</path>
         <kind>archive</kind>
         <file>rtsv7M4_T_le_v4SPD16_eabi.lib</file>
         <name>fd_add_t2.asm.obj</name>
      </input_file>
      <input_file id="fl-e0">
         <path>C:\ti\ccs1281\ccs\tools\compiler\ti-cgt-arm_20.2.7.LTS\lib\</path>
         <kind>archive</kind>
         <file>rtsv7M4_T_le_v4SPD16_eabi.lib</file>
         <name>fd_cmp_t2.asm.obj</name>
      </input_file>
      <input_file id="fl-e1">
         <path>C:\ti\ccs1281\ccs\tools\compiler\ti-cgt-arm_20.2.7.LTS\lib\</path>
         <kind>archive</kind>
         <file>rtsv7M4_T_le_v4SPD16_eabi.lib</file>
         <name>fd_div_t2.asm.obj</name>
      </input_file>
      <input_file id="fl-e2">
         <path>C:\ti\ccs1281\ccs\tools\compiler\ti-cgt-arm_20.2.7.LTS\lib\</path>
         <kind>archive</kind>
         <file>rtsv7M4_T_le_v4SPD16_eabi.lib</file>
         <name>fd_mul_t2.asm.obj</name>
      </input_file>
      <input_file id="fl-e3">
         <path>C:\ti\ccs1281\ccs\tools\compiler\ti-cgt-arm_20.2.7.LTS\lib\</path>
         <kind>archive</kind>
         <file>rtsv7M4_T_le_v4SPD16_eabi.lib</file>
         <name>fd_toi_t2.asm.obj</name>
      </input_file>
      <input_file id="fl-e4">
         <path>C:\ti\ccs1281\ccs\tools\compiler\ti-cgt-arm_20.2.7.LTS\lib\</path>
         <kind>archive</kind>
         <file>rtsv7M4_T_le_v4SPD16_eabi.lib</file>
         <name>fd_tos_t2.asm.obj</name>
      </input_file>
      <input_file id="fl-e5">
         <path>C:\ti\ccs1281\ccs\tools\compiler\ti-cgt-arm_20.2.7.LTS\lib\</path>
         <kind>archive</kind>
         <file>rtsv7M4_T_le_v4SPD16_eabi.lib</file>
         <name>i_tofd_t2.asm.obj</name>
      </input_file>
      <input_file id="fl-e6">
         <path>C:\ti\ccs1281\ccs\tools\compiler\ti-cgt-arm_20.2.7.LTS\lib\</path>
         <kind>archive</kind>
         <file>rtsv7M4_T_le_v4SPD16_eabi.lib</file>
         <name>ull_div_t2.asm.obj</name>
      </input_file>
      <input_file id="fl-e7">
         <path>C:\ti\ccs1281\ccs\tools\compiler\ti-cgt-arm_20.2.7.LTS\lib\</path>
         <kind>archive</kind>
         <file>rtsv7M4_T_le_v4SPD16_eabi.lib</file>
         <name>autoinit.c.obj</name>
      </input_file>
      <input_file id="fl-e8">
         <path>C:\ti\ccs1281\ccs\tools\compiler\ti-cgt-arm_20.2.7.LTS\lib\</path>
         <kind>archive</kind>
         <file>rtsv7M4_T_le_v4SPD16_eabi.lib</file>
         <name>pre_init.c.obj</name>
      </input_file>
      <input_file id="fl-e9">
         <path>C:\ti\ccs1281\ccs\tools\compiler\ti-cgt-arm_20.2.7.LTS\lib\</path>
         <kind>archive</kind>
         <file>rtsv7M4_T_le_v4SPD16_eabi.lib</file>
         <name>cpy_tbl.c.obj</name>
      </input_file>
      <input_file id="fl-ea">
         <path>C:\ti\ccs1281\ccs\tools\compiler\ti-cgt-arm_20.2.7.LTS\lib\</path>
         <kind>archive</kind>
         <file>rtsv7M4_T_le_v4SPD16_eabi.lib</file>
         <name>exit.c.obj</name>
      </input_file>
      <input_file id="fl-eb">
         <path>C:\ti\ccs1281\ccs\tools\compiler\ti-cgt-arm_20.2.7.LTS\lib\</path>
         <kind>archive</kind>
         <file>rtsv7M4_T_le_v4SPD16_eabi.lib</file>
         <name>_lock.c.obj</name>
      </input_file>
      <input_file id="fl-ec">
         <path>C:\ti\ccs1281\ccs\tools\compiler\ti-cgt-arm_20.2.7.LTS\lib\</path>
         <kind>archive</kind>
         <file>rtsv7M4_T_le_v4SPD16_eabi.lib</file>
         <name>_ltoa.c.obj</name>
      </input_file>
      <input_file id="fl-ed">
         <path>C:\ti\ccs1281\ccs\tools\compiler\ti-cgt-arm_20.2.7.LTS\lib\</path>
         <kind>archive</kind>
         <file>rtsv7M4_T_le_v4SPD16_eabi.lib</file>
         <name>args_main.c.obj</name>
      </input_file>
      <input_file id="fl-ee">
         <path>C:\ti\ccs1281\ccs\tools\compiler\ti-cgt-arm_20.2.7.LTS\lib\</path>
         <kind>archive</kind>
         <file>rtsv7M4_T_le_v4SPD16_eabi.lib</file>
         <name>atoi.c.obj</name>
      </input_file>
      <input_file id="fl-ef">
         <path>C:\ti\ccs1281\ccs\tools\compiler\ti-cgt-arm_20.2.7.LTS\lib\</path>
         <kind>archive</kind>
         <file>rtsv7M4_T_le_v4SPD16_eabi.lib</file>
         <name>memccpy.c.obj</name>
      </input_file>
      <input_file id="fl-f0">
         <path>C:\ti\ccs1281\ccs\tools\compiler\ti-cgt-arm_20.2.7.LTS\lib\</path>
         <kind>archive</kind>
         <file>rtsv7M4_T_le_v4SPD16_eabi.lib</file>
         <name>strchr.c.obj</name>
      </input_file>
      <input_file id="fl-f1">
         <path>C:\ti\ccs1281\ccs\tools\compiler\ti-cgt-arm_20.2.7.LTS\lib\</path>
         <kind>archive</kind>
         <file>rtsv7M4_T_le_v4SPD16_eabi.lib</file>
         <name>strcpy.c.obj</name>
      </input_file>
      <input_file id="fl-f2">
         <path>C:\ti\ccs1281\ccs\tools\compiler\ti-cgt-arm_20.2.7.LTS\lib\</path>
         <kind>archive</kind>
         <file>rtsv7M4_T_le_v4SPD16_eabi.lib</file>
         <name>strcspn.c.obj</name>
      </input_file>
      <input_file id="fl-f3">
         <path>C:\ti\ccs1281\ccs\tools\compiler\ti-cgt-arm_20.2.7.LTS\lib\</path>
         <kind>archive</kind>
         <file>rtsv7M4_T_le_v4SPD16_eabi.lib</file>
         <name>strrchr.c.obj</name>
      </input_file>
      <input_file id="fl-f4">
         <path>C:\ti\ccs1281\ccs\tools\compiler\ti-cgt-arm_20.2.7.LTS\lib\</path>
         <kind>archive</kind>
         <file>rtsv7M4_T_le_v4SPD16_eabi.lib</file>
         <name>strspn.c.obj</name>
      </input_file>
      <input_file id="fl-f5">
         <path>C:\ti\ccs1281\ccs\tools\compiler\ti-cgt-arm_20.2.7.LTS\lib\</path>
         <kind>archive</kind>
         <file>rtsv7M4_T_le_v4SPD16_eabi.lib</file>
         <name>strtod.c.obj</name>
      </input_file>
      <input_file id="fl-f6">
         <path>C:\ti\ccs1281\ccs\tools\compiler\ti-cgt-arm_20.2.7.LTS\lib\</path>
         <kind>archive</kind>
         <file>rtsv7M4_T_le_v4SPD16_eabi.lib</file>
         <name>strtol.c.obj</name>
      </input_file>
      <input_file id="fl-f7">
         <path>C:\ti\ccs1281\ccs\tools\compiler\ti-cgt-arm_20.2.7.LTS\lib\</path>
         <kind>archive</kind>
         <file>rtsv7M4_T_le_v4SPD16_eabi.lib</file>
         <name>strtoll.c.obj</name>
      </input_file>
      <input_file id="fl-f8">
         <path>C:\ti\ccs1281\ccs\tools\compiler\ti-cgt-arm_20.2.7.LTS\lib\</path>
         <kind>archive</kind>
         <file>rtsv7M4_T_le_v4SPD16_eabi.lib</file>
         <name>strtoul.c.obj</name>
      </input_file>
      <input_file id="fl-f9">
         <path>C:\ti\ccs1281\ccs\tools\compiler\ti-cgt-arm_20.2.7.LTS\lib\</path>
         <kind>archive</kind>
         <file>rtsv7M4_T_le_v4SPD16_eabi.lib</file>
         <name>strtoull.c.obj</name>
      </input_file>
      <input_file id="fl-fa">
         <path>C:\ti\ccs1281\ccs\tools\compiler\ti-cgt-arm_20.2.7.LTS\lib\</path>
         <kind>archive</kind>
         <file>rtsv7M4_T_le_v4SPD16_eabi.lib</file>
         <name>errno.c.obj</name>
      </input_file>
      <input_file id="fl-fb">
         <path>C:\ti\ccs1281\ccs\tools\compiler\ti-cgt-arm_20.2.7.LTS\lib\</path>
         <kind>archive</kind>
         <file>rtsv7M4_T_le_v4SPD16_eabi.lib</file>
         <name>wcslen.c.obj</name>
      </input_file>
      <input_file id="fl-fc">
         <path>C:\ti\ccs1281\ccs\tools\compiler\ti-cgt-arm_20.2.7.LTS\lib\</path>
         <kind>archive</kind>
         <file>rtsv7M4_T_le_v4SPD16_eabi.lib</file>
         <name>s_frexp.c.obj</name>
      </input_file>
      <input_file id="fl-fd">
         <path>C:\ti\ccs1281\ccs\tools\compiler\ti-cgt-arm_20.2.7.LTS\lib\</path>
         <kind>archive</kind>
         <file>rtsv7M4_T_le_v4SPD16_eabi.lib</file>
         <name>s_scalbn.c.obj</name>
      </input_file>
      <input_file id="fl-fe">
         <path>C:\ti\ccs1281\ccs\tools\compiler\ti-cgt-arm_20.2.7.LTS\lib\</path>
         <kind>archive</kind>
         <file>rtsv7M4_T_le_v4SPD16_eabi.lib</file>
         <name>div0.asm.obj</name>
      </input_file>
      <input_file id="fl-ff">
         <path>C:\ti\ccs1281\ccs\tools\compiler\ti-cgt-arm_20.2.7.LTS\lib\</path>
         <kind>archive</kind>
         <file>rtsv7M4_T_le_v4SPD16_eabi.lib</file>
         <name>ll_mul_t2.asm.obj</name>
      </input_file>
      <input_file id="fl-100">
         <path>C:\ti\ccs1281\ccs\tools\compiler\ti-cgt-arm_20.2.7.LTS\lib\</path>
         <kind>archive</kind>
         <file>rtsv7M4_T_le_v4SPD16_eabi.lib</file>
         <name>s_copysign.c.obj</name>
      </input_file>
   </input_file_list>
   <object_component_list>
      <object_component id="oc-12">
         <name>.intvecs</name>
         <load_address>0x0</load_address>
         <run_address>0x0</run_address>
         <size>0x26c</size>
         <input_file_ref idref="fl-11"/>
      </object_component>
      <object_component id="oc-102">
         <name>.text</name>
         <load_address>0x26c</load_address>
         <run_address>0x26c</run_address>
         <size>0x1288</size>
         <input_file_ref idref="fl-4"/>
      </object_component>
      <object_component id="oc-b2">
         <name>.text</name>
         <load_address>0x14f4</load_address>
         <run_address>0x14f4</run_address>
         <size>0x115c</size>
         <input_file_ref idref="fl-7"/>
      </object_component>
      <object_component id="oc-14e">
         <name>.text</name>
         <load_address>0x2650</load_address>
         <run_address>0x2650</run_address>
         <size>0xc34</size>
         <input_file_ref idref="fl-f"/>
      </object_component>
      <object_component id="oc-22c">
         <name>.text:__TI_scanfi</name>
         <load_address>0x3284</load_address>
         <run_address>0x3284</run_address>
         <size>0xb14</size>
         <input_file_ref idref="fl-de"/>
      </object_component>
      <object_component id="oc-1da">
         <name>.text:__TI_printfi</name>
         <load_address>0x3d98</load_address>
         <run_address>0x3d98</run_address>
         <size>0xa4e</size>
         <input_file_ref idref="fl-dd"/>
      </object_component>
      <object_component id="oc-39d">
         <name>.text:_nop</name>
         <load_address>0x47e6</load_address>
         <run_address>0x47e6</run_address>
         <size>0x2</size>
         <input_file_ref idref="fl-eb"/>
      </object_component>
      <object_component id="oc-135">
         <name>.text</name>
         <load_address>0x47e8</load_address>
         <run_address>0x47e8</run_address>
         <size>0x88c</size>
         <input_file_ref idref="fl-b"/>
      </object_component>
      <object_component id="oc-e4">
         <name>.text</name>
         <load_address>0x5074</load_address>
         <run_address>0x5074</run_address>
         <size>0x808</size>
         <input_file_ref idref="fl-8"/>
      </object_component>
      <object_component id="oc-ea">
         <name>.text</name>
         <load_address>0x587c</load_address>
         <run_address>0x587c</run_address>
         <size>0x714</size>
         <input_file_ref idref="fl-6"/>
      </object_component>
      <object_component id="oc-13c">
         <name>.text</name>
         <load_address>0x5f90</load_address>
         <run_address>0x5f90</run_address>
         <size>0x664</size>
         <input_file_ref idref="fl-c"/>
      </object_component>
      <object_component id="oc-fc">
         <name>.text</name>
         <load_address>0x65f4</load_address>
         <run_address>0x65f4</run_address>
         <size>0x4b0</size>
         <input_file_ref idref="fl-a"/>
      </object_component>
      <object_component id="oc-33a">
         <name>.text:strtod</name>
         <load_address>0x6aa4</load_address>
         <run_address>0x6aa4</run_address>
         <size>0x460</size>
         <input_file_ref idref="fl-f5"/>
      </object_component>
      <object_component id="oc-2d">
         <name>.text</name>
         <load_address>0x6f04</load_address>
         <run_address>0x6f04</run_address>
         <size>0x360</size>
         <input_file_ref idref="fl-10"/>
      </object_component>
      <object_component id="oc-154">
         <name>.text</name>
         <load_address>0x7264</load_address>
         <run_address>0x7264</run_address>
         <size>0x2f4</size>
         <input_file_ref idref="fl-2"/>
      </object_component>
      <object_component id="oc-142">
         <name>.text</name>
         <load_address>0x7558</load_address>
         <run_address>0x7558</run_address>
         <size>0x2e0</size>
         <input_file_ref idref="fl-d"/>
      </object_component>
      <object_component id="oc-160">
         <name>.text</name>
         <load_address>0x7838</load_address>
         <run_address>0x7838</run_address>
         <size>0x2d2</size>
         <input_file_ref idref="fl-13"/>
      </object_component>
      <object_component id="oc-464">
         <name>.text</name>
         <load_address>0x7b0a</load_address>
         <run_address>0x7b0a</run_address>
         <size>0x2</size>
         <input_file_ref idref="fl-fe"/>
      </object_component>
      <object_component id="oc-2e3">
         <name>.text:_pconv_a</name>
         <load_address>0x7b0c</load_address>
         <run_address>0x7b0c</run_address>
         <size>0x270</size>
         <input_file_ref idref="fl-dd"/>
      </object_component>
      <object_component id="oc-34b">
         <name>.text:strtoll</name>
         <load_address>0x7d7c</load_address>
         <run_address>0x7d7c</run_address>
         <size>0x1dc</size>
         <input_file_ref idref="fl-f7"/>
      </object_component>
      <object_component id="oc-2d1">
         <name>.text:_pconv_g</name>
         <load_address>0x7f58</load_address>
         <run_address>0x7f58</run_address>
         <size>0x1d0</size>
         <input_file_ref idref="fl-dd"/>
      </object_component>
      <object_component id="oc-3e4">
         <name>.text</name>
         <load_address>0x8128</load_address>
         <run_address>0x8128</run_address>
         <size>0x1b6</size>
         <input_file_ref idref="fl-df"/>
      </object_component>
      <object_component id="oc-15a">
         <name>.text</name>
         <load_address>0x82de</load_address>
         <run_address>0x82de</run_address>
         <size>0x160</size>
         <input_file_ref idref="fl-9"/>
      </object_component>
      <object_component id="oc-1ca">
         <name>.text</name>
         <load_address>0x8440</load_address>
         <run_address>0x8440</run_address>
         <size>0x160</size>
         <input_file_ref idref="fl-e"/>
      </object_component>
      <object_component id="oc-32e">
         <name>.text:strtoull</name>
         <load_address>0x85a0</load_address>
         <run_address>0x85a0</run_address>
         <size>0x15c</size>
         <input_file_ref idref="fl-f9"/>
      </object_component>
      <object_component id="oc-2dd">
         <name>.text:_pconv_e</name>
         <load_address>0x86fc</load_address>
         <run_address>0x86fc</run_address>
         <size>0x13c</size>
         <input_file_ref idref="fl-dd"/>
      </object_component>
      <object_component id="oc-3ca">
         <name>.text</name>
         <load_address>0x8838</load_address>
         <run_address>0x8838</run_address>
         <size>0x136</size>
         <input_file_ref idref="fl-e1"/>
      </object_component>
      <object_component id="oc-345">
         <name>.text:strtol</name>
         <load_address>0x8970</load_address>
         <run_address>0x8970</run_address>
         <size>0x130</size>
         <input_file_ref idref="fl-f6"/>
      </object_component>
      <object_component id="oc-f0">
         <name>.text</name>
         <load_address>0x8aa0</load_address>
         <run_address>0x8aa0</run_address>
         <size>0x128</size>
         <input_file_ref idref="fl-12"/>
      </object_component>
      <object_component id="oc-3f6">
         <name>.text:fcvt</name>
         <load_address>0x8bc8</load_address>
         <run_address>0x8bc8</run_address>
         <size>0x124</size>
         <input_file_ref idref="fl-dd"/>
      </object_component>
      <object_component id="oc-40a">
         <name>.text:scalbn</name>
         <load_address>0x8cec</load_address>
         <run_address>0x8cec</run_address>
         <size>0x110</size>
         <input_file_ref idref="fl-fd"/>
      </object_component>
      <object_component id="oc-334">
         <name>.text:strtoul</name>
         <load_address>0x8dfc</load_address>
         <run_address>0x8dfc</run_address>
         <size>0x110</size>
         <input_file_ref idref="fl-f8"/>
      </object_component>
      <object_component id="oc-3c5">
         <name>.text</name>
         <load_address>0x8f0c</load_address>
         <run_address>0x8f0c</run_address>
         <size>0xfc</size>
         <input_file_ref idref="fl-e2"/>
      </object_component>
      <object_component id="oc-2c6">
         <name>.text:_ltostr</name>
         <load_address>0x9008</load_address>
         <run_address>0x9008</run_address>
         <size>0xb1</size>
         <input_file_ref idref="fl-dd"/>
      </object_component>
      <object_component id="oc-41">
         <name>.text</name>
         <load_address>0x90ba</load_address>
         <run_address>0x90ba</run_address>
         <size>0x9c</size>
         <input_file_ref idref="fl-d0"/>
      </object_component>
      <object_component id="oc-3be">
         <name>.text</name>
         <load_address>0x9156</load_address>
         <run_address>0x9156</run_address>
         <size>0x96</size>
         <input_file_ref idref="fl-e6"/>
      </object_component>
      <object_component id="oc-2cc">
         <name>.text:__aeabi_cdcmple</name>
         <load_address>0x91ec</load_address>
         <run_address>0x91ec</run_address>
         <size>0x86</size>
         <input_file_ref idref="fl-e0"/>
      </object_component>
      <object_component id="oc-3cf">
         <name>.text:__aeabi_cdrcmple</name>
         <load_address>0x9272</load_address>
         <run_address>0x9272</run_address>
         <size>0x86</size>
         <input_file_ref idref="fl-e0"/>
      </object_component>
      <object_component id="oc-10e">
         <name>.text</name>
         <load_address>0x92f8</load_address>
         <run_address>0x92f8</run_address>
         <size>0x84</size>
         <input_file_ref idref="fl-5"/>
      </object_component>
      <object_component id="oc-a6">
         <name>.text</name>
         <load_address>0x937c</load_address>
         <run_address>0x937c</run_address>
         <size>0x7a</size>
         <input_file_ref idref="fl-d1"/>
      </object_component>
      <object_component id="oc-3ef">
         <name>.text:_mcpy</name>
         <load_address>0x93f6</load_address>
         <run_address>0x93f6</run_address>
         <size>0x6e</size>
         <input_file_ref idref="fl-dd"/>
      </object_component>
      <object_component id="oc-340">
         <name>.text</name>
         <load_address>0x9464</load_address>
         <run_address>0x9464</run_address>
         <size>0x6e</size>
         <input_file_ref idref="fl-e4"/>
      </object_component>
      <object_component id="oc-23e">
         <name>.text:_chkmbc</name>
         <load_address>0x94d4</load_address>
         <run_address>0x94d4</run_address>
         <size>0x68</size>
         <input_file_ref idref="fl-cf"/>
      </object_component>
      <object_component id="oc-15">
         <name>.text:decompress:lzss:__TI_decompress_lzss</name>
         <load_address>0x953c</load_address>
         <run_address>0x953c</run_address>
         <size>0x68</size>
         <input_file_ref idref="fl-d4"/>
      </object_component>
      <object_component id="oc-404">
         <name>.text:frexp</name>
         <load_address>0x95a4</load_address>
         <run_address>0x95a4</run_address>
         <size>0x64</size>
         <input_file_ref idref="fl-fc"/>
      </object_component>
      <object_component id="oc-2d7">
         <name>.text:_pconv_f</name>
         <load_address>0x9608</load_address>
         <run_address>0x9608</run_address>
         <size>0x56</size>
         <input_file_ref idref="fl-dd"/>
      </object_component>
      <object_component id="oc-3d9">
         <name>.text:__TI_ltoa</name>
         <load_address>0x965e</load_address>
         <run_address>0x965e</run_address>
         <size>0x54</size>
         <input_file_ref idref="fl-ec"/>
      </object_component>
      <object_component id="oc-3e9">
         <name>.text:_ecpy</name>
         <load_address>0x96b2</load_address>
         <run_address>0x96b2</run_address>
         <size>0x52</size>
         <input_file_ref idref="fl-dd"/>
      </object_component>
      <object_component id="oc-2c0">
         <name>.text:atoi</name>
         <load_address>0x9704</load_address>
         <run_address>0x9704</run_address>
         <size>0x4c</size>
         <input_file_ref idref="fl-ee"/>
      </object_component>
      <object_component id="oc-f6">
         <name>.text:snprintf</name>
         <load_address>0x9750</load_address>
         <run_address>0x9750</run_address>
         <size>0x4c</size>
         <input_file_ref idref="fl-ce"/>
      </object_component>
      <object_component id="oc-3d4">
         <name>.text</name>
         <load_address>0x979c</load_address>
         <run_address>0x979c</run_address>
         <size>0x48</size>
         <input_file_ref idref="fl-e3"/>
      </object_component>
      <object_component id="oc-178">
         <name>.text:__TI_auto_init_nobinit_nopinit:__TI_auto_init_nobinit_nopinit</name>
         <load_address>0x97e4</load_address>
         <run_address>0x97e4</run_address>
         <size>0x44</size>
         <input_file_ref idref="fl-e7"/>
      </object_component>
      <object_component id="oc-123">
         <name>.text:strtok</name>
         <load_address>0x9828</load_address>
         <run_address>0x9828</run_address>
         <size>0x40</size>
         <input_file_ref idref="fl-da"/>
      </object_component>
      <object_component id="oc-3fc">
         <name>.text:_fcpy</name>
         <load_address>0x9868</load_address>
         <run_address>0x9868</run_address>
         <size>0x3e</size>
         <input_file_ref idref="fl-dd"/>
      </object_component>
      <object_component id="oc-11a">
         <name>.text:sscanf</name>
         <load_address>0x98a8</load_address>
         <run_address>0x98a8</run_address>
         <size>0x38</size>
         <input_file_ref idref="fl-cf"/>
      </object_component>
      <object_component id="oc-5f">
         <name>.text:_c_int00_noargs:_c_int00_noargs</name>
         <load_address>0x98e0</load_address>
         <run_address>0x98e0</run_address>
         <size>0x34</size>
         <input_file_ref idref="fl-dc"/>
      </object_component>
      <object_component id="oc-21d">
         <name>.text:rand</name>
         <load_address>0x9914</load_address>
         <run_address>0x9914</run_address>
         <size>0x34</size>
         <input_file_ref idref="fl-d7"/>
      </object_component>
      <object_component id="oc-1e0">
         <name>.text:_outs</name>
         <load_address>0x9948</load_address>
         <run_address>0x9948</run_address>
         <size>0x30</size>
         <input_file_ref idref="fl-ce"/>
      </object_component>
      <object_component id="oc-3df">
         <name>.text</name>
         <load_address>0x9978</load_address>
         <run_address>0x9978</run_address>
         <size>0x2e</size>
         <input_file_ref idref="fl-e5"/>
      </object_component>
      <object_component id="oc-246">
         <name>.text:strspn</name>
         <load_address>0x99a6</load_address>
         <run_address>0x99a6</run_address>
         <size>0x2a</size>
         <input_file_ref idref="fl-f4"/>
      </object_component>
      <object_component id="oc-108">
         <name>.text:memcmp</name>
         <load_address>0x99d0</load_address>
         <run_address>0x99d0</run_address>
         <size>0x24</size>
         <input_file_ref idref="fl-d6"/>
      </object_component>
      <object_component id="oc-217">
         <name>.text:srand</name>
         <load_address>0x99f4</load_address>
         <run_address>0x99f4</run_address>
         <size>0x24</size>
         <input_file_ref idref="fl-d7"/>
      </object_component>
      <object_component id="oc-24c">
         <name>.text:strcspn</name>
         <load_address>0x9a18</load_address>
         <run_address>0x9a18</run_address>
         <size>0x24</size>
         <input_file_ref idref="fl-f2"/>
      </object_component>
      <object_component id="oc-148">
         <name>.text</name>
         <load_address>0x9a3c</load_address>
         <run_address>0x9a3c</run_address>
         <size>0x24</size>
         <input_file_ref idref="fl-14"/>
      </object_component>
      <object_component id="oc-4d">
         <name>.text:decompress:ZI:__TI_zero_init_nomemset:__TI_zero_init_nomemset</name>
         <load_address>0x9a60</load_address>
         <run_address>0x9a60</run_address>
         <size>0x1c</size>
         <input_file_ref idref="fl-d2"/>
      </object_component>
      <object_component id="oc-2e9">
         <name>.text:memccpy</name>
         <load_address>0x9a7c</load_address>
         <run_address>0x9a7c</run_address>
         <size>0x1c</size>
         <input_file_ref idref="fl-ef"/>
      </object_component>
      <object_component id="oc-47d">
         <name>.text:copysign</name>
         <load_address>0x9a98</load_address>
         <run_address>0x9a98</run_address>
         <size>0x1a</size>
         <input_file_ref idref="fl-100"/>
      </object_component>
      <object_component id="oc-1e6">
         <name>.text:_outc</name>
         <load_address>0x9ab2</load_address>
         <run_address>0x9ab2</run_address>
         <size>0x18</size>
         <input_file_ref idref="fl-ce"/>
      </object_component>
      <object_component id="oc-433">
         <name>.text</name>
         <load_address>0x9aca</load_address>
         <run_address>0x9aca</run_address>
         <size>0x18</size>
         <input_file_ref idref="fl-ff"/>
      </object_component>
      <object_component id="oc-129">
         <name>.text:strcmp</name>
         <load_address>0x9ae2</load_address>
         <run_address>0x9ae2</run_address>
         <size>0x18</size>
         <input_file_ref idref="fl-d8"/>
      </object_component>
      <object_component id="oc-351">
         <name>.text:strrchr</name>
         <load_address>0x9afa</load_address>
         <run_address>0x9afa</run_address>
         <size>0x18</size>
         <input_file_ref idref="fl-f3"/>
      </object_component>
      <object_component id="oc-357">
         <name>.text:strchr</name>
         <load_address>0x9b12</load_address>
         <run_address>0x9b12</run_address>
         <size>0x16</size>
         <input_file_ref idref="fl-f0"/>
      </object_component>
      <object_component id="oc-328">
         <name>.text:strcpy</name>
         <load_address>0x9b28</load_address>
         <run_address>0x9b28</run_address>
         <size>0x14</size>
         <input_file_ref idref="fl-f1"/>
      </object_component>
      <object_component id="oc-267">
         <name>.text:strlen</name>
         <load_address>0x9b3c</load_address>
         <run_address>0x9b3c</run_address>
         <size>0x14</size>
         <input_file_ref idref="fl-d9"/>
      </object_component>
      <object_component id="oc-232">
         <name>.text:_inpchar</name>
         <load_address>0x9b50</load_address>
         <run_address>0x9b50</run_address>
         <size>0x12</size>
         <input_file_ref idref="fl-cf"/>
      </object_component>
      <object_component id="oc-2ef">
         <name>.text:wcslen</name>
         <load_address>0x9b62</load_address>
         <run_address>0x9b62</run_address>
         <size>0x12</size>
         <input_file_ref idref="fl-fb"/>
      </object_component>
      <object_component id="oc-de">
         <name>.text</name>
         <load_address>0x9b74</load_address>
         <run_address>0x9b74</run_address>
         <size>0x10</size>
         <input_file_ref idref="fl-3"/>
      </object_component>
      <object_component id="oc-114">
         <name>.text:tolower</name>
         <load_address>0x9b84</load_address>
         <run_address>0x9b84</run_address>
         <size>0x10</size>
         <input_file_ref idref="fl-db"/>
      </object_component>
      <object_component id="oc-1b">
         <name>.text:decompress:none:__TI_decompress_none</name>
         <load_address>0x9b94</load_address>
         <run_address>0x9b94</run_address>
         <size>0xe</size>
         <input_file_ref idref="fl-d3"/>
      </object_component>
      <object_component id="oc-27">
         <name>.text</name>
         <load_address>0x9ba2</load_address>
         <run_address>0x9ba2</run_address>
         <size>0xc</size>
         <input_file_ref idref="fl-11"/>
      </object_component>
      <object_component id="oc-2f5">
         <name>.text:__aeabi_errno_addr</name>
         <load_address>0x9bb0</load_address>
         <run_address>0x9bb0</run_address>
         <size>0x8</size>
         <input_file_ref idref="fl-fa"/>
      </object_component>
      <object_component id="oc-238">
         <name>.text:_uninpchar</name>
         <load_address>0x9bb8</load_address>
         <run_address>0x9bb8</run_address>
         <size>0x8</size>
         <input_file_ref idref="fl-cf"/>
      </object_component>
      <object_component id="oc-ac">
         <name>.text:_system_pre_init</name>
         <load_address>0x9bc0</load_address>
         <run_address>0x9bc0</run_address>
         <size>0x4</size>
         <input_file_ref idref="fl-e8"/>
      </object_component>
      <object_component id="oc-16c">
         <name>.text:abort:abort</name>
         <load_address>0x9bc4</load_address>
         <run_address>0x9bc4</run_address>
         <size>0x4</size>
         <input_file_ref idref="fl-ea"/>
      </object_component>
      <object_component id="oc-227">
         <name>.const:.string:_ctypes_</name>
         <load_address>0x9bc8</load_address>
         <run_address>0x9bc8</run_address>
         <size>0x101</size>
         <input_file_ref idref="fl-d5"/>
      </object_component>
      <object_component id="oc-121">
         <name>.const:.string:michealUid$2</name>
         <load_address>0x9cc9</load_address>
         <run_address>0x9cc9</run_address>
         <size>0x7</size>
         <input_file_ref idref="fl-7"/>
      </object_component>
      <object_component id="oc-43c">
         <name>.const:$O1$$</name>
         <load_address>0x9cd0</load_address>
         <run_address>0x9cd0</run_address>
         <size>0xc8</size>
         <input_file_ref idref="fl-f5"/>
      </object_component>
      <object_component id="oc-35d">
         <name>.const:$O1$$</name>
         <load_address>0x9d98</load_address>
         <run_address>0x9d98</run_address>
         <size>0x10</size>
         <input_file_ref idref="fl-de"/>
      </object_component>
      <object_component id="oc-122">
         <name>.const:.string:subhaanUid$3</name>
         <load_address>0x9da8</load_address>
         <run_address>0x9da8</run_address>
         <size>0x7</size>
         <input_file_ref idref="fl-7"/>
      </object_component>
      <object_component id="oc-272">
         <name>.const:.string:ackFrame</name>
         <load_address>0x9daf</load_address>
         <run_address>0x9daf</run_address>
         <size>0x6</size>
         <input_file_ref idref="fl-c"/>
      </object_component>
      <object_component id="oc-278">
         <name>.const:.string:$P$T1$2</name>
         <load_address>0x9db5</load_address>
         <run_address>0x9db5</run_address>
         <size>0x4</size>
         <input_file_ref idref="fl-c"/>
      </object_component>
      <object_component id="oc-120">
         <name>.const:.string:oscarUid$1</name>
         <load_address>0x9db9</load_address>
         <run_address>0x9db9</run_address>
         <size>0x4</size>
         <input_file_ref idref="fl-7"/>
      </object_component>
      <object_component id="oc-27e">
         <name>.const:.string:$P$T2$3</name>
         <load_address>0x9dbd</load_address>
         <run_address>0x9dbd</run_address>
         <size>0x3</size>
         <input_file_ref idref="fl-c"/>
      </object_component>
      <object_component id="oc-275">
         <name>.const:.string:$P$T0$1</name>
         <load_address>0x9dc0</load_address>
         <run_address>0x9dc0</run_address>
         <size>0x1</size>
         <input_file_ref idref="fl-c"/>
      </object_component>
      <object_component id="oc-4e2">
         <name>.cinit..data.load</name>
         <load_address>0x9dc8</load_address>
         <run_address>0x9dc8</run_address>
         <size>0x1e</size>
      </object_component>
      <object_component id="oc-4e0">
         <name>__TI_handler_table</name>
         <load_address>0x9de8</load_address>
         <run_address>0x9de8</run_address>
         <size>0xc</size>
      </object_component>
      <object_component id="oc-4e3">
         <name>.cinit..bss.load</name>
         <load_address>0x9df8</load_address>
         <run_address>0x9df8</run_address>
         <size>0x8</size>
      </object_component>
      <object_component id="oc-4e1">
         <name>__TI_cinit_table</name>
         <load_address>0x9e00</load_address>
         <run_address>0x9e00</run_address>
         <size>0x10</size>
      </object_component>
      <object_component id="oc-211">
         <name>.data</name>
         <load_address>0x2000120c</load_address>
         <run_address>0x2000120c</run_address>
         <size>0x17</size>
         <input_file_ref idref="fl-4"/>
      </object_component>
      <object_component id="oc-1d0">
         <name>.data</name>
         <load_address>0x20001264</load_address>
         <run_address>0x20001264</run_address>
         <size>0x3</size>
         <input_file_ref idref="fl-6"/>
      </object_component>
      <object_component id="oc-1d3">
         <name>.data:hwAddress</name>
         <load_address>0x20001238</load_address>
         <run_address>0x20001238</run_address>
         <size>0x6</size>
         <input_file_ref idref="fl-6"/>
      </object_component>
      <object_component id="oc-12f">
         <name>.data</name>
         <load_address>0x20001223</load_address>
         <run_address>0x20001223</run_address>
         <size>0x1</size>
         <input_file_ref idref="fl-7"/>
      </object_component>
      <object_component id="oc-1fd">
         <name>.data:ipAddress</name>
         <load_address>0x2000123e</load_address>
         <run_address>0x2000123e</run_address>
         <size>0x4</size>
         <input_file_ref idref="fl-a"/>
      </object_component>
      <object_component id="oc-200">
         <name>.data:ipSubnetMask</name>
         <load_address>0x2000124e</load_address>
         <run_address>0x2000124e</run_address>
         <size>0x4</size>
         <input_file_ref idref="fl-a"/>
      </object_component>
      <object_component id="oc-203">
         <name>.data:ipGwAddress</name>
         <load_address>0x20001246</load_address>
         <run_address>0x20001246</run_address>
         <size>0x4</size>
         <input_file_ref idref="fl-a"/>
      </object_component>
      <object_component id="oc-206">
         <name>.data:ipDnsAddress</name>
         <load_address>0x20001242</load_address>
         <run_address>0x20001242</run_address>
         <size>0x4</size>
         <input_file_ref idref="fl-a"/>
      </object_component>
      <object_component id="oc-209">
         <name>.data:ipTimeServerAddress</name>
         <load_address>0x20001252</load_address>
         <run_address>0x20001252</run_address>
         <size>0x4</size>
         <input_file_ref idref="fl-a"/>
      </object_component>
      <object_component id="oc-20c">
         <name>.data:ipMqttBrokerAddress</name>
         <load_address>0x2000124a</load_address>
         <run_address>0x2000124a</run_address>
         <size>0x4</size>
         <input_file_ref idref="fl-a"/>
      </object_component>
      <object_component id="oc-26d">
         <name>.data</name>
         <load_address>0x20001224</load_address>
         <run_address>0x20001224</run_address>
         <size>0xa</size>
         <input_file_ref idref="fl-b"/>
      </object_component>
      <object_component id="oc-27b">
         <name>.data</name>
         <load_address>0x2000122e</load_address>
         <run_address>0x2000122e</run_address>
         <size>0x1</size>
         <input_file_ref idref="fl-c"/>
      </object_component>
      <object_component id="oc-28b">
         <name>.data</name>
         <load_address>0x2000122f</load_address>
         <run_address>0x2000122f</run_address>
         <size>0x1</size>
         <input_file_ref idref="fl-f"/>
      </object_component>
      <object_component id="oc-31b">
         <name>.data</name>
         <load_address>0x2000125c</load_address>
         <run_address>0x2000125c</run_address>
         <size>0x4</size>
         <input_file_ref idref="fl-d7"/>
      </object_component>
      <object_component id="oc-252">
         <name>.data</name>
         <load_address>0x20001260</load_address>
         <run_address>0x20001260</run_address>
         <size>0x4</size>
         <input_file_ref idref="fl-da"/>
      </object_component>
      <object_component id="oc-299">
         <name>.data:$O1$$</name>
         <load_address>0x20001230</load_address>
         <run_address>0x20001230</run_address>
         <size>0x8</size>
         <input_file_ref idref="fl-eb"/>
      </object_component>
      <object_component id="oc-41a">
         <name>.data</name>
         <load_address>0x20001258</load_address>
         <run_address>0x20001258</run_address>
         <size>0x4</size>
         <input_file_ref idref="fl-fa"/>
      </object_component>
      <object_component id="oc-216">
         <name>.common:gatewayIp</name>
         <uninitialized>true</uninitialized>
         <run_address>0x20001200</run_address>
         <size>0x4</size>
      </object_component>
      <object_component id="oc-215">
         <name>.common:dhcpOfferedIpAdd</name>
         <uninitialized>true</uninitialized>
         <run_address>0x200011f8</run_address>
         <size>0x4</size>
      </object_component>
      <object_component id="oc-214">
         <name>.common:dhcpServerIpAdd</name>
         <uninitialized>true</uninitialized>
         <run_address>0x200011fc</run_address>
         <size>0x4</size>
      </object_component>
      <object_component id="oc-132">
         <name>.common:strInput</name>
         <uninitialized>true</uninitialized>
         <run_address>0x20001118</run_address>
         <size>0x54</size>
      </object_component>
      <object_component id="oc-13b">
         <name>.common:token</name>
         <uninitialized>true</uninitialized>
         <run_address>0x20001208</run_address>
         <size>0x4</size>
      </object_component>
      <object_component id="oc-283">
         <name>.common:sockets</name>
         <uninitialized>true</uninitialized>
         <run_address>0x20001000</run_address>
         <size>0x118</size>
      </object_component>
      <object_component id="oc-288">
         <name>.common:tcpPorts</name>
         <uninitialized>true</uninitialized>
         <run_address>0x200011f0</run_address>
         <size>0x8</size>
      </object_component>
      <object_component id="oc-28e">
         <name>.common:tcpState</name>
         <uninitialized>true</uninitialized>
         <run_address>0x20001204</run_address>
         <size>0x4</size>
      </object_component>
      <object_component id="oc-78">
         <name>.common:fn</name>
         <uninitialized>true</uninitialized>
         <run_address>0x2000116c</run_address>
         <size>0x28</size>
      </object_component>
      <object_component id="oc-74">
         <name>.common:period</name>
         <uninitialized>true</uninitialized>
         <run_address>0x20001194</run_address>
         <size>0x28</size>
      </object_component>
      <object_component id="oc-77">
         <name>.common:ticks</name>
         <uninitialized>true</uninitialized>
         <run_address>0x200011bc</run_address>
         <size>0x28</size>
      </object_component>
      <object_component id="oc-79">
         <name>.common:reload</name>
         <uninitialized>true</uninitialized>
         <run_address>0x200011e4</run_address>
         <size>0xc</size>
      </object_component>
      <object_component id="oc-24">
         <name>.stack</name>
         <uninitialized>true</uninitialized>
         <run_address>0x20000000</run_address>
         <size>0x4</size>
         <input_file_ref idref="fl-dc"/>
      </object_component>
      <object_component id="oc-4e5">
         <name>.stack</name>
         <uninitialized>true</uninitialized>
         <run_address>0x20000000</run_address>
         <size>0x0</size>
      </object_component>
      <object_component id="oc-cd">
         <name>.debug_info</name>
         <load_address>0x0</load_address>
         <run_address>0x0</run_address>
         <size>0x351</size>
         <input_file_ref idref="fl-2"/>
      </object_component>
      <object_component id="oc-155">
         <name>.debug_info</name>
         <load_address>0x351</load_address>
         <run_address>0x351</run_address>
         <size>0x4b5</size>
         <input_file_ref idref="fl-2"/>
      </object_component>
      <object_component id="oc-8c">
         <name>.debug_info</name>
         <load_address>0x806</load_address>
         <run_address>0x806</run_address>
         <size>0x26b</size>
         <input_file_ref idref="fl-2"/>
      </object_component>
      <object_component id="oc-80">
         <name>.debug_info</name>
         <load_address>0xa71</load_address>
         <run_address>0xa71</run_address>
         <size>0x8b</size>
         <input_file_ref idref="fl-2"/>
      </object_component>
      <object_component id="oc-c6">
         <name>.debug_info</name>
         <load_address>0xafc</load_address>
         <run_address>0xafc</run_address>
         <size>0x2a4</size>
         <input_file_ref idref="fl-2"/>
      </object_component>
      <object_component id="oc-7b">
         <name>.debug_info</name>
         <load_address>0xda0</load_address>
         <run_address>0xda0</run_address>
         <size>0xbb</size>
         <input_file_ref idref="fl-2"/>
      </object_component>
      <object_component id="oc-262">
         <name>.debug_info</name>
         <load_address>0xe5b</load_address>
         <run_address>0xe5b</run_address>
         <size>0xcc</size>
         <input_file_ref idref="fl-2"/>
      </object_component>
      <object_component id="oc-1f8">
         <name>.debug_info</name>
         <load_address>0xf27</load_address>
         <run_address>0xf27</run_address>
         <size>0x2c</size>
         <input_file_ref idref="fl-2"/>
      </object_component>
      <object_component id="oc-1ac">
         <name>.debug_info</name>
         <load_address>0xf53</load_address>
         <run_address>0xf53</run_address>
         <size>0xee</size>
         <input_file_ref idref="fl-2"/>
      </object_component>
      <object_component id="oc-1b1">
         <name>.debug_info</name>
         <load_address>0x1041</load_address>
         <run_address>0x1041</run_address>
         <size>0xe1</size>
         <input_file_ref idref="fl-2"/>
      </object_component>
      <object_component id="oc-1b6">
         <name>.debug_info</name>
         <load_address>0x1122</load_address>
         <run_address>0x1122</run_address>
         <size>0x12e</size>
         <input_file_ref idref="fl-2"/>
      </object_component>
      <object_component id="oc-e2">
         <name>.debug_info</name>
         <load_address>0x1250</load_address>
         <run_address>0x1250</run_address>
         <size>0x119</size>
         <input_file_ref idref="fl-3"/>
      </object_component>
      <object_component id="oc-3c">
         <name>.debug_info</name>
         <load_address>0x1369</load_address>
         <run_address>0x1369</run_address>
         <size>0x84</size>
         <input_file_ref idref="fl-3"/>
      </object_component>
      <object_component id="oc-cb">
         <name>.debug_info</name>
         <load_address>0x13ed</load_address>
         <run_address>0x13ed</run_address>
         <size>0x5f6</size>
         <input_file_ref idref="fl-4"/>
      </object_component>
      <object_component id="oc-212">
         <name>.debug_info</name>
         <load_address>0x19e3</load_address>
         <run_address>0x19e3</run_address>
         <size>0x262</size>
         <input_file_ref idref="fl-4"/>
      </object_component>
      <object_component id="oc-103">
         <name>.debug_info</name>
         <load_address>0x1c45</load_address>
         <run_address>0x1c45</run_address>
         <size>0x1add</size>
         <input_file_ref idref="fl-4"/>
      </object_component>
      <object_component id="oc-85">
         <name>.debug_info</name>
         <load_address>0x3722</load_address>
         <run_address>0x3722</run_address>
         <size>0x2c</size>
         <input_file_ref idref="fl-4"/>
      </object_component>
      <object_component id="oc-167">
         <name>.debug_info</name>
         <load_address>0x374e</load_address>
         <run_address>0x374e</run_address>
         <size>0xc6</size>
         <input_file_ref idref="fl-4"/>
      </object_component>
      <object_component id="oc-1bb">
         <name>.debug_info</name>
         <load_address>0x3814</load_address>
         <run_address>0x3814</run_address>
         <size>0x9e</size>
         <input_file_ref idref="fl-4"/>
      </object_component>
      <object_component id="oc-10f">
         <name>.debug_info</name>
         <load_address>0x38b2</load_address>
         <run_address>0x38b2</run_address>
         <size>0x201</size>
         <input_file_ref idref="fl-5"/>
      </object_component>
      <object_component id="oc-1d7">
         <name>.debug_info</name>
         <load_address>0x3ab3</load_address>
         <run_address>0x3ab3</run_address>
         <size>0x463</size>
         <input_file_ref idref="fl-6"/>
      </object_component>
      <object_component id="oc-1d1">
         <name>.debug_info</name>
         <load_address>0x3f16</load_address>
         <run_address>0x3f16</run_address>
         <size>0x12a</size>
         <input_file_ref idref="fl-6"/>
      </object_component>
      <object_component id="oc-1d4">
         <name>.debug_info</name>
         <load_address>0x4040</load_address>
         <run_address>0x4040</run_address>
         <size>0xd2</size>
         <input_file_ref idref="fl-6"/>
      </object_component>
      <object_component id="oc-eb">
         <name>.debug_info</name>
         <load_address>0x4112</load_address>
         <run_address>0x4112</run_address>
         <size>0x1883</size>
         <input_file_ref idref="fl-6"/>
      </object_component>
      <object_component id="oc-1c4">
         <name>.debug_info</name>
         <load_address>0x5995</load_address>
         <run_address>0x5995</run_address>
         <size>0x88</size>
         <input_file_ref idref="fl-6"/>
      </object_component>
      <object_component id="oc-133">
         <name>.debug_info</name>
         <load_address>0x5a1d</load_address>
         <run_address>0x5a1d</run_address>
         <size>0x11f1</size>
         <input_file_ref idref="fl-7"/>
      </object_component>
      <object_component id="oc-130">
         <name>.debug_info</name>
         <load_address>0x6c0e</load_address>
         <run_address>0x6c0e</run_address>
         <size>0xcf</size>
         <input_file_ref idref="fl-7"/>
      </object_component>
      <object_component id="oc-b3">
         <name>.debug_info</name>
         <load_address>0x6cdd</load_address>
         <run_address>0x6cdd</run_address>
         <size>0x1b11</size>
         <input_file_ref idref="fl-7"/>
      </object_component>
      <object_component id="oc-394">
         <name>.debug_info</name>
         <load_address>0x87ee</load_address>
         <run_address>0x87ee</run_address>
         <size>0xb2</size>
         <input_file_ref idref="fl-7"/>
      </object_component>
      <object_component id="oc-389">
         <name>.debug_info</name>
         <load_address>0x88a0</load_address>
         <run_address>0x88a0</run_address>
         <size>0xee</size>
         <input_file_ref idref="fl-7"/>
      </object_component>
      <object_component id="oc-25d">
         <name>.debug_info</name>
         <load_address>0x898e</load_address>
         <run_address>0x898e</run_address>
         <size>0x35</size>
         <input_file_ref idref="fl-7"/>
      </object_component>
      <object_component id="oc-1c9">
         <name>.debug_info</name>
         <load_address>0x89c3</load_address>
         <run_address>0x89c3</run_address>
         <size>0x266</size>
         <input_file_ref idref="fl-8"/>
      </object_component>
      <object_component id="oc-e5">
         <name>.debug_info</name>
         <load_address>0x8c29</load_address>
         <run_address>0x8c29</run_address>
         <size>0x10e6</size>
         <input_file_ref idref="fl-8"/>
      </object_component>
      <object_component id="oc-292">
         <name>.debug_info</name>
         <load_address>0x9d0f</load_address>
         <run_address>0x9d0f</run_address>
         <size>0x35e</size>
         <input_file_ref idref="fl-9"/>
      </object_component>
      <object_component id="oc-15c">
         <name>.debug_info</name>
         <load_address>0xa06d</load_address>
         <run_address>0xa06d</run_address>
         <size>0x36e</size>
         <input_file_ref idref="fl-9"/>
      </object_component>
      <object_component id="oc-210">
         <name>.debug_info</name>
         <load_address>0xa3db</load_address>
         <run_address>0xa3db</run_address>
         <size>0x2ca</size>
         <input_file_ref idref="fl-a"/>
      </object_component>
      <object_component id="oc-1fe">
         <name>.debug_info</name>
         <load_address>0xa6a5</load_address>
         <run_address>0xa6a5</run_address>
         <size>0xd0</size>
         <input_file_ref idref="fl-a"/>
      </object_component>
      <object_component id="oc-201">
         <name>.debug_info</name>
         <load_address>0xa775</load_address>
         <run_address>0xa775</run_address>
         <size>0xd6</size>
         <input_file_ref idref="fl-a"/>
      </object_component>
      <object_component id="oc-204">
         <name>.debug_info</name>
         <load_address>0xa84b</load_address>
         <run_address>0xa84b</run_address>
         <size>0xd4</size>
         <input_file_ref idref="fl-a"/>
      </object_component>
      <object_component id="oc-207">
         <name>.debug_info</name>
         <load_address>0xa91f</load_address>
         <run_address>0xa91f</run_address>
         <size>0xd6</size>
         <input_file_ref idref="fl-a"/>
      </object_component>
      <object_component id="oc-20a">
         <name>.debug_info</name>
         <load_address>0xa9f5</load_address>
         <run_address>0xa9f5</run_address>
         <size>0xe4</size>
         <input_file_ref idref="fl-a"/>
      </object_component>
      <object_component id="oc-20d">
         <name>.debug_info</name>
         <load_address>0xaad9</load_address>
         <run_address>0xaad9</run_address>
         <size>0xe4</size>
         <input_file_ref idref="fl-a"/>
      </object_component>
      <object_component id="oc-100">
         <name>.debug_info</name>
         <load_address>0xabbd</load_address>
         <run_address>0xabbd</run_address>
         <size>0xa88</size>
         <input_file_ref idref="fl-a"/>
      </object_component>
      <object_component id="oc-271">
         <name>.debug_info</name>
         <load_address>0xb645</load_address>
         <run_address>0xb645</run_address>
         <size>0x5dd</size>
         <input_file_ref idref="fl-b"/>
      </object_component>
      <object_component id="oc-26e">
         <name>.debug_info</name>
         <load_address>0xbc22</load_address>
         <run_address>0xbc22</run_address>
         <size>0x1df</size>
         <input_file_ref idref="fl-b"/>
      </object_component>
      <object_component id="oc-137">
         <name>.debug_info</name>
         <load_address>0xbe01</load_address>
         <run_address>0xbe01</run_address>
         <size>0x121b</size>
         <input_file_ref idref="fl-b"/>
      </object_component>
      <object_component id="oc-282">
         <name>.debug_info</name>
         <load_address>0xd01c</load_address>
         <run_address>0xd01c</run_address>
         <size>0x436</size>
         <input_file_ref idref="fl-c"/>
      </object_component>
      <object_component id="oc-27c">
         <name>.debug_info</name>
         <load_address>0xd452</load_address>
         <run_address>0xd452</run_address>
         <size>0xce</size>
         <input_file_ref idref="fl-c"/>
      </object_component>
      <object_component id="oc-273">
         <name>.debug_info</name>
         <load_address>0xd520</load_address>
         <run_address>0xd520</run_address>
         <size>0xce</size>
         <input_file_ref idref="fl-c"/>
      </object_component>
      <object_component id="oc-276">
         <name>.debug_info</name>
         <load_address>0xd5ee</load_address>
         <run_address>0xd5ee</run_address>
         <size>0xcd</size>
         <input_file_ref idref="fl-c"/>
      </object_component>
      <object_component id="oc-279">
         <name>.debug_info</name>
         <load_address>0xd6bb</load_address>
         <run_address>0xd6bb</run_address>
         <size>0xcd</size>
         <input_file_ref idref="fl-c"/>
      </object_component>
      <object_component id="oc-27f">
         <name>.debug_info</name>
         <load_address>0xd788</load_address>
         <run_address>0xd788</run_address>
         <size>0xcd</size>
         <input_file_ref idref="fl-c"/>
      </object_component>
      <object_component id="oc-13e">
         <name>.debug_info</name>
         <load_address>0xd855</load_address>
         <run_address>0xd855</run_address>
         <size>0xb61</size>
         <input_file_ref idref="fl-c"/>
      </object_component>
      <object_component id="oc-d5">
         <name>.debug_info</name>
         <load_address>0xe3b6</load_address>
         <run_address>0xe3b6</run_address>
         <size>0x2c</size>
         <input_file_ref idref="fl-c"/>
      </object_component>
      <object_component id="oc-284">
         <name>.debug_info</name>
         <load_address>0xe3e2</load_address>
         <run_address>0xe3e2</run_address>
         <size>0x2fd</size>
         <input_file_ref idref="fl-d"/>
      </object_component>
      <object_component id="oc-144">
         <name>.debug_info</name>
         <load_address>0xe6df</load_address>
         <run_address>0xe6df</run_address>
         <size>0x512</size>
         <input_file_ref idref="fl-d"/>
      </object_component>
      <object_component id="oc-1cb">
         <name>.debug_info</name>
         <load_address>0xebf1</load_address>
         <run_address>0xebf1</run_address>
         <size>0x453</size>
         <input_file_ref idref="fl-e"/>
      </object_component>
      <object_component id="oc-289">
         <name>.debug_info</name>
         <load_address>0xf044</load_address>
         <run_address>0xf044</run_address>
         <size>0x708</size>
         <input_file_ref idref="fl-f"/>
      </object_component>
      <object_component id="oc-28c">
         <name>.debug_info</name>
         <load_address>0xf74c</load_address>
         <run_address>0xf74c</run_address>
         <size>0xd7</size>
         <input_file_ref idref="fl-f"/>
      </object_component>
      <object_component id="oc-150">
         <name>.debug_info</name>
         <load_address>0xf823</load_address>
         <run_address>0xf823</run_address>
         <size>0x1c23</size>
         <input_file_ref idref="fl-f"/>
      </object_component>
      <object_component id="oc-75">
         <name>.debug_info</name>
         <load_address>0x11446</load_address>
         <run_address>0x11446</run_address>
         <size>0x326</size>
         <input_file_ref idref="fl-10"/>
      </object_component>
      <object_component id="oc-2e">
         <name>.debug_info</name>
         <load_address>0x1176c</load_address>
         <run_address>0x1176c</run_address>
         <size>0x4a8</size>
         <input_file_ref idref="fl-10"/>
      </object_component>
      <object_component id="oc-35">
         <name>.debug_info</name>
         <load_address>0x11c14</load_address>
         <run_address>0x11c14</run_address>
         <size>0x2c3</size>
         <input_file_ref idref="fl-11"/>
      </object_component>
      <object_component id="oc-13">
         <name>.debug_info</name>
         <load_address>0x11ed7</load_address>
         <run_address>0x11ed7</run_address>
         <size>0xec</size>
         <input_file_ref idref="fl-11"/>
      </object_component>
      <object_component id="oc-2a">
         <name>.debug_info</name>
         <load_address>0x11fc3</load_address>
         <run_address>0x11fc3</run_address>
         <size>0x268</size>
         <input_file_ref idref="fl-11"/>
      </object_component>
      <object_component id="oc-1d9">
         <name>.debug_info</name>
         <load_address>0x1222b</load_address>
         <run_address>0x1222b</run_address>
         <size>0x34c</size>
         <input_file_ref idref="fl-12"/>
      </object_component>
      <object_component id="oc-f2">
         <name>.debug_info</name>
         <load_address>0x12577</load_address>
         <run_address>0x12577</run_address>
         <size>0x3c5</size>
         <input_file_ref idref="fl-12"/>
      </object_component>
      <object_component id="oc-294">
         <name>.debug_info</name>
         <load_address>0x1293c</load_address>
         <run_address>0x1293c</run_address>
         <size>0x3eb</size>
         <input_file_ref idref="fl-13"/>
      </object_component>
      <object_component id="oc-163">
         <name>.debug_info</name>
         <load_address>0x12d27</load_address>
         <run_address>0x12d27</run_address>
         <size>0x522</size>
         <input_file_ref idref="fl-13"/>
      </object_component>
      <object_component id="oc-149">
         <name>.debug_info</name>
         <load_address>0x13249</load_address>
         <run_address>0x13249</run_address>
         <size>0x123</size>
         <input_file_ref idref="fl-14"/>
      </object_component>
      <object_component id="oc-1ed">
         <name>.debug_info</name>
         <load_address>0x1336c</load_address>
         <run_address>0x1336c</run_address>
         <size>0x33a</size>
         <input_file_ref idref="fl-ce"/>
      </object_component>
      <object_component id="oc-fa">
         <name>.debug_info</name>
         <load_address>0x136a6</load_address>
         <run_address>0x136a6</run_address>
         <size>0x1ee</size>
         <input_file_ref idref="fl-ce"/>
      </object_component>
      <object_component id="oc-1e2">
         <name>.debug_info</name>
         <load_address>0x13894</load_address>
         <run_address>0x13894</run_address>
         <size>0x1c3</size>
         <input_file_ref idref="fl-ce"/>
      </object_component>
      <object_component id="oc-1ea">
         <name>.debug_info</name>
         <load_address>0x13a57</load_address>
         <run_address>0x13a57</run_address>
         <size>0x176</size>
         <input_file_ref idref="fl-ce"/>
      </object_component>
      <object_component id="oc-1ee">
         <name>.debug_info</name>
         <load_address>0x13bcd</load_address>
         <run_address>0x13bcd</run_address>
         <size>0x2c</size>
         <input_file_ref idref="fl-ce"/>
      </object_component>
      <object_component id="oc-1f3">
         <name>.debug_info</name>
         <load_address>0x13bf9</load_address>
         <run_address>0x13bf9</run_address>
         <size>0x69</size>
         <input_file_ref idref="fl-ce"/>
      </object_component>
      <object_component id="oc-245">
         <name>.debug_info</name>
         <load_address>0x13c62</load_address>
         <run_address>0x13c62</run_address>
         <size>0x37a</size>
         <input_file_ref idref="fl-cf"/>
      </object_component>
      <object_component id="oc-11b">
         <name>.debug_info</name>
         <load_address>0x13fdc</load_address>
         <run_address>0x13fdc</run_address>
         <size>0x17e</size>
         <input_file_ref idref="fl-cf"/>
      </object_component>
      <object_component id="oc-239">
         <name>.debug_info</name>
         <load_address>0x1415a</load_address>
         <run_address>0x1415a</run_address>
         <size>0x171</size>
         <input_file_ref idref="fl-cf"/>
      </object_component>
      <object_component id="oc-233">
         <name>.debug_info</name>
         <load_address>0x142cb</load_address>
         <run_address>0x142cb</run_address>
         <size>0x17e</size>
         <input_file_ref idref="fl-cf"/>
      </object_component>
      <object_component id="oc-23f">
         <name>.debug_info</name>
         <load_address>0x14449</load_address>
         <run_address>0x14449</run_address>
         <size>0x1de</size>
         <input_file_ref idref="fl-cf"/>
      </object_component>
      <object_component id="oc-42">
         <name>.debug_info</name>
         <load_address>0x14627</load_address>
         <run_address>0x14627</run_address>
         <size>0x119</size>
         <input_file_ref idref="fl-d0"/>
      </object_component>
      <object_component id="oc-a9">
         <name>.debug_info</name>
         <load_address>0x14740</load_address>
         <run_address>0x14740</run_address>
         <size>0x147</size>
         <input_file_ref idref="fl-d1"/>
      </object_component>
      <object_component id="oc-a5">
         <name>.debug_info</name>
         <load_address>0x14887</load_address>
         <run_address>0x14887</run_address>
         <size>0x2d4</size>
         <input_file_ref idref="fl-d2"/>
      </object_component>
      <object_component id="oc-4e">
         <name>.debug_info</name>
         <load_address>0x14b5b</load_address>
         <run_address>0x14b5b</run_address>
         <size>0x1d2</size>
         <input_file_ref idref="fl-d2"/>
      </object_component>
      <object_component id="oc-a0">
         <name>.debug_info</name>
         <load_address>0x14d2d</load_address>
         <run_address>0x14d2d</run_address>
         <size>0x46</size>
         <input_file_ref idref="fl-d2"/>
      </object_component>
      <object_component id="oc-4c">
         <name>.debug_info</name>
         <load_address>0x14d73</load_address>
         <run_address>0x14d73</run_address>
         <size>0x2a8</size>
         <input_file_ref idref="fl-d3"/>
      </object_component>
      <object_component id="oc-1c">
         <name>.debug_info</name>
         <load_address>0x1501b</load_address>
         <run_address>0x1501b</run_address>
         <size>0x1ea</size>
         <input_file_ref idref="fl-d3"/>
      </object_component>
      <object_component id="oc-47">
         <name>.debug_info</name>
         <load_address>0x15205</load_address>
         <run_address>0x15205</run_address>
         <size>0x46</size>
         <input_file_ref idref="fl-d3"/>
      </object_component>
      <object_component id="oc-98">
         <name>.debug_info</name>
         <load_address>0x1524b</load_address>
         <run_address>0x1524b</run_address>
         <size>0x2c</size>
         <input_file_ref idref="fl-d3"/>
      </object_component>
      <object_component id="oc-96">
         <name>.debug_info</name>
         <load_address>0x15277</load_address>
         <run_address>0x15277</run_address>
         <size>0x29e</size>
         <input_file_ref idref="fl-d4"/>
      </object_component>
      <object_component id="oc-16">
         <name>.debug_info</name>
         <load_address>0x15515</load_address>
         <run_address>0x15515</run_address>
         <size>0x250</size>
         <input_file_ref idref="fl-d4"/>
      </object_component>
      <object_component id="oc-37">
         <name>.debug_info</name>
         <load_address>0x15765</load_address>
         <run_address>0x15765</run_address>
         <size>0x60</size>
         <input_file_ref idref="fl-d4"/>
      </object_component>
      <object_component id="oc-ce">
         <name>.debug_info</name>
         <load_address>0x157c5</load_address>
         <run_address>0x157c5</run_address>
         <size>0x46</size>
         <input_file_ref idref="fl-d4"/>
      </object_component>
      <object_component id="oc-91">
         <name>.debug_info</name>
         <load_address>0x1580b</load_address>
         <run_address>0x1580b</run_address>
         <size>0x39</size>
         <input_file_ref idref="fl-d4"/>
      </object_component>
      <object_component id="oc-325">
         <name>.debug_info</name>
         <load_address>0x15844</load_address>
         <run_address>0x15844</run_address>
         <size>0xf9</size>
         <input_file_ref idref="fl-d5"/>
      </object_component>
      <object_component id="oc-228">
         <name>.debug_info</name>
         <load_address>0x1593d</load_address>
         <run_address>0x1593d</run_address>
         <size>0x105</size>
         <input_file_ref idref="fl-d5"/>
      </object_component>
      <object_component id="oc-225">
         <name>.debug_info</name>
         <load_address>0x15a42</load_address>
         <run_address>0x15a42</run_address>
         <size>0x29a</size>
         <input_file_ref idref="fl-d6"/>
      </object_component>
      <object_component id="oc-10b">
         <name>.debug_info</name>
         <load_address>0x15cdc</load_address>
         <run_address>0x15cdc</run_address>
         <size>0x292</size>
         <input_file_ref idref="fl-d6"/>
      </object_component>
      <object_component id="oc-31f">
         <name>.debug_info</name>
         <load_address>0x15f6e</load_address>
         <run_address>0x15f6e</run_address>
         <size>0x2ba</size>
         <input_file_ref idref="fl-d7"/>
      </object_component>
      <object_component id="oc-31c">
         <name>.debug_info</name>
         <load_address>0x16228</load_address>
         <run_address>0x16228</run_address>
         <size>0xfb</size>
         <input_file_ref idref="fl-d7"/>
      </object_component>
      <object_component id="oc-218">
         <name>.debug_info</name>
         <load_address>0x16323</load_address>
         <run_address>0x16323</run_address>
         <size>0x15d</size>
         <input_file_ref idref="fl-d7"/>
      </object_component>
      <object_component id="oc-21e">
         <name>.debug_info</name>
         <load_address>0x16480</load_address>
         <run_address>0x16480</run_address>
         <size>0x13d</size>
         <input_file_ref idref="fl-d7"/>
      </object_component>
      <object_component id="oc-258">
         <name>.debug_info</name>
         <load_address>0x165bd</load_address>
         <run_address>0x165bd</run_address>
         <size>0x28a</size>
         <input_file_ref idref="fl-d8"/>
      </object_component>
      <object_component id="oc-12a">
         <name>.debug_info</name>
         <load_address>0x16847</load_address>
         <run_address>0x16847</run_address>
         <size>0x273</size>
         <input_file_ref idref="fl-d8"/>
      </object_component>
      <object_component id="oc-376">
         <name>.debug_info</name>
         <load_address>0x16aba</load_address>
         <run_address>0x16aba</run_address>
         <size>0x28f</size>
         <input_file_ref idref="fl-d9"/>
      </object_component>
      <object_component id="oc-26a">
         <name>.debug_info</name>
         <load_address>0x16d49</load_address>
         <run_address>0x16d49</run_address>
         <size>0x245</size>
         <input_file_ref idref="fl-d9"/>
      </object_component>
      <object_component id="oc-256">
         <name>.debug_info</name>
         <load_address>0x16f8e</load_address>
         <run_address>0x16f8e</run_address>
         <size>0x2fe</size>
         <input_file_ref idref="fl-da"/>
      </object_component>
      <object_component id="oc-253">
         <name>.debug_info</name>
         <load_address>0x1728c</load_address>
         <run_address>0x1728c</run_address>
         <size>0x105</size>
         <input_file_ref idref="fl-da"/>
      </object_component>
      <object_component id="oc-126">
         <name>.debug_info</name>
         <load_address>0x17391</load_address>
         <run_address>0x17391</run_address>
         <size>0x1ab</size>
         <input_file_ref idref="fl-da"/>
      </object_component>
      <object_component id="oc-22b">
         <name>.debug_info</name>
         <load_address>0x1753c</load_address>
         <run_address>0x1753c</run_address>
         <size>0x2b6</size>
         <input_file_ref idref="fl-db"/>
      </object_component>
      <object_component id="oc-115">
         <name>.debug_info</name>
         <load_address>0x177f2</load_address>
         <run_address>0x177f2</run_address>
         <size>0x154</size>
         <input_file_ref idref="fl-db"/>
      </object_component>
      <object_component id="oc-25">
         <name>.debug_info</name>
         <load_address>0x17946</load_address>
         <run_address>0x17946</run_address>
         <size>0x10b</size>
         <input_file_ref idref="fl-dc"/>
      </object_component>
      <object_component id="oc-60">
         <name>.debug_info</name>
         <load_address>0x17a51</load_address>
         <run_address>0x17a51</run_address>
         <size>0x1a9</size>
[...]
         <object_component_ref idref="oc-142"/>
      </symbol>
      <symbol id="sm-614">
         <name>deleteSocket</name>
         <value>0x75fb</value>
         <object_component_ref idref="oc-142"/>
      </symbol>
      <symbol id="sm-615">
         <name>getSocketInfoFromTcpPacket</name>
         <value>0x7785</value>
         <object_component_ref idref="oc-142"/>
      </symbol>
      <symbol id="sm-616">
         <name>getSocketInfoFromUdpPacket</name>
         <value>0x76db</value>
         <object_component_ref idref="oc-142"/>
      </symbol>
      <symbol id="sm-632">
         <name>setSpi0Mode</name>
         <value>0x8513</value>
         <object_component_ref idref="oc-1ca"/>
      </symbol>
      <symbol id="sm-633">
         <name>readSpi0Data</name>
         <value>0x8579</value>
         <object_component_ref idref="oc-1ca"/>
      </symbol>
      <symbol id="sm-634">
         <name>writeSpi0Data</name>
         <value>0x8561</value>
         <object_component_ref idref="oc-1ca"/>
      </symbol>
      <symbol id="sm-635">
         <name>initSpi0</name>
         <value>0x8441</value>
         <object_component_ref idref="oc-1ca"/>
      </symbol>
      <symbol id="sm-636">
         <name>setSpi0BaudRate</name>
         <value>0x84dd</value>
         <object_component_ref idref="oc-1ca"/>
      </symbol>
      <symbol id="sm-6d0">
         <name>tcpPorts</name>
         <value>0x200011f0</value>
      </symbol>
      <symbol id="sm-6d1">
         <name>tcpState</name>
         <value>0x20001204</value>
      </symbol>
      <symbol id="sm-6d2">
         <name>isTcp</name>
         <value>0x2bcd</value>
         <object_component_ref idref="oc-14e"/>
      </symbol>
      <symbol id="sm-6d3">
         <name>tcpPortCount</name>
         <value>0x2000122f</value>
         <object_component_ref idref="oc-28b"/>
      </symbol>
      <symbol id="sm-6d4">
         <name>sendTcpResponse</name>
         <value>0x31af</value>
         <object_component_ref idref="oc-14e"/>
      </symbol>
      <symbol id="sm-6d5">
         <name>setTcpPortList</name>
         <value>0x30d1</value>
         <object_component_ref idref="oc-14e"/>
      </symbol>
      <symbol id="sm-6d6">
         <name>isTcpSyn</name>
         <value>0x2c8b</value>
         <object_component_ref idref="oc-14e"/>
      </symbol>
      <symbol id="sm-6d7">
         <name>processTcpArpResponse</name>
         <value>0x3031</value>
         <object_component_ref idref="oc-14e"/>
      </symbol>
      <symbol id="sm-6d8">
         <name>getTcpState</name>
         <value>0x2bb9</value>
         <object_component_ref idref="oc-14e"/>
      </symbol>
      <symbol id="sm-6d9">
         <name>closeTcpConnection</name>
         <value>0x2d8d</value>
         <object_component_ref idref="oc-14e"/>
      </symbol>
      <symbol id="sm-6da">
         <name>sendTcpPendingMessages</name>
         <value>0x2e0b</value>
         <object_component_ref idref="oc-14e"/>
      </symbol>
      <symbol id="sm-6db">
         <name>isTcpAck</name>
         <value>0x2cd1</value>
         <object_component_ref idref="oc-14e"/>
      </symbol>
      <symbol id="sm-6dc">
         <name>setTcpState</name>
         <value>0x2b9d</value>
         <object_component_ref idref="oc-14e"/>
      </symbol>
      <symbol id="sm-6dd">
         <name>openTcpConnection</name>
         <value>0x2d03</value>
         <object_component_ref idref="oc-14e"/>
      </symbol>
      <symbol id="sm-6de">
         <name>isTcpEstablished</name>
         <value>0x2deb</value>
         <object_component_ref idref="oc-14e"/>
      </symbol>
      <symbol id="sm-6df">
         <name>sendTcpMessage</name>
         <value>0x322d</value>
         <object_component_ref idref="oc-14e"/>
      </symbol>
      <symbol id="sm-6e0">
         <name>processTcpResponse</name>
         <value>0x2e1d</value>
         <object_component_ref idref="oc-14e"/>
      </symbol>
      <symbol id="sm-6e1">
         <name>isTcpPortOpen</name>
         <value>0x315f</value>
         <object_component_ref idref="oc-14e"/>
      </symbol>
      <symbol id="sm-724">
         <name>fn</name>
         <value>0x2000116c</value>
      </symbol>
      <symbol id="sm-725">
         <name>period</name>
         <value>0x20001194</value>
      </symbol>
      <symbol id="sm-726">
         <name>ticks</name>
         <value>0x200011bc</value>
      </symbol>
      <symbol id="sm-727">
         <name>reload</name>
         <value>0x200011e4</value>
      </symbol>
      <symbol id="sm-728">
         <name>initTimer</name>
         <value>0x6f05</value>
         <object_component_ref idref="oc-2d"/>
      </symbol>
      <symbol id="sm-729">
         <name>stopTimer</name>
         <value>0x70b1</value>
         <object_component_ref idref="oc-2d"/>
      </symbol>
      <symbol id="sm-72a">
         <name>startOneshotTimer</name>
         <value>0x6fa5</value>
         <object_component_ref idref="oc-2d"/>
      </symbol>
      <symbol id="sm-72b">
         <name>restartTimer</name>
         <value>0x7139</value>
         <object_component_ref idref="oc-2d"/>
      </symbol>
      <symbol id="sm-72c">
         <name>random32</name>
         <value>0x723d</value>
         <object_component_ref idref="oc-2d"/>
      </symbol>
      <symbol id="sm-72d">
         <name>tickIsr</name>
         <value>0x71b1</value>
         <object_component_ref idref="oc-2d"/>
      </symbol>
      <symbol id="sm-72e">
         <name>startPeriodicTimer</name>
         <value>0x702b</value>
         <object_component_ref idref="oc-2d"/>
      </symbol>
      <symbol id="sm-74a">
         <name>ResetISR</name>
         <value>0x9ba3</value>
         <object_component_ref idref="oc-27"/>
      </symbol>
      <symbol id="sm-74b">
         <name>g_pfnVectors</name>
         <value>0x0</value>
         <object_component_ref idref="oc-12"/>
      </symbol>
      <symbol id="sm-76e">
         <name>getcUart0</name>
         <value>0x8b77</value>
         <object_component_ref idref="oc-f0"/>
      </symbol>
      <symbol id="sm-76f">
         <name>kbhitUart0</name>
         <value>0x8b8b</value>
         <object_component_ref idref="oc-f0"/>
      </symbol>
      <symbol id="sm-770">
         <name>setUart0BaudRate</name>
         <value>0x8aeb</value>
         <object_component_ref idref="oc-f0"/>
      </symbol>
      <symbol id="sm-771">
         <name>putsUart0</name>
         <value>0x8b4b</value>
         <object_component_ref idref="oc-f0"/>
      </symbol>
      <symbol id="sm-772">
         <name>initUart0</name>
         <value>0x8aa1</value>
         <object_component_ref idref="oc-f0"/>
      </symbol>
      <symbol id="sm-773">
         <name>putcUart0</name>
         <value>0x8b2f</value>
         <object_component_ref idref="oc-f0"/>
      </symbol>
      <symbol id="sm-78d">
         <name>sendUdpMessage</name>
         <value>0x790d</value>
         <object_component_ref idref="oc-160"/>
      </symbol>
      <symbol id="sm-78e">
         <name>getUdpData</name>
         <value>0x78e1</value>
         <object_component_ref idref="oc-160"/>
      </symbol>
      <symbol id="sm-78f">
         <name>isUdp</name>
         <value>0x7839</value>
         <object_component_ref idref="oc-160"/>
      </symbol>
      <symbol id="sm-79d">
         <name>waitMicrosecond</name>
         <value>0x9a3d</value>
         <object_component_ref idref="oc-148"/>
      </symbol>
      <symbol id="sm-7cc">
         <name>snprintf</name>
         <value>0x9751</value>
         <object_component_ref idref="oc-f6"/>
      </symbol>
      <symbol id="sm-803">
         <name>sscanf</name>
         <value>0x98a9</value>
         <object_component_ref idref="oc-11a"/>
      </symbol>
      <symbol id="sm-81e">
         <name>memcpy</name>
         <value>0x90bb</value>
         <object_component_ref idref="oc-41"/>
      </symbol>
      <symbol id="sm-81f">
         <name>__aeabi_memcpy</name>
         <value>0x90bb</value>
         <object_component_ref idref="oc-41"/>
      </symbol>
      <symbol id="sm-820">
         <name>__aeabi_memcpy8</name>
         <value>0x90bb</value>
         <object_component_ref idref="oc-41"/>
      </symbol>
      <symbol id="sm-821">
         <name>__aeabi_memcpy4</name>
         <value>0x90bb</value>
         <object_component_ref idref="oc-41"/>
      </symbol>
      <symbol id="sm-830">
         <name>__aeabi_memset</name>
         <value>0x937f</value>
         <object_component_ref idref="oc-a6"/>
      </symbol>
      <symbol id="sm-831">
         <name>memset</name>
         <value>0x9385</value>
         <object_component_ref idref="oc-a6"/>
      </symbol>
      <symbol id="sm-832">
         <name>__aeabi_memset8</name>
         <value>0x937f</value>
         <object_component_ref idref="oc-a6"/>
      </symbol>
      <symbol id="sm-833">
         <name>__aeabi_memset4</name>
         <value>0x937f</value>
         <object_component_ref idref="oc-a6"/>
      </symbol>
      <symbol id="sm-834">
         <name>__aeabi_memclr8</name>
         <value>0x937d</value>
         <object_component_ref idref="oc-a6"/>
      </symbol>
      <symbol id="sm-835">
         <name>__aeabi_memclr4</name>
         <value>0x937d</value>
         <object_component_ref idref="oc-a6"/>
      </symbol>
      <symbol id="sm-836">
         <name>__aeabi_memclr</name>
         <value>0x937d</value>
         <object_component_ref idref="oc-a6"/>
      </symbol>
      <symbol id="sm-84a">
         <name>__TI_zero_init_nomemset</name>
         <value>0x9a61</value>
         <object_component_ref idref="oc-4d"/>
      </symbol>
      <symbol id="sm-861">
         <name>__TI_decompress_none</name>
         <value>0x9b95</value>
         <object_component_ref idref="oc-1b"/>
      </symbol>
      <symbol id="sm-884">
         <name>__TI_decompress_lzss</name>
         <value>0x953d</value>
         <object_component_ref idref="oc-15"/>
      </symbol>
      <symbol id="sm-88f">
         <name>_ctypes_</name>
         <value>0x9bc8</value>
         <object_component_ref idref="oc-227"/>
      </symbol>
      <symbol id="sm-89f">
         <name>memcmp</name>
         <value>0x99d1</value>
         <object_component_ref idref="oc-108"/>
      </symbol>
      <symbol id="sm-8c4">
         <name>rand</name>
         <value>0x9915</value>
         <object_component_ref idref="oc-21d"/>
      </symbol>
      <symbol id="sm-8c5">
         <name>srand</name>
         <value>0x99f5</value>
         <object_component_ref idref="oc-217"/>
      </symbol>
      <symbol id="sm-8d4">
         <name>strcmp</name>
         <value>0x9ae3</value>
         <object_component_ref idref="oc-129"/>
      </symbol>
      <symbol id="sm-8e2">
         <name>strlen</name>
         <value>0x9b3d</value>
         <object_component_ref idref="oc-267"/>
      </symbol>
      <symbol id="sm-8fa">
         <name>strtok</name>
         <value>0x9829</value>
         <object_component_ref idref="oc-123"/>
      </symbol>
      <symbol id="sm-909">
         <name>tolower</name>
         <value>0x9b85</value>
         <object_component_ref idref="oc-114"/>
      </symbol>
      <symbol id="sm-91c">
         <name>__stack</name>
         <value>0x20000000</value>
         <object_component_ref idref="oc-24"/>
      </symbol>
      <symbol id="sm-91d">
         <name>_c_int00_noargs</name>
         <value>0x98e1</value>
         <object_component_ref idref="oc-5f"/>
      </symbol>
      <symbol id="sm-a82">
         <name>__TI_printfi</name>
         <value>0x3d99</value>
         <object_component_ref idref="oc-1da"/>
      </symbol>
      <symbol id="sm-b38">
         <name>__TI_scanfi</name>
         <value>0x3285</value>
         <object_component_ref idref="oc-22c"/>
      </symbol>
      <symbol id="sm-b4f">
         <name>__aeabi_dsub</name>
         <value>0x8129</value>
         <object_component_ref idref="oc-3e4"/>
      </symbol>
      <symbol id="sm-b50">
         <name>__aeabi_dadd</name>
         <value>0x8133</value>
         <object_component_ref idref="oc-3e4"/>
      </symbol>
      <symbol id="sm-b72">
         <name>__aeabi_cdcmpeq</name>
         <value>0x91ed</value>
         <object_component_ref idref="oc-2cc"/>
      </symbol>
      <symbol id="sm-b73">
         <name>__aeabi_cdcmple</name>
         <value>0x91ed</value>
         <object_component_ref idref="oc-2cc"/>
      </symbol>
      <symbol id="sm-b74">
         <name>__aeabi_cdrcmple</name>
         <value>0x9273</value>
         <object_component_ref idref="oc-3cf"/>
      </symbol>
      <symbol id="sm-b88">
         <name>__aeabi_ddiv</name>
         <value>0x8839</value>
         <object_component_ref idref="oc-3ca"/>
      </symbol>
      <symbol id="sm-b93">
         <name>__aeabi_dmul</name>
         <value>0x8f0d</value>
         <object_component_ref idref="oc-3c5"/>
      </symbol>
      <symbol id="sm-b9d">
         <name>__aeabi_d2iz</name>
         <value>0x979d</value>
         <object_component_ref idref="oc-3d4"/>
      </symbol>
      <symbol id="sm-ba9">
         <name>__aeabi_d2f</name>
         <value>0x9465</value>
         <object_component_ref idref="oc-340"/>
      </symbol>
      <symbol id="sm-bb3">
         <name>__aeabi_i2d</name>
         <value>0x9979</value>
         <object_component_ref idref="oc-3df"/>
      </symbol>
      <symbol id="sm-bc0">
         <name>__aeabi_uldivmod</name>
         <value>0x9157</value>
         <object_component_ref idref="oc-3be"/>
      </symbol>
      <symbol id="sm-be8">
         <name>__TI_auto_init_nobinit_nopinit</name>
         <value>0x97e5</value>
         <object_component_ref idref="oc-178"/>
      </symbol>
      <symbol id="sm-bf2">
         <name>_system_pre_init</name>
         <value>0x9bc1</value>
         <object_component_ref idref="oc-ac"/>
      </symbol>
      <symbol id="sm-bfe">
         <name>C$$EXIT</name>
         <value>0x9bc5</value>
         <object_component_ref idref="oc-16c"/>
      </symbol>
      <symbol id="sm-bff">
         <name>abort</name>
         <value>0x9bc5</value>
         <object_component_ref idref="oc-16c"/>
      </symbol>
      <symbol id="sm-c14">
         <name>_nop</name>
         <value>0x47e7</value>
         <object_component_ref idref="oc-39d"/>
      </symbol>
      <symbol id="sm-c15">
         <name>_lock</name>
         <value>0x20001230</value>
         <object_component_ref idref="oc-299"/>
      </symbol>
      <symbol id="sm-c16">
         <name>_unlock</name>
         <value>0x20001234</value>
         <object_component_ref idref="oc-299"/>
      </symbol>
      <symbol id="sm-c25">
         <name>__TI_ltoa</name>
         <value>0x965f</value>
         <object_component_ref idref="oc-3d9"/>
      </symbol>
      <symbol id="sm-c3c">
         <name>atoi</name>
         <value>0x9705</value>
         <object_component_ref idref="oc-2c0"/>
      </symbol>
      <symbol id="sm-c4c">
         <name>memccpy</name>
         <value>0x9a7d</value>
         <object_component_ref idref="oc-2e9"/>
      </symbol>
      <symbol id="sm-c5c">
         <name>strchr</name>
         <value>0x9b13</value>
         <object_component_ref idref="oc-357"/>
      </symbol>
      <symbol id="sm-c6a">
         <name>strcpy</name>
         <value>0x9b29</value>
         <object_component_ref idref="oc-328"/>
      </symbol>
      <symbol id="sm-c7b">
         <name>strcspn</name>
         <value>0x9a19</value>
         <object_component_ref idref="oc-24c"/>
      </symbol>
      <symbol id="sm-c8a">
         <name>strrchr</name>
         <value>0x9afb</value>
         <object_component_ref idref="oc-351"/>
      </symbol>
      <symbol id="sm-c9c">
         <name>strspn</name>
         <value>0x99a7</value>
         <object_component_ref idref="oc-246"/>
      </symbol>
      <symbol id="sm-cfc">
         <name>strtold</name>
         <value>0x6aa5</value>
         <object_component_ref idref="oc-33a"/>
      </symbol>
      <symbol id="sm-cfd">
         <name>strtod</name>
         <value>0x6aa5</value>
         <object_component_ref idref="oc-33a"/>
      </symbol>
      <symbol id="sm-d21">
         <name>strtol</name>
         <value>0x8971</value>
         <object_component_ref idref="oc-345"/>
      </symbol>
      <symbol id="sm-d47">
         <name>strtoll</name>
         <value>0x7d7d</value>
         <object_component_ref idref="oc-34b"/>
      </symbol>
      <symbol id="sm-d67">
         <name>strtoul</name>
         <value>0x8dfd</value>
         <object_component_ref idref="oc-334"/>
      </symbol>
      <symbol id="sm-d8a">
         <name>strtoull</name>
         <value>0x85a1</value>
         <object_component_ref idref="oc-32e"/>
      </symbol>
      <symbol id="sm-da0">
         <name>__aeabi_errno_addr</name>
         <value>0x9bb1</value>
         <object_component_ref idref="oc-2f5"/>
      </symbol>
      <symbol id="sm-da1">
         <name>errno</name>
         <value>0x20001258</value>
         <object_component_ref idref="oc-41a"/>
      </symbol>
      <symbol id="sm-dba">
         <name>wcslen</name>
         <value>0x9b63</value>
         <object_component_ref idref="oc-2ef"/>
      </symbol>
      <symbol id="sm-dda">
         <name>frexpl</name>
         <value>0x95a5</value>
         <object_component_ref idref="oc-404"/>
      </symbol>
      <symbol id="sm-ddb">
         <name>frexp</name>
         <value>0x95a5</value>
         <object_component_ref idref="oc-404"/>
      </symbol>
      <symbol id="sm-df8">
         <name>scalbn</name>
         <value>0x8ced</value>
         <object_component_ref idref="oc-40a"/>
      </symbol>
      <symbol id="sm-df9">
         <name>scalbnl</name>
         <value>0x8ced</value>
         <object_component_ref idref="oc-40a"/>
      </symbol>
      <symbol id="sm-dfa">
         <name>ldexpl</name>
         <value>0x8ced</value>
         <object_component_ref idref="oc-40a"/>
      </symbol>
      <symbol id="sm-dfb">
         <name>ldexp</name>
         <value>0x8ced</value>
         <object_component_ref idref="oc-40a"/>
      </symbol>
      <symbol id="sm-e05">
         <name>__aeabi_idiv0</name>
         <value>0x7b0b</value>
         <object_component_ref idref="oc-464"/>
      </symbol>
      <symbol id="sm-e06">
         <name>__aeabi_ldiv0</name>
         <value>0x7b0b</value>
         <object_component_ref idref="oc-464"/>
      </symbol>
      <symbol id="sm-e0f">
         <name>__aeabi_lmul</name>
         <value>0x9acb</value>
         <object_component_ref idref="oc-433"/>
      </symbol>
      <symbol id="sm-e19">
         <name>copysign</name>
         <value>0x9a99</value>
         <object_component_ref idref="oc-47d"/>
      </symbol>
      <symbol id="sm-e1a">
         <name>copysignl</name>
         <value>0x9a99</value>
         <object_component_ref idref="oc-47d"/>
      </symbol>
      <symbol id="sm-e1b">
         <name>__TI_static_base__</name>
         <value>0x0</value>
      </symbol>
      <symbol id="sm-e1e">
         <name>__mpu_init</name>
         <value>0x0</value>
      </symbol>
      <symbol id="sm-e1f">
         <name>_system_post_cinit</name>
         <value>0x0</value>
      </symbol>
   </symbol_table>
   <title>Link successful</title>
</link_info>
