******************************************************************************
                  TI ARM Linker PC v20.2.7                     
******************************************************************************
>> Linked Tue Apr  7 23:13:06 2026

OUTPUT FILE NAME:   <iot_given_code.out>
ENTRY POINT SYMBOL: "_c_int00_noargs"  address: 0000a06d


MEMORY CONFIGURATION

         name            origin    length      used     unused   attr    fill
----------------------  --------  ---------  --------  --------  ----  --------
  FLASH                 00000000   00040000  0000a585  00035a7b  R  X
  SRAM                  20000000   00008000  0000185a  000067a6  RW X


SEGMENT ALLOCATION MAP

run origin  load origin   length   init length attrs members
----------  ----------- ---------- ----------- ----- -------
00000000    00000000    0000a590   0000a590    r-x
  00000000    00000000    0000026c   0000026c    r-- .intvecs
  0000026c    0000026c    0000a0d8   0000a0d8    r-x .text
  0000a348    0000a348    000001f9   000001f9    r-- .const
  0000a548    0000a548    00000048   00000048    r-- .cinit
20000000    20000000    0000185a   00000000    rw-
  20000000    20000000    00001000   00000000    rw- .stack
  20001000    20001000    000007fc   00000000    rw- .bss
  200017fc    200017fc    0000005e   00000000    rw- .data


SECTION ALLOCATION MAP

 output                                  attributes/
section   page    origin      length       input sections
--------  ----  ----------  ----------   ----------------
.intvecs   0    00000000    0000026c     
                  00000000    0000026c     tm4c123gh6pm_startup_ccs.obj (.intvecs)

.text      0    0000026c    0000a0d8     
                  0000026c    00001644     ethernet.obj (.text)
                  000018b0    00001288     dhcp.obj (.text)
                  00002b38    00000c34     tcp.obj (.text)
                  0000376c    00000b14     rtsv7M4_T_le_v4SPD16_eabi.lib : _scanfi.c.obj (.text:__TI_scanfi)
                  00004280    00000a4e                                   : _printfi.c.obj (.text:__TI_printfi)
                  00004cce    00000002                                   : _lock.c.obj (.text:_nop)
                  00004cd0    0000088c     mqtt.obj (.text)
                  0000555c    00000808     gpio.obj (.text)
                  00005d64    00000714     eth0.obj (.text)
                  00006478    00000664     nfc.obj (.text)
                  00006adc    000004b0     ip.obj (.text)
                  00006f8c    00000460     rtsv7M4_T_le_v4SPD16_eabi.lib : strtod.c.obj (.text:strtod)
                  000073ec    00000360     timer.obj (.text)
                  0000774c    000002f4     arp.obj (.text)
                  00007a40    000002e0     socket.obj (.text)
                  00007d20    000002d2     udp.obj (.text)
                  00007ff2    00000002     rtsv7M4_T_le_v4SPD16_eabi.lib : div0.asm.obj (.text)
                  00007ff4    000002a4     pir_and_sonic.obj (.text)
                  00008298    00000270     rtsv7M4_T_le_v4SPD16_eabi.lib : _printfi.c.obj (.text:_pconv_a)
                  00008508    000001dc                                   : strtoll.c.obj (.text:strtoll)
                  000086e4    000001d0                                   : _printfi.c.obj (.text:_pconv_g)
                  000088b4    000001b6                                   : fd_add_t2.asm.obj (.text)
                  00008a6a    00000160     icmp.obj (.text)
                  00008bca    00000002     --HOLE-- [fill = 0]
                  00008bcc    00000160     spi0.obj (.text)
                  00008d2c    0000015c     rtsv7M4_T_le_v4SPD16_eabi.lib : strtoull.c.obj (.text:strtoull)
                  00008e88    0000013c                                   : _printfi.c.obj (.text:_pconv_e)
                  00008fc4    00000136                                   : fd_div_t2.asm.obj (.text)
                  000090fa    00000002     --HOLE-- [fill = 0]
                  000090fc    00000130                                   : strtol.c.obj (.text:strtol)
                  0000922c    00000128     uart0.obj (.text)
                  00009354    00000124     rtsv7M4_T_le_v4SPD16_eabi.lib : _printfi.c.obj (.text:fcvt)
                  00009478    00000110                                   : s_scalbn.c.obj (.text:scalbn)
                  00009588    00000110                                   : strtoul.c.obj (.text:strtoul)
                  00009698    000000fc                                   : fd_mul_t2.asm.obj (.text)
                  00009794    000000b1                                   : _printfi.c.obj (.text:_ltostr)
                  00009845    00000001     --HOLE-- [fill = 0]
                  00009846    0000009c                                   : memcpy_t2.asm.obj (.text)
                  000098e2    00000096                                   : ull_div_t2.asm.obj (.text)
                  00009978    00000086                                   : fd_cmp_t2.asm.obj (.text:__aeabi_cdcmple)
                  000099fe    00000086                                   : fd_cmp_t2.asm.obj (.text:__aeabi_cdrcmple)
                  00009a84    00000084     eeprom.obj (.text)
                  00009b08    0000007a     rtsv7M4_T_le_v4SPD16_eabi.lib : memset_t2.asm.obj (.text)
                  00009b82    0000006e                                   : _printfi.c.obj (.text:_mcpy)
                  00009bf0    0000006e                                   : fd_tos_t2.asm.obj (.text)
                  00009c5e    00000002     --HOLE-- [fill = 0]
                  00009c60    00000068                                   : sscanf.c.obj (.text:_chkmbc)
                  00009cc8    00000068                                   : copy_decompress_lzss.c.obj (.text:decompress:lzss:__TI_decompress_lzss)
                  00009d30    00000064                                   : s_frexp.c.obj (.text:frexp)
                  00009d94    00000056                                   : _printfi.c.obj (.text:_pconv_f)
                  00009dea    00000054                                   : _ltoa.c.obj (.text:__TI_ltoa)
                  00009e3e    00000052                                   : _printfi.c.obj (.text:_ecpy)
                  00009e90    0000004c                                   : atoi.c.obj (.text:atoi)
                  00009edc    0000004c                                   : snprintf.c.obj (.text:snprintf)
                  00009f28    00000048                                   : fd_toi_t2.asm.obj (.text)
                  00009f70    00000044                                   : autoinit.c.obj (.text:__TI_auto_init_nobinit_nopinit:__TI_auto_init_nobinit_nopinit)
                  00009fb4    00000040                                   : strtok.c.obj (.text:strtok)
                  00009ff4    0000003e                                   : _printfi.c.obj (.text:_fcpy)
                  0000a032    00000002     --HOLE-- [fill = 0]
                  0000a034    00000038                                   : sscanf.c.obj (.text:sscanf)
                  0000a06c    00000034                                   : boot_cortex_m.c.obj (.text:_c_int00_noargs:_c_int00_noargs)
                  0000a0a0    00000034                                   : rand.c.obj (.text:rand)
                  0000a0d4    00000030                                   : snprintf.c.obj (.text:_outs)
                  0000a104    0000002e                                   : i_tofd_t2.asm.obj (.text)
                  0000a132    0000002a                                   : strspn.c.obj (.text:strspn)
                  0000a15c    00000024                                   : memcmp.c.obj (.text:memcmp)
                  0000a180    00000024                                   : rand.c.obj (.text:srand)
                  0000a1a4    00000024                                   : strcspn.c.obj (.text:strcspn)
                  0000a1c8    00000024     wait.obj (.text)
                  0000a1ec    0000001c     rtsv7M4_T_le_v4SPD16_eabi.lib : memccpy.c.obj (.text:memccpy)
                  0000a208    0000001a                                   : s_copysign.c.obj (.text:copysign)
                  0000a222    00000018                                   : snprintf.c.obj (.text:_outc)
                  0000a23a    00000018                                   : ll_mul_t2.asm.obj (.text)
                  0000a252    00000018                                   : strcmp.c.obj (.text:strcmp)
                  0000a26a    00000018                                   : strrchr.c.obj (.text:strrchr)
                  0000a282    00000016                                   : strchr.c.obj (.text:strchr)
                  0000a298    00000014                                   : strcpy.c.obj (.text:strcpy)
                  0000a2ac    00000014                                   : strlen.c.obj (.text:strlen)
                  0000a2c0    00000012                                   : sscanf.c.obj (.text:_inpchar)
                  0000a2d2    00000012                                   : wcslen.c.obj (.text:wcslen)
                  0000a2e4    00000010     clock.obj (.text)
                  0000a2f4    00000010     rtsv7M4_T_le_v4SPD16_eabi.lib : tolower.c.obj (.text:tolower)
                  0000a304    0000000e                                   : copy_decompress_none.c.obj (.text:decompress:none:__TI_decompress_none)
                  0000a312    0000000c                                   : copy_zero_init.c.obj (.text:decompress:ZI:__TI_zero_init)
                  0000a31e    0000000c     tm4c123gh6pm_startup_ccs.obj (.text)
                  0000a32a    00000002     --HOLE-- [fill = 0]
                  0000a32c    00000008     rtsv7M4_T_le_v4SPD16_eabi.lib : errno.c.obj (.text:__aeabi_errno_addr)
                  0000a334    00000008                                   : sscanf.c.obj (.text:_uninpchar)
                  0000a33c    00000004                                   : pre_init.c.obj (.text:_system_pre_init)
                  0000a340    00000004                                   : exit.c.obj (.text:abort:abort)

.const     0    0000a348    000001f9     
                  0000a348    00000101     rtsv7M4_T_le_v4SPD16_eabi.lib : ctype.c.obj (.const:.string:_ctypes_)
                  0000a449    00000007     ethernet.obj (.const:.string:michealUid$2)
                  0000a450    000000c8     rtsv7M4_T_le_v4SPD16_eabi.lib : strtod.c.obj (.const:$O1$$)
                  0000a518    00000010                                   : _scanfi.c.obj (.const:$O1$$)
                  0000a528    00000007     ethernet.obj (.const:.string:subhaanUid$3)
                  0000a52f    00000006     nfc.obj (.const:.string:ackFrame)
                  0000a535    00000004     nfc.obj (.const:.string:$P$T1$2)
                  0000a539    00000004     ethernet.obj (.const:.string:oscarUid$1)
                  0000a53d    00000003     nfc.obj (.const:.string:$P$T2$3)
                  0000a540    00000001     nfc.obj (.const:.string:$P$T0$1)

.cinit     0    0000a548    00000048     
                  0000a548    00000021     (.cinit..data.load) [load image, compression = lzss]
                  0000a569    00000003     --HOLE-- [fill = 0]
                  0000a56c    0000000c     (__TI_handler_table)
                  0000a578    00000008     (.cinit..bss.load) [load image, compression = zero_init]
                  0000a580    00000010     (__TI_cinit_table)

.init_array 
*          0    00000000    00000000     UNINITIALIZED

.bss       0    20001000    000007fc     UNINITIALIZED
                  20001000    000005f0     ethernet.obj (.bss:buffer$4)
                  200015f0    00000118     (.common:sockets)
                  20001708    00000054     (.common:strInput)
                  2000175c    00000028     (.common:fn)
                  20001784    00000028     (.common:period)
                  200017ac    00000028     (.common:ticks)
                  200017d4    0000000c     (.common:reload)
                  200017e0    00000008     (.common:tcpPorts)
                  200017e8    00000004     (.common:dhcpOfferedIpAdd)
                  200017ec    00000004     (.common:dhcpServerIpAdd)
                  200017f0    00000004     (.common:gatewayIp)
                  200017f4    00000004     (.common:tcpState)
                  200017f8    00000004     (.common:token)

.data      0    200017fc    0000005e     UNINITIALIZED
                  200017fc    00000017     dhcp.obj (.data)
                  20001813    00000001     ethernet.obj (.data)
                  20001814    0000000a     mqtt.obj (.data)
                  2000181e    00000001     nfc.obj (.data)
                  2000181f    00000001     tcp.obj (.data)
                  20001820    00000008     rtsv7M4_T_le_v4SPD16_eabi.lib : _lock.c.obj (.data:$O1$$)
                  20001828    00000006     eth0.obj (.data:hwAddress)
                  2000182e    00000004     ip.obj (.data:ipAddress)
                  20001832    00000004     ip.obj (.data:ipDnsAddress)
                  20001836    00000004     ip.obj (.data:ipGwAddress)
                  2000183a    00000004     ip.obj (.data:ipMqttBrokerAddress)
                  2000183e    00000004     ip.obj (.data:ipSubnetMask)
                  20001842    00000004     ip.obj (.data:ipTimeServerAddress)
                  20001846    00000002     --HOLE--
                  20001848    00000004     rtsv7M4_T_le_v4SPD16_eabi.lib : errno.c.obj (.data)
                  2000184c    00000004                                   : rand.c.obj (.data)
                  20001850    00000004                                   : strtok.c.obj (.data)
                  20001854    00000003     eth0.obj (.data)
                  20001857    00000003     pir_and_sonic.obj (.data)

.stack     0    20000000    00001000     UNINITIALIZED
                  20000000    00000004     rtsv7M4_T_le_v4SPD16_eabi.lib : boot_cortex_m.c.obj (.stack)
                  20000004    00000ffc     --HOLE--

__llvm_prf_cnts 
*          0    20000000    00000000     UNINITIALIZED

MODULE SUMMARY

       Module                         code    ro data   rw data
       ------                         ----    -------   -------
    .\
       ethernet.obj                   5700    18        1609   
       dhcp.obj                       4744    0         35     
       tcp.obj                        3124    0         13     
       mqtt.obj                       2188    0         10     
       gpio.obj                       2056    0         0      
       eth0.obj                       1812    0         9      
       nfc.obj                        1636    14        1      
       ip.obj                         1200    0         24     
       socket.obj                     736     0         280    
       timer.obj                      864     0         132    
       arp.obj                        756     0         0      
       udp.obj                        722     0         0      
       pir_and_sonic.obj              676     0         3      
       tm4c123gh6pm_startup_ccs.obj   12      620       0      
       icmp.obj                       352     0         0      
       spi0.obj                       352     0         0      
       uart0.obj                      296     0         0      
       eeprom.obj                     132     0         0      
       wait.obj                       36      0         0      
       clock.obj                      16      0         0      
    +--+------------------------------+-------+---------+---------+
       Total:                         27410   652       2116   
                                                               
    C:\ti\ccs1281\ccs\tools\compiler\ti-cgt-arm_20.2.7.LTS\lib\rtsv7M4_T_le_v4SPD16_eabi.lib
       _printfi.c.obj                 4851    0         0      
       _scanfi.c.obj                  2836    16        0      
       strtod.c.obj                   1120    200       0      
       strtoll.c.obj                  476     0         0      
       fd_add_t2.asm.obj              438     0         0      
       strtoull.c.obj                 348     0         0      
       fd_div_t2.asm.obj              310     0         0      
       strtol.c.obj                   304     0         0      
       s_scalbn.c.obj                 272     0         0      
       strtoul.c.obj                  272     0         0      
       fd_cmp_t2.asm.obj              268     0         0      
       ctype.c.obj                    0       257       0      
       fd_mul_t2.asm.obj              252     0         0      
       sscanf.c.obj                   186     0         0      
       memcpy_t2.asm.obj              156     0         0      
       ull_div_t2.asm.obj             150     0         0      
       snprintf.c.obj                 148     0         0      
       memset_t2.asm.obj              122     0         0      
       fd_tos_t2.asm.obj              110     0         0      
       copy_decompress_lzss.c.obj     104     0         0      
       s_frexp.c.obj                  100     0         0      
       rand.c.obj                     88      0         4      
       _ltoa.c.obj                    84      0         0      
       atoi.c.obj                     76      0         0      
       fd_toi_t2.asm.obj              72      0         0      
       autoinit.c.obj                 68      0         0      
       strtok.c.obj                   64      0         4      
       boot_cortex_m.c.obj            52      0         0      
       i_tofd_t2.asm.obj              46      0         0      
       strspn.c.obj                   42      0         0      
       memcmp.c.obj                   36      0         0      
       strcspn.c.obj                  36      0         0      
       memccpy.c.obj                  28      0         0      
       s_copysign.c.obj               26      0         0      
       ll_mul_t2.asm.obj              24      0         0      
       strcmp.c.obj                   24      0         0      
       strrchr.c.obj                  24      0         0      
       strchr.c.obj                   22      0         0      
       strcpy.c.obj                   20      0         0      
       strlen.c.obj                   20      0         0      
       wcslen.c.obj                   18      0         0      
       tolower.c.obj                  16      0         0      
       copy_decompress_none.c.obj     14      0         0      
       copy_zero_init.c.obj           12      0         0      
       errno.c.obj                    8       0         4      
       _lock.c.obj                    2       0         8      
       exit.c.obj                     4       0         0      
       pre_init.c.obj                 4       0         0      
       div0.asm.obj                   2       0         0      
    +--+------------------------------+-------+---------+---------+
       Total:                         13755   473       20     
                                                               
       Stack:                         0       0         4096   
       Linker Generated:              0       69        0      
    +--+------------------------------+-------+---------+---------+
       Grand Total:                   41165   1194      6232   


LINKER GENERATED COPY TABLES

__TI_cinit_table @ 0000a580 records: 2, size/record: 8, table size: 16
	.data: load addr=0000a548, load size=00000021 bytes, run addr=200017fc, run size=0000005e bytes, compression=lzss
	.bss: load addr=0000a578, load size=00000008 bytes, run addr=20001000, run size=000007fc bytes, compression=zero_init


LINKER GENERATED HANDLER TABLE

__TI_handler_table @ 0000a56c records: 3, size/record: 4, table size: 12
	index: 0, handler: __TI_decompress_lzss
	index: 1, handler: __TI_decompress_none
	index: 2, handler: __TI_zero_init


GLOBAL SYMBOLS: SORTED ALPHABETICALLY BY Name 

address   name                          
-------   ----                          
0000a341  C$$EXIT                       
0000a31f  ResetISR                      
20001000  __STACK_END                   
00001000  __STACK_SIZE                  
20000200  __STACK_TOP                   
0000a580  __TI_CINIT_Base               
0000a590  __TI_CINIT_Limit              
0000a56c  __TI_Handler_Table_Base       
0000a578  __TI_Handler_Table_Limit      
00009f71  __TI_auto_init_nobinit_nopinit
00009cc9  __TI_decompress_lzss          
0000a305  __TI_decompress_none          
00009deb  __TI_ltoa                     
ffffffff  __TI_pprof_out_hndl           
00004281  __TI_printfi                  
ffffffff  __TI_prof_data_size           
ffffffff  __TI_prof_data_start          
0000376d  __TI_scanfi                   
00000000  __TI_static_base__            
0000a313  __TI_zero_init                
00009979  __aeabi_cdcmpeq               
00009979  __aeabi_cdcmple               
000099ff  __aeabi_cdrcmple              
00009bf1  __aeabi_d2f                   
00009f29  __aeabi_d2iz                  
000088bf  __aeabi_dadd                  
00008fc5  __aeabi_ddiv                  
00009699  __aeabi_dmul                  
000088b5  __aeabi_dsub                  
0000a32d  __aeabi_errno_addr            
0000a105  __aeabi_i2d                   
00007ff3  __aeabi_idiv0                 
00007ff3  __aeabi_ldiv0                 
0000a23b  __aeabi_lmul                  
00009b09  __aeabi_memclr                
00009b09  __aeabi_memclr4               
00009b09  __aeabi_memclr8               
00009847  __aeabi_memcpy                
00009847  __aeabi_memcpy4               
00009847  __aeabi_memcpy8               
00009b0b  __aeabi_memset                
00009b0b  __aeabi_memset4               
00009b0b  __aeabi_memset8               
000098e3  __aeabi_uldivmod              
ffffffff  __binit__                     
ffffffff  __c_args__                    
UNDEFED   __mpu_init                    
20000000  __stack                       
20000000  __start___llvm_prf_cnts       
20000000  __stop___llvm_prf_cnts        
0000a06d  _c_int00_noargs               
0000a348  _ctypes_                      
20001820  _lock                         
00004ccf  _nop                          
UNDEFED   _system_post_cinit            
0000a33d  _system_pre_init              
20001824  _unlock                       
0000a341  abort                         
000008f7  asciiToUint8                  
00009e91  atoi                          
ffffffff  binit                         
00006f43  calcIpChecksum                
000018cb  callbackDhcpGetNewAddressTimer
000019ed  callbackDhcpIpConflictWindow  
0000198f  callbackDhcpLeaseEndTimer     
00001931  callbackDhcpT1HitTimer        
0000192f  callbackDhcpT1PeriodicTimer   
00001971  callbackDhcpT2HitTimer        
0000196f  callbackDhcpT2PeriodicTimer   
00005e23  clearEtherReg                 
00005bb1  clearPinInterrupt             
0000811b  clearSensorSampleRequest      
00003275  closeTcpConnection            
00004f81  connectMqtt                   
0000a209  copysign                      
0000a209  copysignl                     
20001813  count                         
00007ae3  deleteSocket                  
20001811  dhcpEnabled                   
200017e8  dhcpOfferedIpAdd              
200017ec  dhcpServerIpAdd               
20001810  dhcpState                     
00002a73  disableDhcp                   
00005d7b  disableEtherCs                
00005b8d  disablePinInterrupt           
000058c5  disablePinPulldown            
0000587d  disablePinPullup              
00005619  disablePort                   
0000501d  disconnectMqtt                
2000180c  discoverNeeded                
000002b1  displayConnectionInfo         
000005df  displayNfcUid                 
00002a3d  enableDhcp                    
00005d65  enableEtherCs                 
00005b69  enablePinInterrupt            
000058a1  enablePinPulldown             
0000584f  enablePinPullup               
0000555d  enablePort                    
20001848  errno                         
2000175c  fn                            
20001812  forceNakTest                  
00000677  formatNfcUid                  
00009d31  frexp                         
00009d31  frexpl                        
00000000  g_pfnVectors                  
200017f0  gatewayIp                     
00001a59  getDhcpLeaseSeconds           
0000221b  getDhcpOption                 
000018c5  getDhcpState                  
0000637f  getEtherId                    
00006419  getEtherMacAddress            
00006159  getEtherPacket                
00006c0d  getIpAddress                  
00006f11  getIpChecksum                 
00006d69  getIpDnsAddress               
00006cf5  getIpGatewayAddress           
00006e55  getIpMqttBrokerAddress        
00006c81  getIpSubnetMask               
00006ddd  getIpTimeServerAddress        
0000072b  getNfcName                    
00005c1f  getPinValue                   
00005cd5  getPortValue                  
00007b4b  getSocketInfoFromArpResponse  
00007c6d  getSocketInfoFromTcpPacket    
00007bc3  getSocketInfoFromUdpPacket    
000030a1  getTcpState                   
00007dc9  getUdpData                    
00009303  getcUart0                     
0000250d  handleDhcpAck                 
00002795  handleDhcpNak                 
00006353  htonl                         
0000632f  htons                         
20001828  hwAddress                     
0000638b  incEtherId                    
00009a85  initEeprom                    
00005f6f  initEther                     
0000026d  initHw                        
000069a5  initNfc                       
00008077  initPirAndSonic               
0000803b  initPirAndSonicHw             
00007a41  initSockets                   
00008bcd  initSpi0                      
0000a2e5  initSystemClockTo40Mhz        
000073ed  initTimer                     
0000922d  initUart0                     
2000182e  ipAddress                     
2000180f  ipConflictDetectionMode       
20001832  ipDnsAddress                  
20001836  ipGwAddress                   
2000183a  ipMqttBrokerAddress           
2000183e  ipSubnetMask                  
20001842  ipTimeServerAddress           
0000774d  isArpRequest                  
000077f1  isArpResponse                 
00002405  isDhcpAck                     
000027d3  isDhcpDiscoverNeeded          
00002a99  isDhcpEnabled                 
00001a53  isDhcpIpConflictDetectionMode 
00002687  isDhcpNak                     
0000225d  isDhcpOffer                   
000027db  isDhcpReleaseNeeded           
000027d7  isDhcpRequestNeeded           
00001a5f  isDhcpResponse                
0000610f  isEtherDataAvailable          
000060f5  isEtherLinkUp                 
00006129  isEtherOverflow               
00006add  isIp                          
00006b4d  isIpUnicast                   
00006bad  isIpValid                     
0000505d  isMqttConnected               
00008a6b  isPingRequest                 
00008097  isPirEnabled                  
00008115  isSensorSampleRequested       
0000809d  isSonicEnabled                
000030b5  isTcp                         
000031b9  isTcpAck                      
000032d3  isTcpEstablished              
00003647  isTcpPortOpen                 
00003173  isTcpSyn                      
00007d21  isUdp                         
00009317  kbhitUart0                    
00009479  ldexp                         
00009479  ldexpl                        
20001800  leaseSeconds                  
20001804  leaseT1                       
20001808  leaseT2                       
00001369  main                          
00008123  measureUltrasonicDistanceCm   
0000a1ed  memccpy                       
0000a15d  memcmp                        
00009847  memcpy                        
00009b11  memset                        
2000181a  mqttConnectPending            
2000181d  mqttKeepaliveExpired          
20001818  mqttPacketId                  
2000181c  mqttPingOutstanding           
2000181b  mqttSessionEstablished        
20001814  mqttSocket                    
000052ed  mqttTcpClosed                 
00005305  mqttTcpDataReceived           
00005221  mqttTcpOpened                 
00007a79  newSocket                     
20001854  nextPacketLsb                 
20001855  nextPacketMsb                 
00006a21  nfcReadUid                    
000031eb  openTcpConnection             
20001784  period                        
0000808b  pirMotionDetected             
0000296d  processDhcpArpResponse        
000028fd  processDhcpResponse           
00000991  processShell                  
00003519  processTcpArpResponse         
00003305  processTcpResponse            
00005083  publishMqtt                   
00006249  putEtherPacket                
000092bb  putcUart0                     
000092d7  putsUart0                     
00000791  queueNfcMqttPublish           
000081bb  queueSensorMqttPublish        
0000a0a1  rand                          
00007725  random32                      
0000080f  readConfiguration             
00009acd  readEeprom                    
00005f57  readEtherMem                  
00005eab  readEtherPhy                  
00005dbd  readEtherReg                  
00008d05  readSpi0Data                  
0000196d  rebindDhcp                    
000019e5  releaseDhcp                   
2000180e  releaseNeeded                 
200017d4  reload                        
000018eb  renewDhcp                     
00001a51  requestDhcpIpConflictTest     
000018e9  requestDhcpNewAddress         
2000180d  requestNeeded                 
00007621  restartTimer                  
00009479  scalbn                        
00009479  scalbnl                       
00005783  selectPinAnalogInput          
00005735  selectPinDigitalInput         
00005a9f  selectPinInterruptBothEdges   
00005a4f  selectPinInterruptFallingEdge 
00005af5  selectPinInterruptHighLevel   
00005b2f  selectPinInterruptLowLevel    
000059ff  selectPinInterruptRisingEdge  
000056e7  selectPinOpenDrainOutput      
00005699  selectPinPushPullOutput       
00007923  sendArpRequest                
00007845  sendArpResponse               
00001bf1  sendDhcpMessage               
0000280d  sendDhcpPendingMessages       
00008aaf  sendPingRequest               
00008abb  sendPingResponse              
00003715  sendTcpMessage                
000032f3  sendTcpPendingMessages        
00003697  sendTcpResponse               
00007df5  sendUdpMessage                
20001856  sequenceId                    
000051d5  serviceMqtt                   
000018b1  setDhcpState                  
00005e57  setEtherBank                  
00006395  setEtherMacAddress            
00005def  setEtherReg                   
00006bd3  setIpAddress                  
00006d2f  setIpDnsAddress               
00006cbb  setIpGatewayAddress           
00006e17  setIpMqttBrokerAddress        
00006c47  setIpSubnetMask               
00006da3  setIpTimeServerAddress        
000058ed  setPinAuxFunction             
000057d3  setPinCommitControl           
00005bd5  setPinValue                   
000080a3  setPirEnabled                 
00005c5d  setPortValue                  
000080bd  setSonicEnabled               
00008c69  setSpi0BaudRate               
00008c9f  setSpi0Mode                   
000035b9  setTcpPortList                
00003085  setTcpState                   
00009277  setUart0BaudRate              
00009edd  snprintf                      
200015f0  sockets                       
0000a181  srand                         
0000a035  sscanf                        
00005f45  startEtherMemRead             
00005f17  startEtherMemWrite            
0000748d  startOneshotTimer             
00007513  startPeriodicTimer            
000080eb  startSensorSampling           
00005f67  stopEtherMemRead              
00005f3d  stopEtherMemWrite             
000080d7  stopPirAndSonic               
00008105  stopSensorSampling            
00007599  stopTimer                     
20001708  strInput                      
0000a283  strchr                        
0000a253  strcmp                        
0000a299  strcpy                        
0000a1a5  strcspn                       
0000a2ad  strlen                        
0000a26b  strrchr                       
0000a133  strspn                        
00006f8d  strtod                        
00009fb5  strtok                        
000090fd  strtol                        
00006f8d  strtold                       
00008509  strtoll                       
00009589  strtoul                       
00008d2d  strtoull                      
000050ed  subscribeMqtt                 
00006e9d  sumIpWords                    
2000181f  tcpPortCount                  
200017e0  tcpPorts                      
200017f4  tcpState                      
00007699  tickIsr                       
200017ac  ticks                         
00005bfb  togglePinValue                
200017f8  token                         
0000a2f5  tolower                       
0000516d  unsubscribeMqtt               
0000a1c9  waitMicrosecond               
0000a2d3  wcslen                        
00009a9b  writeEeprom                   
00005f29  writeEtherMem                 
00005e73  writeEtherPhy                 
00005d89  writeEtherReg                 
00008ced  writeSpi0Data                 
200017fc  xid                           


GLOBAL SYMBOLS: SORTED BY Symbol Address 

address   name                          
-------   ----                          
00000000  __TI_static_base__            
00000000  g_pfnVectors                  
0000026d  initHw                        
000002b1  displayConnectionInfo         
000005df  displayNfcUid                 
00000677  formatNfcUid                  
0000072b  getNfcName                    
00000791  queueNfcMqttPublish           
0000080f  readConfiguration             
000008f7  asciiToUint8                  
00000991  processShell                  
00001000  __STACK_SIZE                  
00001369  main                          
000018b1  setDhcpState                  
000018c5  getDhcpState                  
000018cb  callbackDhcpGetNewAddressTimer
000018e9  requestDhcpNewAddress         
000018eb  renewDhcp                     
0000192f  callbackDhcpT1PeriodicTimer   
00001931  callbackDhcpT1HitTimer        
0000196d  rebindDhcp                    
0000196f  callbackDhcpT2PeriodicTimer   
00001971  callbackDhcpT2HitTimer        
0000198f  callbackDhcpLeaseEndTimer     
000019e5  releaseDhcp                   
000019ed  callbackDhcpIpConflictWindow  
00001a51  requestDhcpIpConflictTest     
00001a53  isDhcpIpConflictDetectionMode 
00001a59  getDhcpLeaseSeconds           
00001a5f  isDhcpResponse                
00001bf1  sendDhcpMessage               
0000221b  getDhcpOption                 
0000225d  isDhcpOffer                   
00002405  isDhcpAck                     
0000250d  handleDhcpAck                 
00002687  isDhcpNak                     
00002795  handleDhcpNak                 
000027d3  isDhcpDiscoverNeeded          
000027d7  isDhcpRequestNeeded           
000027db  isDhcpReleaseNeeded           
0000280d  sendDhcpPendingMessages       
000028fd  processDhcpResponse           
0000296d  processDhcpArpResponse        
00002a3d  enableDhcp                    
00002a73  disableDhcp                   
00002a99  isDhcpEnabled                 
00003085  setTcpState                   
000030a1  getTcpState                   
000030b5  isTcp                         
00003173  isTcpSyn                      
000031b9  isTcpAck                      
000031eb  openTcpConnection             
00003275  closeTcpConnection            
000032d3  isTcpEstablished              
000032f3  sendTcpPendingMessages        
00003305  processTcpResponse            
00003519  processTcpArpResponse         
000035b9  setTcpPortList                
00003647  isTcpPortOpen                 
00003697  sendTcpResponse               
00003715  sendTcpMessage                
0000376d  __TI_scanfi                   
00004281  __TI_printfi                  
00004ccf  _nop                          
00004f81  connectMqtt                   
0000501d  disconnectMqtt                
0000505d  isMqttConnected               
00005083  publishMqtt                   
000050ed  subscribeMqtt                 
0000516d  unsubscribeMqtt               
000051d5  serviceMqtt                   
00005221  mqttTcpOpened                 
000052ed  mqttTcpClosed                 
00005305  mqttTcpDataReceived           
0000555d  enablePort                    
00005619  disablePort                   
00005699  selectPinPushPullOutput       
000056e7  selectPinOpenDrainOutput      
00005735  selectPinDigitalInput         
00005783  selectPinAnalogInput          
000057d3  setPinCommitControl           
0000584f  enablePinPullup               
0000587d  disablePinPullup              
000058a1  enablePinPulldown             
000058c5  disablePinPulldown            
000058ed  setPinAuxFunction             
000059ff  selectPinInterruptRisingEdge  
00005a4f  selectPinInterruptFallingEdge 
00005a9f  selectPinInterruptBothEdges   
00005af5  selectPinInterruptHighLevel   
00005b2f  selectPinInterruptLowLevel    
00005b69  enablePinInterrupt            
00005b8d  disablePinInterrupt           
00005bb1  clearPinInterrupt             
00005bd5  setPinValue                   
00005bfb  togglePinValue                
00005c1f  getPinValue                   
00005c5d  setPortValue                  
00005cd5  getPortValue                  
00005d65  enableEtherCs                 
00005d7b  disableEtherCs                
00005d89  writeEtherReg                 
00005dbd  readEtherReg                  
00005def  setEtherReg                   
00005e23  clearEtherReg                 
00005e57  setEtherBank                  
00005e73  writeEtherPhy                 
00005eab  readEtherPhy                  
00005f17  startEtherMemWrite            
00005f29  writeEtherMem                 
00005f3d  stopEtherMemWrite             
00005f45  startEtherMemRead             
00005f57  readEtherMem                  
00005f67  stopEtherMemRead              
00005f6f  initEther                     
000060f5  isEtherLinkUp                 
0000610f  isEtherDataAvailable          
00006129  isEtherOverflow               
00006159  getEtherPacket                
00006249  putEtherPacket                
0000632f  htons                         
00006353  htonl                         
0000637f  getEtherId                    
0000638b  incEtherId                    
00006395  setEtherMacAddress            
00006419  getEtherMacAddress            
000069a5  initNfc                       
00006a21  nfcReadUid                    
00006add  isIp                          
00006b4d  isIpUnicast                   
00006bad  isIpValid                     
00006bd3  setIpAddress                  
00006c0d  getIpAddress                  
00006c47  setIpSubnetMask               
00006c81  getIpSubnetMask               
00006cbb  setIpGatewayAddress           
00006cf5  getIpGatewayAddress           
00006d2f  setIpDnsAddress               
00006d69  getIpDnsAddress               
00006da3  setIpTimeServerAddress        
00006ddd  getIpTimeServerAddress        
00006e17  setIpMqttBrokerAddress        
00006e55  getIpMqttBrokerAddress        
00006e9d  sumIpWords                    
00006f11  getIpChecksum                 
00006f43  calcIpChecksum                
00006f8d  strtod                        
00006f8d  strtold                       
000073ed  initTimer                     
0000748d  startOneshotTimer             
00007513  startPeriodicTimer            
00007599  stopTimer                     
00007621  restartTimer                  
00007699  tickIsr                       
00007725  random32                      
0000774d  isArpRequest                  
000077f1  isArpResponse                 
00007845  sendArpResponse               
00007923  sendArpRequest                
00007a41  initSockets                   
00007a79  newSocket                     
00007ae3  deleteSocket                  
00007b4b  getSocketInfoFromArpResponse  
00007bc3  getSocketInfoFromUdpPacket    
00007c6d  getSocketInfoFromTcpPacket    
00007d21  isUdp                         
00007dc9  getUdpData                    
00007df5  sendUdpMessage                
00007ff3  __aeabi_idiv0                 
00007ff3  __aeabi_ldiv0                 
0000803b  initPirAndSonicHw             
00008077  initPirAndSonic               
0000808b  pirMotionDetected             
00008097  isPirEnabled                  
0000809d  isSonicEnabled                
000080a3  setPirEnabled                 
000080bd  setSonicEnabled               
000080d7  stopPirAndSonic               
000080eb  startSensorSampling           
00008105  stopSensorSampling            
00008115  isSensorSampleRequested       
0000811b  clearSensorSampleRequest      
00008123  measureUltrasonicDistanceCm   
000081bb  queueSensorMqttPublish        
00008509  strtoll                       
000088b5  __aeabi_dsub                  
000088bf  __aeabi_dadd                  
00008a6b  isPingRequest                 
00008aaf  sendPingRequest               
00008abb  sendPingResponse              
00008bcd  initSpi0                      
00008c69  setSpi0BaudRate               
00008c9f  setSpi0Mode                   
00008ced  writeSpi0Data                 
00008d05  readSpi0Data                  
00008d2d  strtoull                      
00008fc5  __aeabi_ddiv                  
000090fd  strtol                        
0000922d  initUart0                     
00009277  setUart0BaudRate              
000092bb  putcUart0                     
000092d7  putsUart0                     
00009303  getcUart0                     
00009317  kbhitUart0                    
00009479  ldexp                         
00009479  ldexpl                        
00009479  scalbn                        
00009479  scalbnl                       
00009589  strtoul                       
00009699  __aeabi_dmul                  
00009847  __aeabi_memcpy                
00009847  __aeabi_memcpy4               
00009847  __aeabi_memcpy8               
00009847  memcpy                        
000098e3  __aeabi_uldivmod              
00009979  __aeabi_cdcmpeq               
00009979  __aeabi_cdcmple               
000099ff  __aeabi_cdrcmple              
00009a85  initEeprom                    
00009a9b  writeEeprom                   
00009acd  readEeprom                    
00009b09  __aeabi_memclr                
00009b09  __aeabi_memclr4               
00009b09  __aeabi_memclr8               
00009b0b  __aeabi_memset                
00009b0b  __aeabi_memset4               
00009b0b  __aeabi_memset8               
00009b11  memset                        
00009bf1  __aeabi_d2f                   
00009cc9  __TI_decompress_lzss          
00009d31  frexp                         
00009d31  frexpl                        
00009deb  __TI_ltoa                     
00009e91  atoi                          
00009edd  snprintf                      
00009f29  __aeabi_d2iz                  
00009f71  __TI_auto_init_nobinit_nopinit
00009fb5  strtok                        
0000a035  sscanf                        
0000a06d  _c_int00_noargs               
0000a0a1  rand                          
0000a105  __aeabi_i2d                   
0000a133  strspn                        
0000a15d  memcmp                        
0000a181  srand                         
0000a1a5  strcspn                       
0000a1c9  waitMicrosecond               
0000a1ed  memccpy                       
0000a209  copysign                      
0000a209  copysignl                     
0000a23b  __aeabi_lmul                  
0000a253  strcmp                        
0000a26b  strrchr                       
0000a283  strchr                        
0000a299  strcpy                        
0000a2ad  strlen                        
0000a2d3  wcslen                        
0000a2e5  initSystemClockTo40Mhz        
0000a2f5  tolower                       
0000a305  __TI_decompress_none          
0000a313  __TI_zero_init                
0000a31f  ResetISR                      
0000a32d  __aeabi_errno_addr            
0000a33d  _system_pre_init              
0000a341  C$$EXIT                       
0000a341  abort                         
0000a348  _ctypes_                      
0000a56c  __TI_Handler_Table_Base       
0000a578  __TI_Handler_Table_Limit      
0000a580  __TI_CINIT_Base               
0000a590  __TI_CINIT_Limit              
20000000  __stack                       
20000000  __start___llvm_prf_cnts       
20000000  __stop___llvm_prf_cnts        
20000200  __STACK_TOP                   
20001000  __STACK_END                   
200015f0  sockets                       
20001708  strInput                      
2000175c  fn                            
20001784  period                        
200017ac  ticks                         
200017d4  reload                        
200017e0  tcpPorts                      
200017e8  dhcpOfferedIpAdd              
200017ec  dhcpServerIpAdd               
200017f0  gatewayIp                     
200017f4  tcpState                      
200017f8  token                         
200017fc  xid                           
20001800  leaseSeconds                  
20001804  leaseT1                       
20001808  leaseT2                       
2000180c  discoverNeeded                
2000180d  requestNeeded                 
2000180e  releaseNeeded                 
2000180f  ipConflictDetectionMode       
20001810  dhcpState                     
20001811  dhcpEnabled                   
20001812  forceNakTest                  
20001813  count                         
20001814  mqttSocket                    
20001818  mqttPacketId                  
2000181a  mqttConnectPending            
2000181b  mqttSessionEstablished        
2000181c  mqttPingOutstanding           
2000181d  mqttKeepaliveExpired          
2000181f  tcpPortCount                  
20001820  _lock                         
20001824  _unlock                       
20001828  hwAddress                     
2000182e  ipAddress                     
20001832  ipDnsAddress                  
20001836  ipGwAddress                   
2000183a  ipMqttBrokerAddress           
2000183e  ipSubnetMask                  
20001842  ipTimeServerAddress           
20001848  errno                         
20001854  nextPacketLsb                 
20001855  nextPacketMsb                 
20001856  sequenceId                    
ffffffff  __TI_pprof_out_hndl           
ffffffff  __TI_prof_data_size           
ffffffff  __TI_prof_data_start          
ffffffff  __binit__                     
ffffffff  __c_args__                    
ffffffff  binit                         
UNDEFED   __mpu_init                    
UNDEFED   _system_post_cinit            

[328 symbols]
