******************************************************************************
                  TI ARM Linker PC v20.2.7                     
******************************************************************************
>> Linked Mon Mar 30 18:41:01 2026

OUTPUT FILE NAME:   <iot_project2.out>
ENTRY POINT SYMBOL: "_c_int00_noargs"  address: 000098e1


MEMORY CONFIGURATION

         name            origin    length      used     unused   attr    fill
----------------------  --------  ---------  --------  --------  ----  --------
  FLASH                 00000000   00040000  00009e09  000361f7  R  X
  SRAM                  20000000   00008000  00001267  00006d99  RW X


SEGMENT ALLOCATION MAP

run origin  load origin   length   init length attrs members
----------  ----------- ---------- ----------- ----- -------
00000000    00000000    00009e10   00009e10    r-x
  00000000    00000000    0000026c   0000026c    r-- .intvecs
  0000026c    0000026c    0000995c   0000995c    r-x .text
  00009bc8    00009bc8    000001f9   000001f9    r-- .const
  00009dc8    00009dc8    00000048   00000048    r-- .cinit
20000000    20000000    00001267   00000000    rw-
  20000000    20000000    00001000   00000000    rw- .stack
  20001000    20001000    0000020c   00000000    rw- .bss
  2000120c    2000120c    0000005b   00000000    rw- .data


SECTION ALLOCATION MAP

 output                                  attributes/
section   page    origin      length       input sections
--------  ----  ----------  ----------   ----------------
.intvecs   0    00000000    0000026c     
                  00000000    0000026c     tm4c123gh6pm_startup_ccs.obj (.intvecs)

.text      0    0000026c    0000995c     
                  0000026c    00001288     dhcp.obj (.text)
                  000014f4    0000115c     ethernet.obj (.text)
                  00002650    00000c34     tcp.obj (.text)
                  00003284    00000b14     rtsv7M4_T_le_v4SPD16_eabi.lib : _scanfi.c.obj (.text:__TI_scanfi)
                  00003d98    00000a4e                                   : _printfi.c.obj (.text:__TI_printfi)
                  000047e6    00000002                                   : _lock.c.obj (.text:_nop)
                  000047e8    0000088c     mqtt.obj (.text)
                  00005074    00000808     gpio.obj (.text)
                  0000587c    00000714     eth0.obj (.text)
                  00005f90    00000664     nfc.obj (.text)
                  000065f4    000004b0     ip.obj (.text)
                  00006aa4    00000460     rtsv7M4_T_le_v4SPD16_eabi.lib : strtod.c.obj (.text:strtod)
                  00006f04    00000360     timer.obj (.text)
                  00007264    000002f4     arp.obj (.text)
                  00007558    000002e0     socket.obj (.text)
                  00007838    000002d2     udp.obj (.text)
                  00007b0a    00000002     rtsv7M4_T_le_v4SPD16_eabi.lib : div0.asm.obj (.text)
                  00007b0c    00000270                                   : _printfi.c.obj (.text:_pconv_a)
                  00007d7c    000001dc                                   : strtoll.c.obj (.text:strtoll)
                  00007f58    000001d0                                   : _printfi.c.obj (.text:_pconv_g)
                  00008128    000001b6                                   : fd_add_t2.asm.obj (.text)
                  000082de    00000160     icmp.obj (.text)
                  0000843e    00000002     --HOLE-- [fill = 0]
                  00008440    00000160     spi0.obj (.text)
                  000085a0    0000015c     rtsv7M4_T_le_v4SPD16_eabi.lib : strtoull.c.obj (.text:strtoull)
                  000086fc    0000013c                                   : _printfi.c.obj (.text:_pconv_e)
                  00008838    00000136                                   : fd_div_t2.asm.obj (.text)
                  0000896e    00000002     --HOLE-- [fill = 0]
                  00008970    00000130                                   : strtol.c.obj (.text:strtol)
                  00008aa0    00000128     uart0.obj (.text)
                  00008bc8    00000124     rtsv7M4_T_le_v4SPD16_eabi.lib : _printfi.c.obj (.text:fcvt)
                  00008cec    00000110                                   : s_scalbn.c.obj (.text:scalbn)
                  00008dfc    00000110                                   : strtoul.c.obj (.text:strtoul)
                  00008f0c    000000fc                                   : fd_mul_t2.asm.obj (.text)
                  00009008    000000b1                                   : _printfi.c.obj (.text:_ltostr)
                  000090b9    00000001     --HOLE-- [fill = 0]
                  000090ba    0000009c                                   : memcpy_t2.asm.obj (.text)
                  00009156    00000096                                   : ull_div_t2.asm.obj (.text)
                  000091ec    00000086                                   : fd_cmp_t2.asm.obj (.text:__aeabi_cdcmple)
                  00009272    00000086                                   : fd_cmp_t2.asm.obj (.text:__aeabi_cdrcmple)
                  000092f8    00000084     eeprom.obj (.text)
                  0000937c    0000007a     rtsv7M4_T_le_v4SPD16_eabi.lib : memset_t2.asm.obj (.text)
                  000093f6    0000006e                                   : _printfi.c.obj (.text:_mcpy)
                  00009464    0000006e                                   : fd_tos_t2.asm.obj (.text)
                  000094d2    00000002     --HOLE-- [fill = 0]
                  000094d4    00000068                                   : sscanf.c.obj (.text:_chkmbc)
                  0000953c    00000068                                   : copy_decompress_lzss.c.obj (.text:decompress:lzss:__TI_decompress_lzss)
                  000095a4    00000064                                   : s_frexp.c.obj (.text:frexp)
                  00009608    00000056                                   : _printfi.c.obj (.text:_pconv_f)
                  0000965e    00000054                                   : _ltoa.c.obj (.text:__TI_ltoa)
                  000096b2    00000052                                   : _printfi.c.obj (.text:_ecpy)
                  00009704    0000004c                                   : atoi.c.obj (.text:atoi)
                  00009750    0000004c                                   : snprintf.c.obj (.text:snprintf)
                  0000979c    00000048                                   : fd_toi_t2.asm.obj (.text)
                  000097e4    00000044                                   : autoinit.c.obj (.text:__TI_auto_init_nobinit_nopinit:__TI_auto_init_nobinit_nopinit)
                  00009828    00000040                                   : strtok.c.obj (.text:strtok)
                  00009868    0000003e                                   : _printfi.c.obj (.text:_fcpy)
                  000098a6    00000002     --HOLE-- [fill = 0]
                  000098a8    00000038                                   : sscanf.c.obj (.text:sscanf)
                  000098e0    00000034                                   : boot_cortex_m.c.obj (.text:_c_int00_noargs:_c_int00_noargs)
                  00009914    00000034                                   : rand.c.obj (.text:rand)
                  00009948    00000030                                   : snprintf.c.obj (.text:_outs)
                  00009978    0000002e                                   : i_tofd_t2.asm.obj (.text)
                  000099a6    0000002a                                   : strspn.c.obj (.text:strspn)
                  000099d0    00000024                                   : memcmp.c.obj (.text:memcmp)
                  000099f4    00000024                                   : rand.c.obj (.text:srand)
                  00009a18    00000024                                   : strcspn.c.obj (.text:strcspn)
                  00009a3c    00000024     wait.obj (.text)
                  00009a60    0000001c     rtsv7M4_T_le_v4SPD16_eabi.lib : copy_zero_init.c.obj (.text:decompress:ZI:__TI_zero_init_nomemset:__TI_zero_init_nomemset)
                  00009a7c    0000001c                                   : memccpy.c.obj (.text:memccpy)
                  00009a98    0000001a                                   : s_copysign.c.obj (.text:copysign)
                  00009ab2    00000018                                   : snprintf.c.obj (.text:_outc)
                  00009aca    00000018                                   : ll_mul_t2.asm.obj (.text)
                  00009ae2    00000018                                   : strcmp.c.obj (.text:strcmp)
                  00009afa    00000018                                   : strrchr.c.obj (.text:strrchr)
                  00009b12    00000016                                   : strchr.c.obj (.text:strchr)
                  00009b28    00000014                                   : strcpy.c.obj (.text:strcpy)
                  00009b3c    00000014                                   : strlen.c.obj (.text:strlen)
                  00009b50    00000012                                   : sscanf.c.obj (.text:_inpchar)
                  00009b62    00000012                                   : wcslen.c.obj (.text:wcslen)
                  00009b74    00000010     clock.obj (.text)
                  00009b84    00000010     rtsv7M4_T_le_v4SPD16_eabi.lib : tolower.c.obj (.text:tolower)
                  00009b94    0000000e                                   : copy_decompress_none.c.obj (.text:decompress:none:__TI_decompress_none)
                  00009ba2    0000000c     tm4c123gh6pm_startup_ccs.obj (.text)
                  00009bae    00000002     --HOLE-- [fill = 0]
                  00009bb0    00000008     rtsv7M4_T_le_v4SPD16_eabi.lib : errno.c.obj (.text:__aeabi_errno_addr)
                  00009bb8    00000008                                   : sscanf.c.obj (.text:_uninpchar)
                  00009bc0    00000004                                   : pre_init.c.obj (.text:_system_pre_init)
                  00009bc4    00000004                                   : exit.c.obj (.text:abort:abort)

.const     0    00009bc8    000001f9     
                  00009bc8    00000101     rtsv7M4_T_le_v4SPD16_eabi.lib : ctype.c.obj (.const:.string:_ctypes_)
                  00009cc9    00000007     ethernet.obj (.const:.string:michealUid$2)
                  00009cd0    000000c8     rtsv7M4_T_le_v4SPD16_eabi.lib : strtod.c.obj (.const:$O1$$)
                  00009d98    00000010                                   : _scanfi.c.obj (.const:$O1$$)
                  00009da8    00000007     ethernet.obj (.const:.string:subhaanUid$3)
                  00009daf    00000006     nfc.obj (.const:.string:ackFrame)
                  00009db5    00000004     nfc.obj (.const:.string:$P$T1$2)
                  00009db9    00000004     ethernet.obj (.const:.string:oscarUid$1)
                  00009dbd    00000003     nfc.obj (.const:.string:$P$T2$3)
                  00009dc0    00000001     nfc.obj (.const:.string:$P$T0$1)

.cinit     0    00009dc8    00000048     
                  00009dc8    0000001e     (.cinit..data.load) [load image, compression = lzss]
                  00009de6    00000002     --HOLE-- [fill = 0]
                  00009de8    0000000c     (__TI_handler_table)
                  00009df4    00000004     --HOLE-- [fill = 0]
                  00009df8    00000008     (.cinit..bss.load) [load image, compression = zero_init]
                  00009e00    00000010     (__TI_cinit_table)

.init_array 
*          0    00000000    00000000     UNINITIALIZED

.bss       0    20001000    0000020c     UNINITIALIZED
                  20001000    00000118     (.common:sockets)
                  20001118    00000054     (.common:strInput)
                  2000116c    00000028     (.common:fn)
                  20001194    00000028     (.common:period)
                  200011bc    00000028     (.common:ticks)
                  200011e4    0000000c     (.common:reload)
                  200011f0    00000008     (.common:tcpPorts)
                  200011f8    00000004     (.common:dhcpOfferedIpAdd)
                  200011fc    00000004     (.common:dhcpServerIpAdd)
                  20001200    00000004     (.common:gatewayIp)
                  20001204    00000004     (.common:tcpState)
                  20001208    00000004     (.common:token)

.data      0    2000120c    0000005b     UNINITIALIZED
                  2000120c    00000017     dhcp.obj (.data)
                  20001223    00000001     ethernet.obj (.data)
                  20001224    0000000a     mqtt.obj (.data)
                  2000122e    00000001     nfc.obj (.data)
                  2000122f    00000001     tcp.obj (.data)
                  20001230    00000008     rtsv7M4_T_le_v4SPD16_eabi.lib : _lock.c.obj (.data:$O1$$)
                  20001238    00000006     eth0.obj (.data:hwAddress)
                  2000123e    00000004     ip.obj (.data:ipAddress)
                  20001242    00000004     ip.obj (.data:ipDnsAddress)
                  20001246    00000004     ip.obj (.data:ipGwAddress)
                  2000124a    00000004     ip.obj (.data:ipMqttBrokerAddress)
                  2000124e    00000004     ip.obj (.data:ipSubnetMask)
                  20001252    00000004     ip.obj (.data:ipTimeServerAddress)
                  20001256    00000002     --HOLE--
                  20001258    00000004     rtsv7M4_T_le_v4SPD16_eabi.lib : errno.c.obj (.data)
                  2000125c    00000004                                   : rand.c.obj (.data)
                  20001260    00000004                                   : strtok.c.obj (.data)
                  20001264    00000003     eth0.obj (.data)

.stack     0    20000000    00001000     UNINITIALIZED
                  20000000    00000004     rtsv7M4_T_le_v4SPD16_eabi.lib : boot_cortex_m.c.obj (.stack)
                  20000004    00000ffc     --HOLE--

__llvm_prf_cnts 
*          0    20000000    00000000     UNINITIALIZED

MODULE SUMMARY

       Module                         code    ro data   rw data
       ------                         ----    -------   -------
    .\
       dhcp.obj                       4744    0         35     
       ethernet.obj                   4444    18        89     
       tcp.obj                        3124    0         13     
       mqtt.obj                       2188    0         10     
       gpio.obj                       2056    0         0      
       eth0.obj                       1812    0         9      
       nfc.obj                        1636    14        1      
       ip.obj                         1200    0         24     
       socket.obj                     736     0         280    
       timer.obj                      864     0         132    
       arp.obj                        756     0         0      
       udp.obj                        722     0         0      
       tm4c123gh6pm_startup_ccs.obj   12      620       0      
       icmp.obj                       352     0         0      
       spi0.obj                       352     0         0      
       uart0.obj                      296     0         0      
       eeprom.obj                     132     0         0      
       wait.obj                       36      0         0      
       clock.obj                      16      0         0      
    +--+------------------------------+-------+---------+---------+
       Total:                         25478   652       593    
                                                               
    C:\ti\ccs1281\ccs\tools\compiler\ti-cgt-arm_20.2.7.LTS\lib\rtsv7M4_T_le_v4SPD16_eabi.lib
       _printfi.c.obj                 4851    0         0      
       _scanfi.c.obj                  2836    16        0      
       strtod.c.obj                   1120    200       0      
       strtoll.c.obj                  476     0         0      
       fd_add_t2.asm.obj              438     0         0      
       strtoull.c.obj                 348     0         0      
       fd_div_t2.asm.obj              310     0         0      
       strtol.c.obj                   304     0         0      
       s_scalbn.c.obj                 272     0         0      
       strtoul.c.obj                  272     0         0      
       fd_cmp_t2.asm.obj              268     0         0      
       ctype.c.obj                    0       257       0      
       fd_mul_t2.asm.obj              252     0         0      
       sscanf.c.obj                   186     0         0      
       memcpy_t2.asm.obj              156     0         0      
       ull_div_t2.asm.obj             150     0         0      
       snprintf.c.obj                 148     0         0      
       memset_t2.asm.obj              122     0         0      
       fd_tos_t2.asm.obj              110     0         0      
       copy_decompress_lzss.c.obj     104     0         0      
       s_frexp.c.obj                  100     0         0      
       rand.c.obj                     88      0         4      
       _ltoa.c.obj                    84      0         0      
       atoi.c.obj                     76      0         0      
       fd_toi_t2.asm.obj              72      0         0      
       autoinit.c.obj                 68      0         0      
       strtok.c.obj                   64      0         4      
       boot_cortex_m.c.obj            52      0         0      
       i_tofd_t2.asm.obj              46      0         0      
       strspn.c.obj                   42      0         0      
       memcmp.c.obj                   36      0         0      
       strcspn.c.obj                  36      0         0      
       copy_zero_init.c.obj           28      0         0      
       memccpy.c.obj                  28      0         0      
       s_copysign.c.obj               26      0         0      
       ll_mul_t2.asm.obj              24      0         0      
       strcmp.c.obj                   24      0         0      
       strrchr.c.obj                  24      0         0      
       strchr.c.obj                   22      0         0      
       strcpy.c.obj                   20      0         0      
       strlen.c.obj                   20      0         0      
       wcslen.c.obj                   18      0         0      
       tolower.c.obj                  16      0         0      
       copy_decompress_none.c.obj     14      0         0      
       errno.c.obj                    8       0         4      
       _lock.c.obj                    2       0         8      
       exit.c.obj                     4       0         0      
       pre_init.c.obj                 4       0         0      
       div0.asm.obj                   2       0         0      
    +--+------------------------------+-------+---------+---------+
       Total:                         13771   473       20     
                                                               
       Stack:                         0       0         4096   
       Linker Generated:              0       66        0      
    +--+------------------------------+-------+---------+---------+
       Grand Total:                   39249   1191      4709   


LINKER GENERATED COPY TABLES

__TI_cinit_table @ 00009e00 records: 2, size/record: 8, table size: 16
	.data: load addr=00009dc8, load size=0000001e bytes, run addr=2000120c, run size=0000005b bytes, compression=lzss
	.bss: load addr=00009df8, load size=00000008 bytes, run addr=20001000, run size=0000020c bytes, compression=zero_init


LINKER GENERATED HANDLER TABLE

__TI_handler_table @ 00009de8 records: 3, size/record: 4, table size: 12
	index: 0, handler: __TI_decompress_lzss
	index: 1, handler: __TI_decompress_none
	index: 2, handler: __TI_zero_init


GLOBAL SYMBOLS: SORTED ALPHABETICALLY BY Name 

address   name                          
-------   ----                          
00009bc5  C$$EXIT                       
00009ba3  ResetISR                      
20001000  __STACK_END                   
00001000  __STACK_SIZE                  
20000200  __STACK_TOP                   
00009e00  __TI_CINIT_Base               
00009e10  __TI_CINIT_Limit              
00009de8  __TI_Handler_Table_Base       
00009df4  __TI_Handler_Table_Limit      
000097e5  __TI_auto_init_nobinit_nopinit
0000953d  __TI_decompress_lzss          
00009b95  __TI_decompress_none          
0000965f  __TI_ltoa                     
ffffffff  __TI_pprof_out_hndl           
00003d99  __TI_printfi                  
ffffffff  __TI_prof_data_size           
ffffffff  __TI_prof_data_start          
00003285  __TI_scanfi                   
00000000  __TI_static_base__            
00009a61  __TI_zero_init_nomemset       
000091ed  __aeabi_cdcmpeq               
000091ed  __aeabi_cdcmple               
00009273  __aeabi_cdrcmple              
00009465  __aeabi_d2f                   
0000979d  __aeabi_d2iz                  
00008133  __aeabi_dadd                  
00008839  __aeabi_ddiv                  
00008f0d  __aeabi_dmul                  
00008129  __aeabi_dsub                  
00009bb1  __aeabi_errno_addr            
00009979  __aeabi_i2d                   
00007b0b  __aeabi_idiv0                 
00007b0b  __aeabi_ldiv0                 
00009acb  __aeabi_lmul                  
0000937d  __aeabi_memclr                
0000937d  __aeabi_memclr4               
0000937d  __aeabi_memclr8               
000090bb  __aeabi_memcpy                
000090bb  __aeabi_memcpy4               
000090bb  __aeabi_memcpy8               
0000937f  __aeabi_memset                
0000937f  __aeabi_memset4               
0000937f  __aeabi_memset8               
00009157  __aeabi_uldivmod              
ffffffff  __binit__                     
ffffffff  __c_args__                    
UNDEFED   __mpu_init                    
20000000  __stack                       
20000000  __start___llvm_prf_cnts       
20000000  __stop___llvm_prf_cnts        
000098e1  _c_int00_noargs               
00009bc8  _ctypes_                      
20001230  _lock                         
000047e7  _nop                          
UNDEFED   _system_post_cinit            
00009bc1  _system_pre_init              
20001234  _unlock                       
00009bc5  abort                         
00001b7b  asciiToUint8                  
00009705  atoi                          
ffffffff  binit                         
00006a5b  calcIpChecksum                
00000287  callbackDhcpGetNewAddressTimer
000003a9  callbackDhcpIpConflictWindow  
0000034b  callbackDhcpLeaseEndTimer     
000002ed  callbackDhcpT1HitTimer        
000002eb  callbackDhcpT1PeriodicTimer   
0000032d  callbackDhcpT2HitTimer        
0000032b  callbackDhcpT2PeriodicTimer   
0000593b  clearEtherReg                 
000056c9  clearPinInterrupt             
00002d8d  closeTcpConnection            
00004a99  connectMqtt                   
00009a99  copysign                      
00009a99  copysignl                     
20001223  count                         
000075fb  deleteSocket                  
20001221  dhcpEnabled                   
200011f8  dhcpOfferedIpAdd              
200011fc  dhcpServerIpAdd               
20001220  dhcpState                     
0000142f  disableDhcp                   
00005893  disableEtherCs                
000056a5  disablePinInterrupt           
000053dd  disablePinPulldown            
00005395  disablePinPullup              
00005131  disablePort                   
00004b35  disconnectMqtt                
2000121c  discoverNeeded                
00001535  displayConnectionInfo         
00001863  displayNfcUid                 
000013f9  enableDhcp                    
0000587d  enableEtherCs                 
00005681  enablePinInterrupt            
000053b9  enablePinPulldown             
00005367  enablePinPullup               
00005075  enablePort                    
20001258  errno                         
2000116c  fn                            
20001222  forceNakTest                  
000018fb  formatNfcUid                  
000095a5  frexp                         
000095a5  frexpl                        
00000000  g_pfnVectors                  
20001200  gatewayIp                     
00000415  getDhcpLeaseSeconds           
00000bd7  getDhcpOption                 
00000281  getDhcpState                  
00005e97  getEtherId                    
00005f31  getEtherMacAddress            
00005c71  getEtherPacket                
00006725  getIpAddress                  
00006a29  getIpChecksum                 
00006881  getIpDnsAddress               
0000680d  getIpGatewayAddress           
0000696d  getIpMqttBrokerAddress        
00006799  getIpSubnetMask               
000068f5  getIpTimeServerAddress        
000019af  getNfcName                    
00005737  getPinValue                   
000057ed  getPortValue                  
00007663  getSocketInfoFromArpResponse  
00007785  getSocketInfoFromTcpPacket    
000076db  getSocketInfoFromUdpPacket    
00002bb9  getTcpState                   
000078e1  getUdpData                    
00008b77  getcUart0                     
00000ec9  handleDhcpAck                 
00001151  handleDhcpNak                 
00005e6b  htonl                         
00005e47  htons                         
20001238  hwAddress                     
00005ea3  incEtherId                    
000092f9  initEeprom                    
00005a87  initEther                     
000014f5  initHw                        
000064bd  initNfc                       
00007559  initSockets                   
00008441  initSpi0                      
00009b75  initSystemClockTo40Mhz        
00006f05  initTimer                     
00008aa1  initUart0                     
2000123e  ipAddress                     
2000121f  ipConflictDetectionMode       
20001242  ipDnsAddress                  
20001246  ipGwAddress                   
2000124a  ipMqttBrokerAddress           
2000124e  ipSubnetMask                  
20001252  ipTimeServerAddress           
00007265  isArpRequest                  
00007309  isArpResponse                 
00000dc1  isDhcpAck                     
0000118f  isDhcpDiscoverNeeded          
00001455  isDhcpEnabled                 
0000040f  isDhcpIpConflictDetectionMode 
00001043  isDhcpNak                     
00000c19  isDhcpOffer                   
00001197  isDhcpReleaseNeeded           
00001193  isDhcpRequestNeeded           
0000041b  isDhcpResponse                
00005c27  isEtherDataAvailable          
00005c0d  isEtherLinkUp                 
00005c41  isEtherOverflow               
000065f5  isIp                          
00006665  isIpUnicast                   
000066c5  isIpValid                     
00004b75  isMqttConnected               
000082df  isPingRequest                 
00002bcd  isTcp                         
00002cd1  isTcpAck                      
00002deb  isTcpEstablished              
0000315f  isTcpPortOpen                 
00002c8b  isTcpSyn                      
00007839  isUdp                         
00008b8b  kbhitUart0                    
00008ced  ldexp                         
00008ced  ldexpl                        
20001210  leaseSeconds                  
20001214  leaseT1                       
20001218  leaseT2                       
00002309  main                          
00009a7d  memccpy                       
000099d1  memcmp                        
000090bb  memcpy                        
00009385  memset                        
2000122a  mqttConnectPending            
2000122d  mqttKeepaliveExpired          
20001228  mqttPacketId                  
2000122c  mqttPingOutstanding           
2000122b  mqttSessionEstablished        
20001224  mqttSocket                    
00004e05  mqttTcpClosed                 
00004e1d  mqttTcpDataReceived           
00004d39  mqttTcpOpened                 
00007591  newSocket                     
20001264  nextPacketLsb                 
20001265  nextPacketMsb                 
00006539  nfcReadUid                    
00002d03  openTcpConnection             
20001194  period                        
00001329  processDhcpArpResponse        
000012b9  processDhcpResponse           
00001c15  processShell                  
00003031  processTcpArpResponse         
00002e1d  processTcpResponse            
00004b9b  publishMqtt                   
00005d61  putEtherPacket                
00008b2f  putcUart0                     
00008b4b  putsUart0                     
00001a15  queueNfcMqttPublish           
00009915  rand                          
0000723d  random32                      
00001a93  readConfiguration             
00009341  readEeprom                    
00005a6f  readEtherMem                  
000059c3  readEtherPhy                  
000058d5  readEtherReg                  
00008579  readSpi0Data                  
00000329  rebindDhcp                    
000003a1  releaseDhcp                   
2000121e  releaseNeeded                 
200011e4  reload                        
000002a7  renewDhcp                     
0000040d  requestDhcpIpConflictTest     
000002a5  requestDhcpNewAddress         
2000121d  requestNeeded                 
00007139  restartTimer                  
00008ced  scalbn                        
00008ced  scalbnl                       
0000529b  selectPinAnalogInput          
0000524d  selectPinDigitalInput         
000055b7  selectPinInterruptBothEdges   
00005567  selectPinInterruptFallingEdge 
0000560d  selectPinInterruptHighLevel   
00005647  selectPinInterruptLowLevel    
00005517  selectPinInterruptRisingEdge  
000051ff  selectPinOpenDrainOutput      
000051b1  selectPinPushPullOutput       
0000743b  sendArpRequest                
0000735d  sendArpResponse               
000005ad  sendDhcpMessage               
000011c9  sendDhcpPendingMessages       
00008323  sendPingRequest               
0000832f  sendPingResponse              
0000322d  sendTcpMessage                
00002e0b  sendTcpPendingMessages        
000031af  sendTcpResponse               
0000790d  sendUdpMessage                
20001266  sequenceId                    
00004ced  serviceMqtt                   
0000026d  setDhcpState                  
0000596f  setEtherBank                  
00005ead  setEtherMacAddress            
00005907  setEtherReg                   
000066eb  setIpAddress                  
00006847  setIpDnsAddress               
000067d3  setIpGatewayAddress           
0000692f  setIpMqttBrokerAddress        
0000675f  setIpSubnetMask               
000068bb  setIpTimeServerAddress        
00005405  setPinAuxFunction             
000052eb  setPinCommitControl           
000056ed  setPinValue                   
00005775  setPortValue                  
000084dd  setSpi0BaudRate               
00008513  setSpi0Mode                   
000030d1  setTcpPortList                
00002b9d  setTcpState                   
00008aeb  setUart0BaudRate              
00009751  snprintf                      
20001000  sockets                       
000099f5  srand                         
000098a9  sscanf                        
00005a5d  startEtherMemRead             
00005a2f  startEtherMemWrite            
00006fa5  startOneshotTimer             
0000702b  startPeriodicTimer            
00005a7f  stopEtherMemRead              
00005a55  stopEtherMemWrite             
000070b1  stopTimer                     
20001118  strInput                      
00009b13  strchr                        
00009ae3  strcmp                        
00009b29  strcpy                        
00009a19  strcspn                       
00009b3d  strlen                        
00009afb  strrchr                       
000099a7  strspn                        
00006aa5  strtod                        
00009829  strtok                        
00008971  strtol                        
00006aa5  strtold                       
00007d7d  strtoll                       
00008dfd  strtoul                       
000085a1  strtoull                      
00004c05  subscribeMqtt                 
000069b5  sumIpWords                    
2000122f  tcpPortCount                  
200011f0  tcpPorts                      
20001204  tcpState                      
000071b1  tickIsr                       
200011bc  ticks                         
00005713  togglePinValue                
20001208  token                         
00009b85  tolower                       
00004c85  unsubscribeMqtt               
00009a3d  waitMicrosecond               
00009b63  wcslen                        
0000930f  writeEeprom                   
00005a41  writeEtherMem                 
0000598b  writeEtherPhy                 
000058a1  writeEtherReg                 
00008561  writeSpi0Data                 
2000120c  xid                           


GLOBAL SYMBOLS: SORTED BY Symbol Address 

address   name                          
-------   ----                          
00000000  __TI_static_base__            
00000000  g_pfnVectors                  
0000026d  setDhcpState                  
00000281  getDhcpState                  
00000287  callbackDhcpGetNewAddressTimer
000002a5  requestDhcpNewAddress         
000002a7  renewDhcp                     
000002eb  callbackDhcpT1PeriodicTimer   
000002ed  callbackDhcpT1HitTimer        
00000329  rebindDhcp                    
0000032b  callbackDhcpT2PeriodicTimer   
0000032d  callbackDhcpT2HitTimer        
0000034b  callbackDhcpLeaseEndTimer     
000003a1  releaseDhcp                   
000003a9  callbackDhcpIpConflictWindow  
0000040d  requestDhcpIpConflictTest     
0000040f  isDhcpIpConflictDetectionMode 
00000415  getDhcpLeaseSeconds           
0000041b  isDhcpResponse                
000005ad  sendDhcpMessage               
00000bd7  getDhcpOption                 
00000c19  isDhcpOffer                   
00000dc1  isDhcpAck                     
00000ec9  handleDhcpAck                 
00001000  __STACK_SIZE                  
00001043  isDhcpNak                     
00001151  handleDhcpNak                 
0000118f  isDhcpDiscoverNeeded          
00001193  isDhcpRequestNeeded           
00001197  isDhcpReleaseNeeded           
000011c9  sendDhcpPendingMessages       
000012b9  processDhcpResponse           
00001329  processDhcpArpResponse        
000013f9  enableDhcp                    
0000142f  disableDhcp                   
00001455  isDhcpEnabled                 
000014f5  initHw                        
00001535  displayConnectionInfo         
00001863  displayNfcUid                 
000018fb  formatNfcUid                  
000019af  getNfcName                    
00001a15  queueNfcMqttPublish           
00001a93  readConfiguration             
00001b7b  asciiToUint8                  
00001c15  processShell                  
00002309  main                          
00002b9d  setTcpState                   
00002bb9  getTcpState                   
00002bcd  isTcp                         
00002c8b  isTcpSyn                      
00002cd1  isTcpAck                      
00002d03  openTcpConnection             
00002d8d  closeTcpConnection            
00002deb  isTcpEstablished              
00002e0b  sendTcpPendingMessages        
00002e1d  processTcpResponse            
00003031  processTcpArpResponse         
000030d1  setTcpPortList                
0000315f  isTcpPortOpen                 
000031af  sendTcpResponse               
0000322d  sendTcpMessage                
00003285  __TI_scanfi                   
00003d99  __TI_printfi                  
000047e7  _nop                          
00004a99  connectMqtt                   
00004b35  disconnectMqtt                
00004b75  isMqttConnected               
00004b9b  publishMqtt                   
00004c05  subscribeMqtt                 
00004c85  unsubscribeMqtt               
00004ced  serviceMqtt                   
00004d39  mqttTcpOpened                 
00004e05  mqttTcpClosed                 
00004e1d  mqttTcpDataReceived           
00005075  enablePort                    
00005131  disablePort                   
000051b1  selectPinPushPullOutput       
000051ff  selectPinOpenDrainOutput      
0000524d  selectPinDigitalInput         
0000529b  selectPinAnalogInput          
000052eb  setPinCommitControl           
00005367  enablePinPullup               
00005395  disablePinPullup              
000053b9  enablePinPulldown             
000053dd  disablePinPulldown            
00005405  setPinAuxFunction             
00005517  selectPinInterruptRisingEdge  
00005567  selectPinInterruptFallingEdge 
000055b7  selectPinInterruptBothEdges   
0000560d  selectPinInterruptHighLevel   
00005647  selectPinInterruptLowLevel    
00005681  enablePinInterrupt            
000056a5  disablePinInterrupt           
000056c9  clearPinInterrupt             
000056ed  setPinValue                   
00005713  togglePinValue                
00005737  getPinValue                   
00005775  setPortValue                  
000057ed  getPortValue                  
0000587d  enableEtherCs                 
00005893  disableEtherCs                
000058a1  writeEtherReg                 
000058d5  readEtherReg                  
00005907  setEtherReg                   
0000593b  clearEtherReg                 
0000596f  setEtherBank                  
0000598b  writeEtherPhy                 
000059c3  readEtherPhy                  
00005a2f  startEtherMemWrite            
00005a41  writeEtherMem                 
00005a55  stopEtherMemWrite             
00005a5d  startEtherMemRead             
00005a6f  readEtherMem                  
00005a7f  stopEtherMemRead              
00005a87  initEther                     
00005c0d  isEtherLinkUp                 
00005c27  isEtherDataAvailable          
00005c41  isEtherOverflow               
00005c71  getEtherPacket                
00005d61  putEtherPacket                
00005e47  htons                         
00005e6b  htonl                         
00005e97  getEtherId                    
00005ea3  incEtherId                    
00005ead  setEtherMacAddress            
00005f31  getEtherMacAddress            
000064bd  initNfc                       
00006539  nfcReadUid                    
000065f5  isIp                          
00006665  isIpUnicast                   
000066c5  isIpValid                     
000066eb  setIpAddress                  
00006725  getIpAddress                  
0000675f  setIpSubnetMask               
00006799  getIpSubnetMask               
000067d3  setIpGatewayAddress           
0000680d  getIpGatewayAddress           
00006847  setIpDnsAddress               
00006881  getIpDnsAddress               
000068bb  setIpTimeServerAddress        
000068f5  getIpTimeServerAddress        
0000692f  setIpMqttBrokerAddress        
0000696d  getIpMqttBrokerAddress        
000069b5  sumIpWords                    
00006a29  getIpChecksum                 
00006a5b  calcIpChecksum                
00006aa5  strtod                        
00006aa5  strtold                       
00006f05  initTimer                     
00006fa5  startOneshotTimer             
0000702b  startPeriodicTimer            
000070b1  stopTimer                     
00007139  restartTimer                  
000071b1  tickIsr                       
0000723d  random32                      
00007265  isArpRequest                  
00007309  isArpResponse                 
0000735d  sendArpResponse               
0000743b  sendArpRequest                
00007559  initSockets                   
00007591  newSocket                     
000075fb  deleteSocket                  
00007663  getSocketInfoFromArpResponse  
000076db  getSocketInfoFromUdpPacket    
00007785  getSocketInfoFromTcpPacket    
00007839  isUdp                         
000078e1  getUdpData                    
0000790d  sendUdpMessage                
00007b0b  __aeabi_idiv0                 
00007b0b  __aeabi_ldiv0                 
00007d7d  strtoll                       
00008129  __aeabi_dsub                  
00008133  __aeabi_dadd                  
000082df  isPingRequest                 
00008323  sendPingRequest               
0000832f  sendPingResponse              
00008441  initSpi0                      
000084dd  setSpi0BaudRate               
00008513  setSpi0Mode                   
00008561  writeSpi0Data                 
00008579  readSpi0Data                  
000085a1  strtoull                      
00008839  __aeabi_ddiv                  
00008971  strtol                        
00008aa1  initUart0                     
00008aeb  setUart0BaudRate              
00008b2f  putcUart0                     
00008b4b  putsUart0                     
00008b77  getcUart0                     
00008b8b  kbhitUart0                    
00008ced  ldexp                         
00008ced  ldexpl                        
00008ced  scalbn                        
00008ced  scalbnl                       
00008dfd  strtoul                       
00008f0d  __aeabi_dmul                  
000090bb  __aeabi_memcpy                
000090bb  __aeabi_memcpy4               
000090bb  __aeabi_memcpy8               
000090bb  memcpy                        
00009157  __aeabi_uldivmod              
000091ed  __aeabi_cdcmpeq               
000091ed  __aeabi_cdcmple               
00009273  __aeabi_cdrcmple              
000092f9  initEeprom                    
0000930f  writeEeprom                   
00009341  readEeprom                    
0000937d  __aeabi_memclr                
0000937d  __aeabi_memclr4               
0000937d  __aeabi_memclr8               
0000937f  __aeabi_memset                
0000937f  __aeabi_memset4               
0000937f  __aeabi_memset8               
00009385  memset                        
00009465  __aeabi_d2f                   
0000953d  __TI_decompress_lzss          
000095a5  frexp                         
000095a5  frexpl                        
0000965f  __TI_ltoa                     
00009705  atoi                          
00009751  snprintf                      
0000979d  __aeabi_d2iz                  
000097e5  __TI_auto_init_nobinit_nopinit
00009829  strtok                        
000098a9  sscanf                        
000098e1  _c_int00_noargs               
00009915  rand                          
00009979  __aeabi_i2d                   
000099a7  strspn                        
000099d1  memcmp                        
000099f5  srand                         
00009a19  strcspn                       
00009a3d  waitMicrosecond               
00009a61  __TI_zero_init_nomemset       
00009a7d  memccpy                       
00009a99  copysign                      
00009a99  copysignl                     
00009acb  __aeabi_lmul                  
00009ae3  strcmp                        
00009afb  strrchr                       
00009b13  strchr                        
00009b29  strcpy                        
00009b3d  strlen                        
00009b63  wcslen                        
00009b75  initSystemClockTo40Mhz        
00009b85  tolower                       
00009b95  __TI_decompress_none          
00009ba3  ResetISR                      
00009bb1  __aeabi_errno_addr            
00009bc1  _system_pre_init              
00009bc5  C$$EXIT                       
00009bc5  abort                         
00009bc8  _ctypes_                      
00009de8  __TI_Handler_Table_Base       
00009df4  __TI_Handler_Table_Limit      
00009e00  __TI_CINIT_Base               
00009e10  __TI_CINIT_Limit              
20000000  __stack                       
20000000  __start___llvm_prf_cnts       
20000000  __stop___llvm_prf_cnts        
20000200  __STACK_TOP                   
20001000  __STACK_END                   
20001000  sockets                       
20001118  strInput                      
2000116c  fn                            
20001194  period                        
200011bc  ticks                         
200011e4  reload                        
200011f0  tcpPorts                      
200011f8  dhcpOfferedIpAdd              
200011fc  dhcpServerIpAdd               
20001200  gatewayIp                     
20001204  tcpState                      
20001208  token                         
2000120c  xid                           
20001210  leaseSeconds                  
20001214  leaseT1                       
20001218  leaseT2                       
2000121c  discoverNeeded                
2000121d  requestNeeded                 
2000121e  releaseNeeded                 
2000121f  ipConflictDetectionMode       
20001220  dhcpState                     
20001221  dhcpEnabled                   
20001222  forceNakTest                  
20001223  count                         
20001224  mqttSocket                    
20001228  mqttPacketId                  
2000122a  mqttConnectPending            
2000122b  mqttSessionEstablished        
2000122c  mqttPingOutstanding           
2000122d  mqttKeepaliveExpired          
2000122f  tcpPortCount                  
20001230  _lock                         
20001234  _unlock                       
20001238  hwAddress                     
2000123e  ipAddress                     
20001242  ipDnsAddress                  
20001246  ipGwAddress                   
2000124a  ipMqttBrokerAddress           
2000124e  ipSubnetMask                  
20001252  ipTimeServerAddress           
20001258  errno                         
20001264  nextPacketLsb                 
20001265  nextPacketMsb                 
20001266  sequenceId                    
ffffffff  __TI_pprof_out_hndl           
ffffffff  __TI_prof_data_size           
ffffffff  __TI_prof_data_start          
ffffffff  __binit__                     
ffffffff  __c_args__                    
ffffffff  binit                         
UNDEFED   __mpu_init                    
UNDEFED   _system_post_cinit            

[314 symbols]
