<?xml version="1.0" encoding="ISO-8859-1" ?>
<link_info>
   <banner>TI ARM Linker PC v20.2.7.LTS</banner>
   <copyright>Copyright (c) 1996-2018 Texas Instruments Incorporated</copyright>
   <link_time>0x69cac96c</link_time>
   <link_errors>0x0</link_errors>
   <output_file>iot_given_code.out</output_file>
   <entry_point>
      <name>_c_int00_noargs</name>
      <address>0x96a1</address>
   </entry_point>
   <input_file_list>
      <input_file id="fl-2">
         <path>.\</path>
         <kind>object</kind>
         <file>arp.obj</file>
         <name>arp.obj</name>
      </input_file>
      <input_file id="fl-3">
         <path>.\</path>
         <kind>object</kind>
         <file>clock.obj</file>
         <name>clock.obj</name>
      </input_file>
      <input_file id="fl-4">
         <path>.\</path>
         <kind>object</kind>
         <file>dhcp.obj</file>
         <name>dhcp.obj</name>
      </input_file>
      <input_file id="fl-5">
         <path>.\</path>
         <kind>object</kind>
         <file>eeprom.obj</file>
         <name>eeprom.obj</name>
      </input_file>
      <input_file id="fl-6">
         <path>.\</path>
         <kind>object</kind>
         <file>eth0.obj</file>
         <name>eth0.obj</name>
      </input_file>
      <input_file id="fl-7">
         <path>.\</path>
         <kind>object</kind>
         <file>ethernet.obj</file>
         <name>ethernet.obj</name>
      </input_file>
      <input_file id="fl-8">
         <path>.\</path>
         <kind>object</kind>
         <file>gpio.obj</file>
         <name>gpio.obj</name>
      </input_file>
      <input_file id="fl-9">
         <path>.\</path>
         <kind>object</kind>
         <file>icmp.obj</file>
         <name>icmp.obj</name>
      </input_file>
      <input_file id="fl-a">
         <path>.\</path>
         <kind>object</kind>
         <file>ip.obj</file>
         <name>ip.obj</name>
      </input_file>
      <input_file id="fl-b">
         <path>.\</path>
         <kind>object</kind>
         <file>mqtt.obj</file>
         <name>mqtt.obj</name>
      </input_file>
      <input_file id="fl-c">
         <path>.\</path>
         <kind>object</kind>
         <file>nfc.obj</file>
         <name>nfc.obj</name>
      </input_file>
      <input_file id="fl-d">
         <path>.\</path>
         <kind>object</kind>
         <file>socket.obj</file>
         <name>socket.obj</name>
      </input_file>
      <input_file id="fl-e">
         <path>.\</path>
         <kind>object</kind>
         <file>spi0.obj</file>
         <name>spi0.obj</name>
      </input_file>
      <input_file id="fl-f">
         <path>.\</path>
         <kind>object</kind>
         <file>tcp.obj</file>
         <name>tcp.obj</name>
      </input_file>
      <input_file id="fl-10">
         <path>.\</path>
         <kind>object</kind>
         <file>timer.obj</file>
         <name>timer.obj</name>
      </input_file>
      <input_file id="fl-11">
         <path>.\</path>
         <kind>object</kind>
         <file>tm4c123gh6pm_startup_ccs.obj</file>
         <name>tm4c123gh6pm_startup_ccs.obj</name>
      </input_file>
      <input_file id="fl-12">
         <path>.\</path>
         <kind>object</kind>
         <file>uart0.obj</file>
         <name>uart0.obj</name>
      </input_file>
      <input_file id="fl-13">
         <path>.\</path>
         <kind>object</kind>
         <file>udp.obj</file>
         <name>udp.obj</name>
      </input_file>
      <input_file id="fl-14">
         <path>.\</path>
         <kind>object</kind>
         <file>wait.obj</file>
         <name>wait.obj</name>
      </input_file>
      <input_file id="fl-18">
         <kind>object</kind>
         <file>&lt;internal&gt;</file>
         <name>&lt;internal&gt;</name>
      </input_file>
      <input_file id="fl-ce">
         <path>C:\ti\ccs1281\ccs\tools\compiler\ti-cgt-arm_20.2.7.LTS\lib\</path>
         <kind>archive</kind>
         <file>rtsv7M4_T_le_v4SPD16_eabi.lib</file>
         <name>snprintf.c.obj</name>
      </input_file>
      <input_file id="fl-cf">
         <path>C:\ti\ccs1281\ccs\tools\compiler\ti-cgt-arm_20.2.7.LTS\lib\</path>
         <kind>archive</kind>
         <file>rtsv7M4_T_le_v4SPD16_eabi.lib</file>
         <name>sscanf.c.obj</name>
      </input_file>
      <input_file id="fl-d0">
         <path>C:\ti\ccs1281\ccs\tools\compiler\ti-cgt-arm_20.2.7.LTS\lib\</path>
         <kind>archive</kind>
         <file>rtsv7M4_T_le_v4SPD16_eabi.lib</file>
         <name>memcpy_t2.asm.obj</name>
      </input_file>
      <input_file id="fl-d1">
         <path>C:\ti\ccs1281\ccs\tools\compiler\ti-cgt-arm_20.2.7.LTS\lib\</path>
         <kind>archive</kind>
         <file>rtsv7M4_T_le_v4SPD16_eabi.lib</file>
         <name>memset_t2.asm.obj</name>
      </input_file>
      <input_file id="fl-d2">
         <path>C:\ti\ccs1281\ccs\tools\compiler\ti-cgt-arm_20.2.7.LTS\lib\</path>
         <kind>archive</kind>
         <file>rtsv7M4_T_le_v4SPD16_eabi.lib</file>
         <name>copy_zero_init.c.obj</name>
      </input_file>
      <input_file id="fl-d3">
         <path>C:\ti\ccs1281\ccs\tools\compiler\ti-cgt-arm_20.2.7.LTS\lib\</path>
         <kind>archive</kind>
         <file>rtsv7M4_T_le_v4SPD16_eabi.lib</file>
         <name>copy_decompress_none.c.obj</name>
      </input_file>
      <input_file id="fl-d4">
         <path>C:\ti\ccs1281\ccs\tools\compiler\ti-cgt-arm_20.2.7.LTS\lib\</path>
         <kind>archive</kind>
         <file>rtsv7M4_T_le_v4SPD16_eabi.lib</file>
         <name>copy_decompress_lzss.c.obj</name>
      </input_file>
      <input_file id="fl-d5">
         <path>C:\ti\ccs1281\ccs\tools\compiler\ti-cgt-arm_20.2.7.LTS\lib\</path>
         <kind>archive</kind>
         <file>rtsv7M4_T_le_v4SPD16_eabi.lib</file>
         <name>ctype.c.obj</name>
      </input_file>
      <input_file id="fl-d6">
         <path>C:\ti\ccs1281\ccs\tools\compiler\ti-cgt-arm_20.2.7.LTS\lib\</path>
         <kind>archive</kind>
         <file>rtsv7M4_T_le_v4SPD16_eabi.lib</file>
         <name>memcmp.c.obj</name>
      </input_file>
      <input_file id="fl-d7">
         <path>C:\ti\ccs1281\ccs\tools\compiler\ti-cgt-arm_20.2.7.LTS\lib\</path>
         <kind>archive</kind>
         <file>rtsv7M4_T_le_v4SPD16_eabi.lib</file>
         <name>rand.c.obj</name>
      </input_file>
      <input_file id="fl-d8">
         <path>C:\ti\ccs1281\ccs\tools\compiler\ti-cgt-arm_20.2.7.LTS\lib\</path>
         <kind>archive</kind>
         <file>rtsv7M4_T_le_v4SPD16_eabi.lib</file>
         <name>strcmp.c.obj</name>
      </input_file>
      <input_file id="fl-d9">
         <path>C:\ti\ccs1281\ccs\tools\compiler\ti-cgt-arm_20.2.7.LTS\lib\</path>
         <kind>archive</kind>
         <file>rtsv7M4_T_le_v4SPD16_eabi.lib</file>
         <name>strlen.c.obj</name>
      </input_file>
      <input_file id="fl-da">
         <path>C:\ti\ccs1281\ccs\tools\compiler\ti-cgt-arm_20.2.7.LTS\lib\</path>
         <kind>archive</kind>
         <file>rtsv7M4_T_le_v4SPD16_eabi.lib</file>
         <name>strtok.c.obj</name>
      </input_file>
      <input_file id="fl-db">
         <path>C:\ti\ccs1281\ccs\tools\compiler\ti-cgt-arm_20.2.7.LTS\lib\</path>
         <kind>archive</kind>
         <file>rtsv7M4_T_le_v4SPD16_eabi.lib</file>
         <name>tolower.c.obj</name>
      </input_file>
      <input_file id="fl-dc">
         <path>C:\ti\ccs1281\ccs\tools\compiler\ti-cgt-arm_20.2.7.LTS\lib\</path>
         <kind>archive</kind>
         <file>rtsv7M4_T_le_v4SPD16_eabi.lib</file>
         <name>boot_cortex_m.c.obj</name>
      </input_file>
      <input_file id="fl-dd">
         <path>C:\ti\ccs1281\ccs\tools\compiler\ti-cgt-arm_20.2.7.LTS\lib\</path>
         <kind>archive</kind>
         <file>rtsv7M4_T_le_v4SPD16_eabi.lib</file>
         <name>_printfi.c.obj</name>
      </input_file>
      <input_file id="fl-de">
         <path>C:\ti\ccs1281\ccs\tools\compiler\ti-cgt-arm_20.2.7.LTS\lib\</path>
         <kind>archive</kind>
         <file>rtsv7M4_T_le_v4SPD16_eabi.lib</file>
         <name>_scanfi.c.obj</name>
      </input_file>
      <input_file id="fl-df">
         <path>C:\ti\ccs1281\ccs\tools\compiler\ti-cgt-arm_20.2.7.LTS\lib\</path>
         <kind>archive</kind>
         <file>rtsv7M4_T_le_v4SPD16_eabi.lib</file>
         <name>fd_add_t2.asm.obj</name>
      </input_file>
      <input_file id="fl-e0">
         <path>C:\ti\ccs1281\ccs\tools\compiler\ti-cgt-arm_20.2.7.LTS\lib\</path>
         <kind>archive</kind>
         <file>rtsv7M4_T_le_v4SPD16_eabi.lib</file>
         <name>fd_cmp_t2.asm.obj</name>
      </input_file>
      <input_file id="fl-e1">
         <path>C:\ti\ccs1281\ccs\tools\compiler\ti-cgt-arm_20.2.7.LTS\lib\</path>
         <kind>archive</kind>
         <file>rtsv7M4_T_le_v4SPD16_eabi.lib</file>
         <name>fd_div_t2.asm.obj</name>
      </input_file>
      <input_file id="fl-e2">
         <path>C:\ti\ccs1281\ccs\tools\compiler\ti-cgt-arm_20.2.7.LTS\lib\</path>
         <kind>archive</kind>
         <file>rtsv7M4_T_le_v4SPD16_eabi.lib</file>
         <name>fd_mul_t2.asm.obj</name>
      </input_file>
      <input_file id="fl-e3">
         <path>C:\ti\ccs1281\ccs\tools\compiler\ti-cgt-arm_20.2.7.LTS\lib\</path>
         <kind>archive</kind>
         <file>rtsv7M4_T_le_v4SPD16_eabi.lib</file>
         <name>fd_toi_t2.asm.obj</name>
      </input_file>
      <input_file id="fl-e4">
         <path>C:\ti\ccs1281\ccs\tools\compiler\ti-cgt-arm_20.2.7.LTS\lib\</path>
         <kind>archive</kind>
         <file>rtsv7M4_T_le_v4SPD16_eabi.lib</file>
         <name>fd_tos_t2.asm.obj</name>
      </input_file>
      <input_file id="fl-e5">
         <path>C:\ti\ccs1281\ccs\tools\compiler\ti-cgt-arm_20.2.7.LTS\lib\</path>
         <kind>archive</kind>
         <file>rtsv7M4_T_le_v4SPD16_eabi.lib</file>
         <name>i_tofd_t2.asm.obj</name>
      </input_file>
      <input_file id="fl-e6">
         <path>C:\ti\ccs1281\ccs\tools\compiler\ti-cgt-arm_20.2.7.LTS\lib\</path>
         <kind>archive</kind>
         <file>rtsv7M4_T_le_v4SPD16_eabi.lib</file>
         <name>ull_div_t2.asm.obj</name>
      </input_file>
      <input_file id="fl-e7">
         <path>C:\ti\ccs1281\ccs\tools\compiler\ti-cgt-arm_20.2.7.LTS\lib\</path>
         <kind>archive</kind>
         <file>rtsv7M4_T_le_v4SPD16_eabi.lib</file>
         <name>autoinit.c.obj</name>
      </input_file>
      <input_file id="fl-e8">
         <path>C:\ti\ccs1281\ccs\tools\compiler\ti-cgt-arm_20.2.7.LTS\lib\</path>
         <kind>archive</kind>
         <file>rtsv7M4_T_le_v4SPD16_eabi.lib</file>
         <name>pre_init.c.obj</name>
      </input_file>
      <input_file id="fl-e9">
         <path>C:\ti\ccs1281\ccs\tools\compiler\ti-cgt-arm_20.2.7.LTS\lib\</path>
         <kind>archive</kind>
         <file>rtsv7M4_T_le_v4SPD16_eabi.lib</file>
         <name>cpy_tbl.c.obj</name>
      </input_file>
      <input_file id="fl-ea">
         <path>C:\ti\ccs1281\ccs\tools\compiler\ti-cgt-arm_20.2.7.LTS\lib\</path>
         <kind>archive</kind>
         <file>rtsv7M4_T_le_v4SPD16_eabi.lib</file>
         <name>exit.c.obj</name>
      </input_file>
      <input_file id="fl-eb">
         <path>C:\ti\ccs1281\ccs\tools\compiler\ti-cgt-arm_20.2.7.LTS\lib\</path>
         <kind>archive</kind>
         <file>rtsv7M4_T_le_v4SPD16_eabi.lib</file>
         <name>_lock.c.obj</name>
      </input_file>
      <input_file id="fl-ec">
         <path>C:\ti\ccs1281\ccs\tools\compiler\ti-cgt-arm_20.2.7.LTS\lib\</path>
         <kind>archive</kind>
         <file>rtsv7M4_T_le_v4SPD16_eabi.lib</file>
         <name>_ltoa.c.obj</name>
      </input_file>
      <input_file id="fl-ed">
         <path>C:\ti\ccs1281\ccs\tools\compiler\ti-cgt-arm_20.2.7.LTS\lib\</path>
         <kind>archive</kind>
         <file>rtsv7M4_T_le_v4SPD16_eabi.lib</file>
         <name>args_main.c.obj</name>
      </input_file>
      <input_file id="fl-ee">
         <path>C:\ti\ccs1281\ccs\tools\compiler\ti-cgt-arm_20.2.7.LTS\lib\</path>
         <kind>archive</kind>
         <file>rtsv7M4_T_le_v4SPD16_eabi.lib</file>
         <name>atoi.c.obj</name>
      </input_file>
      <input_file id="fl-ef">
         <path>C:\ti\ccs1281\ccs\tools\compiler\ti-cgt-arm_20.2.7.LTS\lib\</path>
         <kind>archive</kind>
         <file>rtsv7M4_T_le_v4SPD16_eabi.lib</file>
         <name>memccpy.c.obj</name>
      </input_file>
      <input_file id="fl-f0">
         <path>C:\ti\ccs1281\ccs\tools\compiler\ti-cgt-arm_20.2.7.LTS\lib\</path>
         <kind>archive</kind>
         <file>rtsv7M4_T_le_v4SPD16_eabi.lib</file>
         <name>strchr.c.obj</name>
      </input_file>
      <input_file id="fl-f1">
         <path>C:\ti\ccs1281\ccs\tools\compiler\ti-cgt-arm_20.2.7.LTS\lib\</path>
         <kind>archive</kind>
         <file>rtsv7M4_T_le_v4SPD16_eabi.lib</file>
         <name>strcpy.c.obj</name>
      </input_file>
      <input_file id="fl-f2">
         <path>C:\ti\ccs1281\ccs\tools\compiler\ti-cgt-arm_20.2.7.LTS\lib\</path>
         <kind>archive</kind>
         <file>rtsv7M4_T_le_v4SPD16_eabi.lib</file>
         <name>strcspn.c.obj</name>
      </input_file>
      <input_file id="fl-f3">
         <path>C:\ti\ccs1281\ccs\tools\compiler\ti-cgt-arm_20.2.7.LTS\lib\</path>
         <kind>archive</kind>
         <file>rtsv7M4_T_le_v4SPD16_eabi.lib</file>
         <name>strrchr.c.obj</name>
      </input_file>
      <input_file id="fl-f4">
         <path>C:\ti\ccs1281\ccs\tools\compiler\ti-cgt-arm_20.2.7.LTS\lib\</path>
         <kind>archive</kind>
         <file>rtsv7M4_T_le_v4SPD16_eabi.lib</file>
         <name>strspn.c.obj</name>
      </input_file>
      <input_file id="fl-f5">
         <path>C:\ti\ccs1281\ccs\tools\compiler\ti-cgt-arm_20.2.7.LTS\lib\</path>
         <kind>archive</kind>
         <file>rtsv7M4_T_le_v4SPD16_eabi.lib</file>
         <name>strtod.c.obj</name>
      </input_file>
      <input_file id="fl-f6">
         <path>C:\ti\ccs1281\ccs\tools\compiler\ti-cgt-arm_20.2.7.LTS\lib\</path>
         <kind>archive</kind>
         <file>rtsv7M4_T_le_v4SPD16_eabi.lib</file>
         <name>strtol.c.obj</name>
      </input_file>
      <input_file id="fl-f7">
         <path>C:\ti\ccs1281\ccs\tools\compiler\ti-cgt-arm_20.2.7.LTS\lib\</path>
         <kind>archive</kind>
         <file>rtsv7M4_T_le_v4SPD16_eabi.lib</file>
         <name>strtoll.c.obj</name>
      </input_file>
      <input_file id="fl-f8">
         <path>C:\ti\ccs1281\ccs\tools\compiler\ti-cgt-arm_20.2.7.LTS\lib\</path>
         <kind>archive</kind>
         <file>rtsv7M4_T_le_v4SPD16_eabi.lib</file>
         <name>strtoul.c.obj</name>
      </input_file>
      <input_file id="fl-f9">
         <path>C:\ti\ccs1281\ccs\tools\compiler\ti-cgt-arm_20.2.7.LTS\lib\</path>
         <kind>archive</kind>
         <file>rtsv7M4_T_le_v4SPD16_eabi.lib</file>
         <name>strtoull.c.obj</name>
      </input_file>
      <input_file id="fl-fa">
         <path>C:\ti\ccs1281\ccs\tools\compiler\ti-cgt-arm_20.2.7.LTS\lib\</path>
         <kind>archive</kind>
         <file>rtsv7M4_T_le_v4SPD16_eabi.lib</file>
         <name>errno.c.obj</name>
      </input_file>
      <input_file id="fl-fb">
         <path>C:\ti\ccs1281\ccs\tools\compiler\ti-cgt-arm_20.2.7.LTS\lib\</path>
         <kind>archive</kind>
         <file>rtsv7M4_T_le_v4SPD16_eabi.lib</file>
         <name>wcslen.c.obj</name>
      </input_file>
      <input_file id="fl-fc">
         <path>C:\ti\ccs1281\ccs\tools\compiler\ti-cgt-arm_20.2.7.LTS\lib\</path>
         <kind>archive</kind>
         <file>rtsv7M4_T_le_v4SPD16_eabi.lib</file>
         <name>s_frexp.c.obj</name>
      </input_file>
      <input_file id="fl-fd">
         <path>C:\ti\ccs1281\ccs\tools\compiler\ti-cgt-arm_20.2.7.LTS\lib\</path>
         <kind>archive</kind>
         <file>rtsv7M4_T_le_v4SPD16_eabi.lib</file>
         <name>s_scalbn.c.obj</name>
      </input_file>
      <input_file id="fl-fe">
         <path>C:\ti\ccs1281\ccs\tools\compiler\ti-cgt-arm_20.2.7.LTS\lib\</path>
         <kind>archive</kind>
         <file>rtsv7M4_T_le_v4SPD16_eabi.lib</file>
         <name>div0.asm.obj</name>
      </input_file>
      <input_file id="fl-ff">
         <path>C:\ti\ccs1281\ccs\tools\compiler\ti-cgt-arm_20.2.7.LTS\lib\</path>
         <kind>archive</kind>
         <file>rtsv7M4_T_le_v4SPD16_eabi.lib</file>
         <name>ll_mul_t2.asm.obj</name>
      </input_file>
      <input_file id="fl-100">
         <path>C:\ti\ccs1281\ccs\tools\compiler\ti-cgt-arm_20.2.7.LTS\lib\</path>
         <kind>archive</kind>
         <file>rtsv7M4_T_le_v4SPD16_eabi.lib</file>
         <name>s_copysign.c.obj</name>
      </input_file>
   </input_file_list>
   <object_component_list>
      <object_component id="oc-12">
         <name>.intvecs</name>
         <load_address>0x0</load_address>
         <run_address>0x0</run_address>
         <size>0x26c</size>
         <input_file_ref idref="fl-11"/>
      </object_component>
      <object_component id="oc-102">
         <name>.text</name>
         <load_address>0x26c</load_address>
         <run_address>0x26c</run_address>
         <size>0x1288</size>
         <input_file_ref idref="fl-4"/>
      </object_component>
      <object_component id="oc-b2">
         <name>.text</name>
         <load_address>0x14f4</load_address>
         <run_address>0x14f4</run_address>
         <size>0xf3c</size>
         <input_file_ref idref="fl-7"/>
      </object_component>
      <object_component id="oc-145">
         <name>.text</name>
         <load_address>0x2430</load_address>
         <run_address>0x2430</run_address>
         <size>0xc34</size>
         <input_file_ref idref="fl-f"/>
      </object_component>
      <object_component id="oc-227">
         <name>.text:__TI_scanfi</name>
         <load_address>0x3064</load_address>
         <run_address>0x3064</run_address>
         <size>0xb14</size>
         <input_file_ref idref="fl-de"/>
      </object_component>
      <object_component id="oc-1d7">
         <name>.text:__TI_printfi</name>
         <load_address>0x3b78</load_address>
         <run_address>0x3b78</run_address>
         <size>0xa4e</size>
         <input_file_ref idref="fl-dd"/>
      </object_component>
      <object_component id="oc-39a">
         <name>.text:_nop</name>
         <load_address>0x45c6</load_address>
         <run_address>0x45c6</run_address>
         <size>0x2</size>
         <input_file_ref idref="fl-eb"/>
      </object_component>
      <object_component id="oc-12c">
         <name>.text</name>
         <load_address>0x45c8</load_address>
         <run_address>0x45c8</run_address>
         <size>0x86c</size>
         <input_file_ref idref="fl-b"/>
      </object_component>
      <object_component id="oc-e4">
         <name>.text</name>
         <load_address>0x4e34</load_address>
         <run_address>0x4e34</run_address>
         <size>0x808</size>
         <input_file_ref idref="fl-8"/>
      </object_component>
      <object_component id="oc-ea">
         <name>.text</name>
         <load_address>0x563c</load_address>
         <run_address>0x563c</run_address>
         <size>0x714</size>
         <input_file_ref idref="fl-6"/>
      </object_component>
      <object_component id="oc-133">
         <name>.text</name>
         <load_address>0x5d50</load_address>
         <run_address>0x5d50</run_address>
         <size>0x664</size>
         <input_file_ref idref="fl-c"/>
      </object_component>
      <object_component id="oc-fc">
         <name>.text</name>
         <load_address>0x63b4</load_address>
         <run_address>0x63b4</run_address>
         <size>0x4b0</size>
         <input_file_ref idref="fl-a"/>
      </object_component>
      <object_component id="oc-335">
         <name>.text:strtod</name>
         <load_address>0x6864</load_address>
         <run_address>0x6864</run_address>
         <size>0x460</size>
         <input_file_ref idref="fl-f5"/>
      </object_component>
      <object_component id="oc-2d">
         <name>.text</name>
         <load_address>0x6cc4</load_address>
         <run_address>0x6cc4</run_address>
         <size>0x360</size>
         <input_file_ref idref="fl-10"/>
      </object_component>
      <object_component id="oc-151">
         <name>.text</name>
         <load_address>0x7024</load_address>
         <run_address>0x7024</run_address>
         <size>0x2f4</size>
         <input_file_ref idref="fl-2"/>
      </object_component>
      <object_component id="oc-139">
         <name>.text</name>
         <load_address>0x7318</load_address>
         <run_address>0x7318</run_address>
         <size>0x2e0</size>
         <input_file_ref idref="fl-d"/>
      </object_component>
      <object_component id="oc-15d">
         <name>.text</name>
         <load_address>0x75f8</load_address>
         <run_address>0x75f8</run_address>
         <size>0x2d2</size>
         <input_file_ref idref="fl-13"/>
      </object_component>
      <object_component id="oc-461">
         <name>.text</name>
         <load_address>0x78ca</load_address>
         <run_address>0x78ca</run_address>
         <size>0x2</size>
         <input_file_ref idref="fl-fe"/>
      </object_component>
      <object_component id="oc-2e0">
         <name>.text:_pconv_a</name>
         <load_address>0x78cc</load_address>
         <run_address>0x78cc</run_address>
         <size>0x270</size>
         <input_file_ref idref="fl-dd"/>
      </object_component>
      <object_component id="oc-346">
         <name>.text:strtoll</name>
         <load_address>0x7b3c</load_address>
         <run_address>0x7b3c</run_address>
         <size>0x1dc</size>
         <input_file_ref idref="fl-f7"/>
      </object_component>
      <object_component id="oc-2ce">
         <name>.text:_pconv_g</name>
         <load_address>0x7d18</load_address>
         <run_address>0x7d18</run_address>
         <size>0x1d0</size>
         <input_file_ref idref="fl-dd"/>
      </object_component>
      <object_component id="oc-3e1">
         <name>.text</name>
         <load_address>0x7ee8</load_address>
         <run_address>0x7ee8</run_address>
         <size>0x1b6</size>
         <input_file_ref idref="fl-df"/>
      </object_component>
      <object_component id="oc-157">
         <name>.text</name>
         <load_address>0x809e</load_address>
         <run_address>0x809e</run_address>
         <size>0x160</size>
         <input_file_ref idref="fl-9"/>
      </object_component>
      <object_component id="oc-1c7">
         <name>.text</name>
         <load_address>0x8200</load_address>
         <run_address>0x8200</run_address>
         <size>0x160</size>
         <input_file_ref idref="fl-e"/>
      </object_component>
      <object_component id="oc-329">
         <name>.text:strtoull</name>
         <load_address>0x8360</load_address>
         <run_address>0x8360</run_address>
         <size>0x15c</size>
         <input_file_ref idref="fl-f9"/>
      </object_component>
      <object_component id="oc-2da">
         <name>.text:_pconv_e</name>
         <load_address>0x84bc</load_address>
         <run_address>0x84bc</run_address>
         <size>0x13c</size>
         <input_file_ref idref="fl-dd"/>
      </object_component>
      <object_component id="oc-3c7">
         <name>.text</name>
         <load_address>0x85f8</load_address>
         <run_address>0x85f8</run_address>
         <size>0x136</size>
         <input_file_ref idref="fl-e1"/>
      </object_component>
      <object_component id="oc-340">
         <name>.text:strtol</name>
         <load_address>0x8730</load_address>
         <run_address>0x8730</run_address>
         <size>0x130</size>
         <input_file_ref idref="fl-f6"/>
      </object_component>
      <object_component id="oc-f0">
         <name>.text</name>
         <load_address>0x8860</load_address>
         <run_address>0x8860</run_address>
         <size>0x128</size>
         <input_file_ref idref="fl-12"/>
      </object_component>
      <object_component id="oc-3f3">
         <name>.text:fcvt</name>
         <load_address>0x8988</load_address>
         <run_address>0x8988</run_address>
         <size>0x124</size>
         <input_file_ref idref="fl-dd"/>
      </object_component>
      <object_component id="oc-407">
         <name>.text:scalbn</name>
         <load_address>0x8aac</load_address>
         <run_address>0x8aac</run_address>
         <size>0x110</size>
         <input_file_ref idref="fl-fd"/>
      </object_component>
      <object_component id="oc-32f">
         <name>.text:strtoul</name>
         <load_address>0x8bbc</load_address>
         <run_address>0x8bbc</run_address>
         <size>0x110</size>
         <input_file_ref idref="fl-f8"/>
      </object_component>
      <object_component id="oc-3c2">
         <name>.text</name>
         <load_address>0x8ccc</load_address>
         <run_address>0x8ccc</run_address>
         <size>0xfc</size>
         <input_file_ref idref="fl-e2"/>
      </object_component>
      <object_component id="oc-2c3">
         <name>.text:_ltostr</name>
         <load_address>0x8dc8</load_address>
         <run_address>0x8dc8</run_address>
         <size>0xb1</size>
         <input_file_ref idref="fl-dd"/>
      </object_component>
      <object_component id="oc-41">
         <name>.text</name>
         <load_address>0x8e7a</load_address>
         <run_address>0x8e7a</run_address>
         <size>0x9c</size>
         <input_file_ref idref="fl-d0"/>
      </object_component>
      <object_component id="oc-3bb">
         <name>.text</name>
         <load_address>0x8f16</load_address>
         <run_address>0x8f16</run_address>
         <size>0x96</size>
         <input_file_ref idref="fl-e6"/>
      </object_component>
      <object_component id="oc-2c9">
         <name>.text:__aeabi_cdcmple</name>
         <load_address>0x8fac</load_address>
         <run_address>0x8fac</run_address>
         <size>0x86</size>
         <input_file_ref idref="fl-e0"/>
      </object_component>
      <object_component id="oc-3cc">
         <name>.text:__aeabi_cdrcmple</name>
         <load_address>0x9032</load_address>
         <run_address>0x9032</run_address>
         <size>0x86</size>
         <input_file_ref idref="fl-e0"/>
      </object_component>
      <object_component id="oc-108">
         <name>.text</name>
         <load_address>0x90b8</load_address>
         <run_address>0x90b8</run_address>
         <size>0x84</size>
         <input_file_ref idref="fl-5"/>
      </object_component>
      <object_component id="oc-a6">
         <name>.text</name>
         <load_address>0x913c</load_address>
         <run_address>0x913c</run_address>
         <size>0x7a</size>
         <input_file_ref idref="fl-d1"/>
      </object_component>
      <object_component id="oc-3ec">
         <name>.text:_mcpy</name>
         <load_address>0x91b6</load_address>
         <run_address>0x91b6</run_address>
         <size>0x6e</size>
         <input_file_ref idref="fl-dd"/>
      </object_component>
      <object_component id="oc-33b">
         <name>.text</name>
         <load_address>0x9224</load_address>
         <run_address>0x9224</run_address>
         <size>0x6e</size>
         <input_file_ref idref="fl-e4"/>
      </object_component>
      <object_component id="oc-239">
         <name>.text:_chkmbc</name>
         <load_address>0x9294</load_address>
         <run_address>0x9294</run_address>
         <size>0x68</size>
         <input_file_ref idref="fl-cf"/>
      </object_component>
      <object_component id="oc-15">
         <name>.text:decompress:lzss:__TI_decompress_lzss</name>
         <load_address>0x92fc</load_address>
         <run_address>0x92fc</run_address>
         <size>0x68</size>
         <input_file_ref idref="fl-d4"/>
      </object_component>
      <object_component id="oc-401">
         <name>.text:frexp</name>
         <load_address>0x9364</load_address>
         <run_address>0x9364</run_address>
         <size>0x64</size>
         <input_file_ref idref="fl-fc"/>
      </object_component>
      <object_component id="oc-2d4">
         <name>.text:_pconv_f</name>
         <load_address>0x93c8</load_address>
         <run_address>0x93c8</run_address>
         <size>0x56</size>
         <input_file_ref idref="fl-dd"/>
      </object_component>
      <object_component id="oc-3d6">
         <name>.text:__TI_ltoa</name>
         <load_address>0x941e</load_address>
         <run_address>0x941e</run_address>
         <size>0x54</size>
         <input_file_ref idref="fl-ec"/>
      </object_component>
      <object_component id="oc-3e6">
         <name>.text:_ecpy</name>
         <load_address>0x9472</load_address>
         <run_address>0x9472</run_address>
         <size>0x52</size>
         <input_file_ref idref="fl-dd"/>
      </object_component>
      <object_component id="oc-2bd">
         <name>.text:atoi</name>
         <load_address>0x94c4</load_address>
         <run_address>0x94c4</run_address>
         <size>0x4c</size>
         <input_file_ref idref="fl-ee"/>
      </object_component>
      <object_component id="oc-f6">
         <name>.text:snprintf</name>
         <load_address>0x9510</load_address>
         <run_address>0x9510</run_address>
         <size>0x4c</size>
         <input_file_ref idref="fl-ce"/>
      </object_component>
      <object_component id="oc-3d1">
         <name>.text</name>
         <load_address>0x955c</load_address>
         <run_address>0x955c</run_address>
         <size>0x48</size>
         <input_file_ref idref="fl-e3"/>
      </object_component>
      <object_component id="oc-175">
         <name>.text:__TI_auto_init_nobinit_nopinit:__TI_auto_init_nobinit_nopinit</name>
         <load_address>0x95a4</load_address>
         <run_address>0x95a4</run_address>
         <size>0x44</size>
         <input_file_ref idref="fl-e7"/>
      </object_component>
      <object_component id="oc-11a">
         <name>.text:strtok</name>
         <load_address>0x95e8</load_address>
         <run_address>0x95e8</run_address>
         <size>0x40</size>
         <input_file_ref idref="fl-da"/>
      </object_component>
      <object_component id="oc-3f9">
         <name>.text:_fcpy</name>
         <load_address>0x9628</load_address>
         <run_address>0x9628</run_address>
         <size>0x3e</size>
         <input_file_ref idref="fl-dd"/>
      </object_component>
      <object_component id="oc-114">
         <name>.text:sscanf</name>
         <load_address>0x9668</load_address>
         <run_address>0x9668</run_address>
         <size>0x38</size>
         <input_file_ref idref="fl-cf"/>
      </object_component>
      <object_component id="oc-5f">
         <name>.text:_c_int00_noargs:_c_int00_noargs</name>
         <load_address>0x96a0</load_address>
         <run_address>0x96a0</run_address>
         <size>0x34</size>
         <input_file_ref idref="fl-dc"/>
      </object_component>
      <object_component id="oc-21a">
         <name>.text:rand</name>
         <load_address>0x96d4</load_address>
         <run_address>0x96d4</run_address>
         <size>0x34</size>
         <input_file_ref idref="fl-d7"/>
      </object_component>
      <object_component id="oc-1dd">
         <name>.text:_outs</name>
         <load_address>0x9708</load_address>
         <run_address>0x9708</run_address>
         <size>0x30</size>
         <input_file_ref idref="fl-ce"/>
      </object_component>
      <object_component id="oc-3dc">
         <name>.text</name>
         <load_address>0x9738</load_address>
         <run_address>0x9738</run_address>
         <size>0x2e</size>
         <input_file_ref idref="fl-e5"/>
      </object_component>
      <object_component id="oc-241">
         <name>.text:strspn</name>
         <load_address>0x9766</load_address>
         <run_address>0x9766</run_address>
         <size>0x2a</size>
         <input_file_ref idref="fl-f4"/>
      </object_component>
      <object_component id="oc-14b">
         <name>.text:memcmp</name>
         <load_address>0x9790</load_address>
         <run_address>0x9790</run_address>
         <size>0x24</size>
         <input_file_ref idref="fl-d6"/>
      </object_component>
      <object_component id="oc-214">
         <name>.text:srand</name>
         <load_address>0x97b4</load_address>
         <run_address>0x97b4</run_address>
         <size>0x24</size>
         <input_file_ref idref="fl-d7"/>
      </object_component>
      <object_component id="oc-247">
         <name>.text:strcspn</name>
         <load_address>0x97d8</load_address>
         <run_address>0x97d8</run_address>
         <size>0x24</size>
         <input_file_ref idref="fl-f2"/>
      </object_component>
      <object_component id="oc-13f">
         <name>.text</name>
         <load_address>0x97fc</load_address>
         <run_address>0x97fc</run_address>
         <size>0x24</size>
         <input_file_ref idref="fl-14"/>
      </object_component>
      <object_component id="oc-4d">
         <name>.text:decompress:ZI:__TI_zero_init_nomemset:__TI_zero_init_nomemset</name>
         <load_address>0x9820</load_address>
         <run_address>0x9820</run_address>
         <size>0x1c</size>
         <input_file_ref idref="fl-d2"/>
      </object_component>
      <object_component id="oc-2e6">
         <name>.text:memccpy</name>
         <load_address>0x983c</load_address>
         <run_address>0x983c</run_address>
         <size>0x1c</size>
         <input_file_ref idref="fl-ef"/>
      </object_component>
      <object_component id="oc-47a">
         <name>.text:copysign</name>
         <load_address>0x9858</load_address>
         <run_address>0x9858</run_address>
         <size>0x1a</size>
         <input_file_ref idref="fl-100"/>
      </object_component>
      <object_component id="oc-1e3">
         <name>.text:_outc</name>
         <load_address>0x9872</load_address>
         <run_address>0x9872</run_address>
         <size>0x18</size>
         <input_file_ref idref="fl-ce"/>
      </object_component>
      <object_component id="oc-430">
         <name>.text</name>
         <load_address>0x988a</load_address>
         <run_address>0x988a</run_address>
         <size>0x18</size>
         <input_file_ref idref="fl-ff"/>
      </object_component>
      <object_component id="oc-120">
         <name>.text:strcmp</name>
         <load_address>0x98a2</load_address>
         <run_address>0x98a2</run_address>
         <size>0x18</size>
         <input_file_ref idref="fl-d8"/>
      </object_component>
      <object_component id="oc-34c">
         <name>.text:strrchr</name>
         <load_address>0x98ba</load_address>
         <run_address>0x98ba</run_address>
         <size>0x18</size>
         <input_file_ref idref="fl-f3"/>
      </object_component>
      <object_component id="oc-352">
         <name>.text:strchr</name>
         <load_address>0x98d2</load_address>
         <run_address>0x98d2</run_address>
         <size>0x16</size>
         <input_file_ref idref="fl-f0"/>
      </object_component>
      <object_component id="oc-323">
         <name>.text:strcpy</name>
         <load_address>0x98e8</load_address>
         <run_address>0x98e8</run_address>
         <size>0x14</size>
         <input_file_ref idref="fl-f1"/>
      </object_component>
      <object_component id="oc-262">
         <name>.text:strlen</name>
         <load_address>0x98fc</load_address>
         <run_address>0x98fc</run_address>
         <size>0x14</size>
         <input_file_ref idref="fl-d9"/>
      </object_component>
      <object_component id="oc-22d">
         <name>.text:_inpchar</name>
         <load_address>0x9910</load_address>
         <run_address>0x9910</run_address>
         <size>0x12</size>
         <input_file_ref idref="fl-cf"/>
      </object_component>
      <object_component id="oc-2ec">
         <name>.text:wcslen</name>
         <load_address>0x9922</load_address>
         <run_address>0x9922</run_address>
         <size>0x12</size>
         <input_file_ref idref="fl-fb"/>
      </object_component>
      <object_component id="oc-de">
         <name>.text</name>
         <load_address>0x9934</load_address>
         <run_address>0x9934</run_address>
         <size>0x10</size>
         <input_file_ref idref="fl-3"/>
      </object_component>
      <object_component id="oc-10e">
         <name>.text:tolower</name>
         <load_address>0x9944</load_address>
         <run_address>0x9944</run_address>
         <size>0x10</size>
         <input_file_ref idref="fl-db"/>
      </object_component>
      <object_component id="oc-1b">
         <name>.text:decompress:none:__TI_decompress_none</name>
         <load_address>0x9954</load_address>
         <run_address>0x9954</run_address>
         <size>0xe</size>
         <input_file_ref idref="fl-d3"/>
      </object_component>
      <object_component id="oc-27">
         <name>.text</name>
         <load_address>0x9962</load_address>
         <run_address>0x9962</run_address>
         <size>0xc</size>
         <input_file_ref idref="fl-11"/>
      </object_component>
      <object_component id="oc-2f2">
         <name>.text:__aeabi_errno_addr</name>
         <load_address>0x9970</load_address>
         <run_address>0x9970</run_address>
         <size>0x8</size>
         <input_file_ref idref="fl-fa"/>
      </object_component>
      <object_component id="oc-233">
         <name>.text:_uninpchar</name>
         <load_address>0x9978</load_address>
         <run_address>0x9978</run_address>
         <size>0x8</size>
         <input_file_ref idref="fl-cf"/>
      </object_component>
      <object_component id="oc-ac">
         <name>.text:_system_pre_init</name>
         <load_address>0x9980</load_address>
         <run_address>0x9980</run_address>
         <size>0x4</size>
         <input_file_ref idref="fl-e8"/>
      </object_component>
      <object_component id="oc-169">
         <name>.text:abort:abort</name>
         <load_address>0x9984</load_address>
         <run_address>0x9984</run_address>
         <size>0x4</size>
         <input_file_ref idref="fl-ea"/>
      </object_component>
      <object_component id="oc-222">
         <name>.const:.string:_ctypes_</name>
         <load_address>0x9988</load_address>
         <run_address>0x9988</run_address>
         <size>0x101</size>
         <input_file_ref idref="fl-d5"/>
      </object_component>
      <object_component id="oc-26d">
         <name>.const:.string:ackFrame</name>
         <load_address>0x9a89</load_address>
         <run_address>0x9a89</run_address>
         <size>0x6</size>
         <input_file_ref idref="fl-c"/>
      </object_component>
      <object_component id="oc-270">
         <name>.const:.string:$P$T0$1</name>
         <load_address>0x9a8f</load_address>
         <run_address>0x9a8f</run_address>
         <size>0x1</size>
         <input_file_ref idref="fl-c"/>
      </object_component>
      <object_component id="oc-439">
         <name>.const:$O1$$</name>
         <load_address>0x9a90</load_address>
         <run_address>0x9a90</run_address>
         <size>0xc8</size>
         <input_file_ref idref="fl-f5"/>
      </object_component>
      <object_component id="oc-358">
         <name>.const:$O1$$</name>
         <load_address>0x9b58</load_address>
         <run_address>0x9b58</run_address>
         <size>0x10</size>
         <input_file_ref idref="fl-de"/>
      </object_component>
      <object_component id="oc-273">
         <name>.const:.string:$P$T1$2</name>
         <load_address>0x9b68</load_address>
         <run_address>0x9b68</run_address>
         <size>0x4</size>
         <input_file_ref idref="fl-c"/>
      </object_component>
      <object_component id="oc-279">
         <name>.const:.string:$P$T2$3</name>
         <load_address>0x9b6c</load_address>
         <run_address>0x9b6c</run_address>
         <size>0x3</size>
         <input_file_ref idref="fl-c"/>
      </object_component>
      <object_component id="oc-4df">
         <name>.cinit..data.load</name>
         <load_address>0x9b70</load_address>
         <run_address>0x9b70</run_address>
         <size>0x1e</size>
      </object_component>
      <object_component id="oc-4dd">
         <name>__TI_handler_table</name>
         <load_address>0x9b90</load_address>
         <run_address>0x9b90</run_address>
         <size>0xc</size>
      </object_component>
      <object_component id="oc-4e0">
         <name>.cinit..bss.load</name>
         <load_address>0x9ba0</load_address>
         <run_address>0x9ba0</run_address>
         <size>0x8</size>
      </object_component>
      <object_component id="oc-4de">
         <name>__TI_cinit_table</name>
         <load_address>0x9ba8</load_address>
         <run_address>0x9ba8</run_address>
         <size>0x10</size>
      </object_component>
      <object_component id="oc-20e">
         <name>.data</name>
         <load_address>0x2000120c</load_address>
         <run_address>0x2000120c</run_address>
         <size>0x17</size>
         <input_file_ref idref="fl-4"/>
      </object_component>
      <object_component id="oc-1cd">
         <name>.data</name>
         <load_address>0x20001264</load_address>
         <run_address>0x20001264</run_address>
         <size>0x3</size>
         <input_file_ref idref="fl-6"/>
      </object_component>
      <object_component id="oc-1d0">
         <name>.data:hwAddress</name>
         <load_address>0x20001238</load_address>
         <run_address>0x20001238</run_address>
         <size>0x6</size>
         <input_file_ref idref="fl-6"/>
      </object_component>
      <object_component id="oc-126">
         <name>.data</name>
         <load_address>0x20001223</load_address>
         <run_address>0x20001223</run_address>
         <size>0x1</size>
         <input_file_ref idref="fl-7"/>
      </object_component>
      <object_component id="oc-1fa">
         <name>.data:ipAddress</name>
         <load_address>0x2000123e</load_address>
         <run_address>0x2000123e</run_address>
         <size>0x4</size>
         <input_file_ref idref="fl-a"/>
      </object_component>
      <object_component id="oc-1fd">
         <name>.data:ipSubnetMask</name>
         <load_address>0x2000124e</load_address>
         <run_address>0x2000124e</run_address>
         <size>0x4</size>
         <input_file_ref idref="fl-a"/>
      </object_component>
      <object_component id="oc-200">
         <name>.data:ipGwAddress</name>
         <load_address>0x20001246</load_address>
         <run_address>0x20001246</run_address>
         <size>0x4</size>
         <input_file_ref idref="fl-a"/>
      </object_component>
      <object_component id="oc-203">
         <name>.data:ipDnsAddress</name>
         <load_address>0x20001242</load_address>
         <run_address>0x20001242</run_address>
         <size>0x4</size>
         <input_file_ref idref="fl-a"/>
      </object_component>
      <object_component id="oc-206">
         <name>.data:ipTimeServerAddress</name>
         <load_address>0x20001252</load_address>
         <run_address>0x20001252</run_address>
         <size>0x4</size>
         <input_file_ref idref="fl-a"/>
      </object_component>
      <object_component id="oc-209">
         <name>.data:ipMqttBrokerAddress</name>
         <load_address>0x2000124a</load_address>
         <run_address>0x2000124a</run_address>
         <size>0x4</size>
         <input_file_ref idref="fl-a"/>
      </object_component>
      <object_component id="oc-268">
         <name>.data</name>
         <load_address>0x20001224</load_address>
         <run_address>0x20001224</run_address>
         <size>0xa</size>
         <input_file_ref idref="fl-b"/>
      </object_component>
      <object_component id="oc-276">
         <name>.data</name>
         <load_address>0x2000122e</load_address>
         <run_address>0x2000122e</run_address>
         <size>0x1</size>
         <input_file_ref idref="fl-c"/>
      </object_component>
      <object_component id="oc-286">
         <name>.data</name>
         <load_address>0x2000122f</load_address>
         <run_address>0x2000122f</run_address>
         <size>0x1</size>
         <input_file_ref idref="fl-f"/>
      </object_component>
      <object_component id="oc-318">
         <name>.data</name>
         <load_address>0x2000125c</load_address>
         <run_address>0x2000125c</run_address>
         <size>0x4</size>
         <input_file_ref idref="fl-d7"/>
      </object_component>
      <object_component id="oc-24d">
         <name>.data</name>
         <load_address>0x20001260</load_address>
         <run_address>0x20001260</run_address>
         <size>0x4</size>
         <input_file_ref idref="fl-da"/>
      </object_component>
      <object_component id="oc-296">
         <name>.data:$O1$$</name>
         <load_address>0x20001230</load_address>
         <run_address>0x20001230</run_address>
         <size>0x8</size>
         <input_file_ref idref="fl-eb"/>
      </object_component>
      <object_component id="oc-417">
         <name>.data</name>
         <load_address>0x20001258</load_address>
         <run_address>0x20001258</run_address>
         <size>0x4</size>
         <input_file_ref idref="fl-fa"/>
      </object_component>
      <object_component id="oc-213">
         <name>.common:gatewayIp</name>
         <uninitialized>true</uninitialized>
         <run_address>0x20001200</run_address>
         <size>0x4</size>
      </object_component>
      <object_component id="oc-212">
         <name>.common:dhcpOfferedIpAdd</name>
         <uninitialized>true</uninitialized>
         <run_address>0x200011f8</run_address>
         <size>0x4</size>
      </object_component>
      <object_component id="oc-211">
         <name>.common:dhcpServerIpAdd</name>
         <uninitialized>true</uninitialized>
         <run_address>0x200011fc</run_address>
         <size>0x4</size>
      </object_component>
      <object_component id="oc-129">
         <name>.common:strInput</name>
         <uninitialized>true</uninitialized>
         <run_address>0x20001118</run_address>
         <size>0x54</size>
      </object_component>
      <object_component id="oc-132">
         <name>.common:token</name>
         <uninitialized>true</uninitialized>
         <run_address>0x20001208</run_address>
         <size>0x4</size>
      </object_component>
      <object_component id="oc-27e">
         <name>.common:sockets</name>
         <uninitialized>true</uninitialized>
         <run_address>0x20001000</run_address>
         <size>0x118</size>
      </object_component>
      <object_component id="oc-283">
         <name>.common:tcpPorts</name>
         <uninitialized>true</uninitialized>
         <run_address>0x200011f0</run_address>
         <size>0x8</size>
      </object_component>
      <object_component id="oc-289">
         <name>.common:tcpState</name>
         <uninitialized>true</uninitialized>
         <run_address>0x20001204</run_address>
         <size>0x4</size>
      </object_component>
      <object_component id="oc-78">
         <name>.common:fn</name>
         <uninitialized>true</uninitialized>
         <run_address>0x2000116c</run_address>
         <size>0x28</size>
      </object_component>
      <object_component id="oc-74">
         <name>.common:period</name>
         <uninitialized>true</uninitialized>
         <run_address>0x20001194</run_address>
         <size>0x28</size>
      </object_component>
      <object_component id="oc-77">
         <name>.common:ticks</name>
         <uninitialized>true</uninitialized>
         <run_address>0x200011bc</run_address>
         <size>0x28</size>
      </object_component>
      <object_component id="oc-79">
         <name>.common:reload</name>
         <uninitialized>true</uninitialized>
         <run_address>0x200011e4</run_address>
         <size>0xc</size>
      </object_component>
      <object_component id="oc-24">
         <name>.stack</name>
         <uninitialized>true</uninitialized>
         <run_address>0x20000000</run_address>
         <size>0x4</size>
         <input_file_ref idref="fl-dc"/>
      </object_component>
      <object_component id="oc-4e2">
         <name>.stack</name>
         <uninitialized>true</uninitialized>
         <run_address>0x20000000</run_address>
         <size>0x0</size>
      </object_component>
      <object_component id="oc-cd">
         <name>.debug_info</name>
         <load_address>0x0</load_address>
         <run_address>0x0</run_address>
         <size>0x384</size>
         <input_file_ref idref="fl-2"/>
      </object_component>
      <object_component id="oc-152">
         <name>.debug_info</name>
         <load_address>0x384</load_address>
         <run_address>0x384</run_address>
         <size>0x4e8</size>
         <input_file_ref idref="fl-2"/>
      </object_component>
      <object_component id="oc-8c">
         <name>.debug_info</name>
         <load_address>0x86c</load_address>
         <run_address>0x86c</run_address>
         <size>0x26b</size>
         <input_file_ref idref="fl-2"/>
      </object_component>
      <object_component id="oc-80">
         <name>.debug_info</name>
         <load_address>0xad7</load_address>
         <run_address>0xad7</run_address>
         <size>0x8b</size>
         <input_file_ref idref="fl-2"/>
      </object_component>
      <object_component id="oc-c6">
         <name>.debug_info</name>
         <load_address>0xb62</load_address>
         <run_address>0xb62</run_address>
         <size>0x2a4</size>
         <input_file_ref idref="fl-2"/>
      </object_component>
      <object_component id="oc-7b">
         <name>.debug_info</name>
         <load_address>0xe06</load_address>
         <run_address>0xe06</run_address>
         <size>0xbb</size>
         <input_file_ref idref="fl-2"/>
      </object_component>
      <object_component id="oc-25d">
         <name>.debug_info</name>
         <load_address>0xec1</load_address>
         <run_address>0xec1</run_address>
         <size>0xcc</size>
         <input_file_ref idref="fl-2"/>
      </object_component>
      <object_component id="oc-1f5">
         <name>.debug_info</name>
         <load_address>0xf8d</load_address>
         <run_address>0xf8d</run_address>
         <size>0x2c</size>
         <input_file_ref idref="fl-2"/>
      </object_component>
      <object_component id="oc-1a9">
         <name>.debug_info</name>
         <load_address>0xfb9</load_address>
         <run_address>0xfb9</run_address>
         <size>0xee</size>
         <input_file_ref idref="fl-2"/>
      </object_component>
      <object_component id="oc-1ae">
         <name>.debug_info</name>
         <load_address>0x10a7</load_address>
         <run_address>0x10a7</run_address>
         <size>0xe1</size>
         <input_file_ref idref="fl-2"/>
      </object_component>
      <object_component id="oc-1b3">
         <name>.debug_info</name>
         <load_address>0x1188</load_address>
         <run_address>0x1188</run_address>
         <size>0x12e</size>
         <input_file_ref idref="fl-2"/>
      </object_component>
      <object_component id="oc-e0">
         <name>.debug_info</name>
         <load_address>0x12b6</load_address>
         <run_address>0x12b6</run_address>
         <size>0x124</size>
         <input_file_ref idref="fl-3"/>
      </object_component>
      <object_component id="oc-3c">
         <name>.debug_info</name>
         <load_address>0x13da</load_address>
         <run_address>0x13da</run_address>
         <size>0x84</size>
         <input_file_ref idref="fl-3"/>
      </object_component>
      <object_component id="oc-cb">
         <name>.debug_info</name>
         <load_address>0x145e</load_address>
         <run_address>0x145e</run_address>
         <size>0x629</size>
         <input_file_ref idref="fl-4"/>
      </object_component>
      <object_component id="oc-20f">
         <name>.debug_info</name>
         <load_address>0x1a87</load_address>
         <run_address>0x1a87</run_address>
         <size>0x295</size>
         <input_file_ref idref="fl-4"/>
      </object_component>
      <object_component id="oc-103">
         <name>.debug_info</name>
         <load_address>0x1d1c</load_address>
         <run_address>0x1d1c</run_address>
         <size>0x1b10</size>
         <input_file_ref idref="fl-4"/>
      </object_component>
      <object_component id="oc-85">
         <name>.debug_info</name>
         <load_address>0x382c</load_address>
         <run_address>0x382c</run_address>
         <size>0x2c</size>
         <input_file_ref idref="fl-4"/>
      </object_component>
      <object_component id="oc-164">
         <name>.debug_info</name>
         <load_address>0x3858</load_address>
         <run_address>0x3858</run_address>
         <size>0xc6</size>
         <input_file_ref idref="fl-4"/>
      </object_component>
      <object_component id="oc-1b8">
         <name>.debug_info</name>
         <load_address>0x391e</load_address>
         <run_address>0x391e</run_address>
         <size>0x9e</size>
         <input_file_ref idref="fl-4"/>
      </object_component>
      <object_component id="oc-10a">
         <name>.debug_info</name>
         <load_address>0x39bc</load_address>
         <run_address>0x39bc</run_address>
         <size>0x20c</size>
         <input_file_ref idref="fl-5"/>
      </object_component>
      <object_component id="oc-1d4">
         <name>.debug_info</name>
         <load_address>0x3bc8</load_address>
         <run_address>0x3bc8</run_address>
         <size>0x46e</size>
         <input_file_ref idref="fl-6"/>
      </object_component>
      <object_component id="oc-1ce">
         <name>.debug_info</name>
         <load_address>0x4036</load_address>
         <run_address>0x4036</run_address>
         <size>0x135</size>
         <input_file_ref idref="fl-6"/>
      </object_component>
      <object_component id="oc-1d1">
         <name>.debug_info</name>
         <load_address>0x416b</load_address>
         <run_address>0x416b</run_address>
         <size>0xdd</size>
         <input_file_ref idref="fl-6"/>
      </object_component>
      <object_component id="oc-eb">
         <name>.debug_info</name>
         <load_address>0x4248</load_address>
         <run_address>0x4248</run_address>
         <size>0x188e</size>
         <input_file_ref idref="fl-6"/>
      </object_component>
      <object_component id="oc-1c1">
         <name>.debug_info</name>
         <load_address>0x5ad6</load_address>
         <run_address>0x5ad6</run_address>
         <size>0x88</size>
         <input_file_ref idref="fl-6"/>
      </object_component>
      <object_component id="oc-12a">
         <name>.debug_info</name>
         <load_address>0x5b5e</load_address>
         <run_address>0x5b5e</run_address>
         <size>0x11b4</size>
         <input_file_ref idref="fl-7"/>
      </object_component>
      <object_component id="oc-127">
         <name>.debug_info</name>
         <load_address>0x6d12</load_address>
         <run_address>0x6d12</run_address>
         <size>0x102</size>
         <input_file_ref idref="fl-7"/>
      </object_component>
      <object_component id="oc-b4">
         <name>.debug_info</name>
         <load_address>0x6e14</load_address>
         <run_address>0x6e14</run_address>
         <size>0x161f</size>
         <input_file_ref idref="fl-7"/>
      </object_component>
      <object_component id="oc-391">
         <name>.debug_info</name>
         <load_address>0x8433</load_address>
         <run_address>0x8433</run_address>
         <size>0xb2</size>
         <input_file_ref idref="fl-7"/>
      </object_component>
      <object_component id="oc-384">
         <name>.debug_info</name>
         <load_address>0x84e5</load_address>
         <run_address>0x84e5</run_address>
         <size>0xee</size>
         <input_file_ref idref="fl-7"/>
      </object_component>
      <object_component id="oc-258">
         <name>.debug_info</name>
         <load_address>0x85d3</load_address>
         <run_address>0x85d3</run_address>
         <size>0x35</size>
         <input_file_ref idref="fl-7"/>
      </object_component>
      <object_component id="oc-1c6">
         <name>.debug_info</name>
         <load_address>0x8608</load_address>
         <run_address>0x8608</run_address>
         <size>0x271</size>
         <input_file_ref idref="fl-8"/>
      </object_component>
      <object_component id="oc-e5">
         <name>.debug_info</name>
         <load_address>0x8879</load_address>
         <run_address>0x8879</run_address>
         <size>0x10f1</size>
         <input_file_ref idref="fl-8"/>
      </object_component>
      <object_component id="oc-28f">
         <name>.debug_info</name>
         <load_address>0x996a</load_address>
         <run_address>0x996a</run_address>
         <size>0x369</size>
         <input_file_ref idref="fl-9"/>
      </object_component>
      <object_component id="oc-15a">
         <name>.debug_info</name>
         <load_address>0x9cd3</load_address>
         <run_address>0x9cd3</run_address>
         <size>0x379</size>
         <input_file_ref idref="fl-9"/>
      </object_component>
      <object_component id="oc-20d">
         <name>.debug_info</name>
         <load_address>0xa04c</load_address>
         <run_address>0xa04c</run_address>
         <size>0x2fd</size>
         <input_file_ref idref="fl-a"/>
      </object_component>
      <object_component id="oc-1fb">
         <name>.debug_info</name>
         <load_address>0xa349</load_address>
         <run_address>0xa349</run_address>
         <size>0x103</size>
         <input_file_ref idref="fl-a"/>
      </object_component>
      <object_component id="oc-1fe">
         <name>.debug_info</name>
         <load_address>0xa44c</load_address>
         <run_address>0xa44c</run_address>
         <size>0x109</size>
         <input_file_ref idref="fl-a"/>
      </object_component>
      <object_component id="oc-201">
         <name>.debug_info</name>
         <load_address>0xa555</load_address>
         <run_address>0xa555</run_address>
         <size>0x107</size>
         <input_file_ref idref="fl-a"/>
      </object_component>
      <object_component id="oc-204">
         <name>.debug_info</name>
         <load_address>0xa65c</load_address>
         <run_address>0xa65c</run_address>
         <size>0x109</size>
         <input_file_ref idref="fl-a"/>
      </object_component>
      <object_component id="oc-207">
         <name>.debug_info</name>
         <load_address>0xa765</load_address>
         <run_address>0xa765</run_address>
         <size>0x117</size>
         <input_file_ref idref="fl-a"/>
      </object_component>
      <object_component id="oc-20a">
         <name>.debug_info</name>
         <load_address>0xa87c</load_address>
         <run_address>0xa87c</run_address>
         <size>0x117</size>
         <input_file_ref idref="fl-a"/>
      </object_component>
      <object_component id="oc-100">
         <name>.debug_info</name>
         <load_address>0xa993</load_address>
         <run_address>0xa993</run_address>
         <size>0xabb</size>
         <input_file_ref idref="fl-a"/>
      </object_component>
      <object_component id="oc-26c">
         <name>.debug_info</name>
         <load_address>0xb44e</load_address>
         <run_address>0xb44e</run_address>
         <size>0x610</size>
         <input_file_ref idref="fl-b"/>
      </object_component>
      <object_component id="oc-269">
         <name>.debug_info</name>
         <load_address>0xba5e</load_address>
         <run_address>0xba5e</run_address>
         <size>0x212</size>
         <input_file_ref idref="fl-b"/>
      </object_component>
      <object_component id="oc-12f">
         <name>.debug_info</name>
         <load_address>0xbc70</load_address>
         <run_address>0xbc70</run_address>
         <size>0x11e0</size>
         <input_file_ref idref="fl-b"/>
      </object_component>
      <object_component id="oc-27d">
         <name>.debug_info</name>
         <load_address>0xce50</load_address>
         <run_address>0xce50</run_address>
         <size>0x469</size>
         <input_file_ref idref="fl-c"/>
      </object_component>
      <object_component id="oc-277">
         <name>.debug_info</name>
         <load_address>0xd2b9</load_address>
         <run_address>0xd2b9</run_address>
         <size>0x101</size>
         <input_file_ref idref="fl-c"/>
      </object_component>
      <object_component id="oc-26e">
         <name>.debug_info</name>
         <load_address>0xd3ba</load_address>
         <run_address>0xd3ba</run_address>
         <size>0x101</size>
         <input_file_ref idref="fl-c"/>
      </object_component>
      <object_component id="oc-271">
         <name>.debug_info</name>
         <load_address>0xd4bb</load_address>
         <run_address>0xd4bb</run_address>
         <size>0x100</size>
         <input_file_ref idref="fl-c"/>
      </object_component>
      <object_component id="oc-274">
         <name>.debug_info</name>
         <load_address>0xd5bb</load_address>
         <run_address>0xd5bb</run_address>
         <size>0x100</size>
         <input_file_ref idref="fl-c"/>
      </object_component>
      <object_component id="oc-27a">
         <name>.debug_info</name>
         <load_address>0xd6bb</load_address>
         <run_address>0xd6bb</run_address>
         <size>0x100</size>
         <input_file_ref idref="fl-c"/>
      </object_component>
      <object_component id="oc-135">
         <name>.debug_info</name>
         <load_address>0xd7bb</load_address>
         <run_address>0xd7bb</run_address>
         <size>0xb94</size>
         <input_file_ref idref="fl-c"/>
      </object_component>
      <object_component id="oc-d5">
         <name>.debug_info</name>
         <load_address>0xe34f</load_address>
         <run_address>0xe34f</run_address>
         <size>0x2c</size>
         <input_file_ref idref="fl-c"/>
      </object_component>
      <object_component id="oc-27f">
         <name>.debug_info</name>
         <load_address>0xe37b</load_address>
         <run_address>0xe37b</run_address>
         <size>0x330</size>
         <input_file_ref idref="fl-d"/>
      </object_component>
      <object_component id="oc-13c">
         <name>.debug_info</name>
         <load_address>0xe6ab</load_address>
         <run_address>0xe6ab</run_address>
         <size>0x545</size>
         <input_file_ref idref="fl-d"/>
      </object_component>
      <object_component id="oc-1c9">
         <name>.debug_info</name>
         <load_address>0xebf0</load_address>
         <run_address>0xebf0</run_address>
         <size>0x45e</size>
         <input_file_ref idref="fl-e"/>
      </object_component>
      <object_component id="oc-284">
         <name>.debug_info</name>
         <load_address>0xf04e</load_address>
         <run_address>0xf04e</run_address>
         <size>0x73b</size>
         <input_file_ref idref="fl-f"/>
      </object_component>
      <object_component id="oc-287">
         <name>.debug_info</name>
         <load_address>0xf789</load_address>
         <run_address>0xf789</run_address>
         <size>0x10a</size>
         <input_file_ref idref="fl-f"/>
      </object_component>
      <object_component id="oc-148">
         <name>.debug_info</name>
         <load_address>0xf893</load_address>
         <run_address>0xf893</run_address>
         <size>0x1c56</size>
         <input_file_ref idref="fl-f"/>
      </object_component>
      <object_component id="oc-75">
         <name>.debug_info</name>
         <load_address>0x114e9</load_address>
         <run_address>0x114e9</run_address>
         <size>0x359</size>
         <input_file_ref idref="fl-10"/>
      </object_component>
      <object_component id="oc-30">
         <name>.debug_info</name>
         <load_address>0x11842</load_address>
         <run_address>0x11842</run_address>
         <size>0x4db</size>
         <input_file_ref idref="fl-10"/>
      </object_component>
      <object_component id="oc-35">
         <name>.debug_info</name>
         <load_address>0x11d1d</load_address>
         <run_address>0x11d1d</run_address>
         <size>0x2ce</size>
         <input_file_ref idref="fl-11"/>
      </object_component>
      <object_component id="oc-13">
         <name>.debug_info</name>
         <load_address>0x11feb</load_address>
         <run_address>0x11feb</run_address>
         <size>0xf7</size>
         <input_file_ref idref="fl-11"/>
      </object_component>
      <object_component id="oc-2b">
         <name>.debug_info</name>
         <load_address>0x120e2</load_address>
         <run_address>0x120e2</run_address>
         <size>0x273</size>
         <input_file_ref idref="fl-11"/>
      </object_component>
      <object_component id="oc-1d6">
         <name>.debug_info</name>
         <load_address>0x12355</load_address>
         <run_address>0x12355</run_address>
         <size>0x357</size>
         <input_file_ref idref="fl-12"/>
      </object_component>
      <object_component id="oc-f2">
         <name>.debug_info</name>
         <load_address>0x126ac</load_address>
         <run_address>0x126ac</run_address>
         <size>0x3d0</size>
         <input_file_ref idref="fl-12"/>
      </object_component>
      <object_component id="oc-291">
         <name>.debug_info</name>
         <load_address>0x12a7c</load_address>
         <run_address>0x12a7c</run_address>
         <size>0x3f6</size>
         <input_file_ref idref="fl-13"/>
      </object_component>
      <object_component id="oc-15e">
         <name>.debug_info</name>
         <load_address>0x12e72</load_address>
         <run_address>0x12e72</run_address>
         <size>0x52d</size>
         <input_file_ref idref="fl-13"/>
      </object_component>
      <object_component id="oc-142">
         <name>.debug_info</name>
         <load_address>0x1339f</load_address>
         <run_address>0x1339f</run_address>
         <size>0x12e</size>
         <input_file_ref idref="fl-14"/>
      </object_component>
      <object_component id="oc-1ea">
         <name>.debug_info</name>
         <load_address>0x134cd</load_address>
         <run_address>0x134cd</run_address>
         <size>0x33a</size>
         <input_file_ref idref="fl-ce"/>
      </object_component>
      <object_component id="oc-f8">
         <name>.debug_info</name>
         <load_address>0x13807</load_address>
         <run_address>0x13807</run_address>
         <size>0x1ee</size>
         <input_file_ref idref="fl-ce"/>
      </object_component>
      <object_component id="oc-1de">
         <name>.debug_info</name>
         <load_address>0x139f5</load_address>
         <run_address>0x139f5</run_address>
         <size>0x1c3</size>
         <input_file_ref idref="fl-ce"/>
      </object_component>
      <object_component id="oc-1e4">
         <name>.debug_info</name>
         <load_address>0x13bb8</load_address>
         <run_address>0x13bb8</run_address>
         <size>0x176</size>
         <input_file_ref idref="fl-ce"/>
      </object_component>
      <object_component id="oc-1eb">
         <name>.debug_info</name>
         <load_address>0x13d2e</load_address>
         <run_address>0x13d2e</run_address>
         <size>0x2c</size>
         <input_file_ref idref="fl-ce"/>
      </object_component>
      <object_component id="oc-1f0">
         <name>.debug_info</name>
         <load_address>0x13d5a</load_address>
         <run_address>0x13d5a</run_address>
         <size>0x69</size>
         <input_file_ref idref="fl-ce"/>
      </object_component>
      <object_component id="oc-240">
         <name>.debug_info</name>
         <load_address>0x13dc3</load_address>
         <run_address>0x13dc3</run_address>
         <size>0x37a</size>
         <input_file_ref idref="fl-cf"/>
      </object_component>
      <object_component id="oc-116">
         <name>.debug_info</name>
         <load_address>0x1413d</load_address>
         <run_address>0x1413d</run_address>
         <size>0x17e</size>
         <input_file_ref idref="fl-cf"/>
      </object_component>
      <object_component id="oc-235">
         <name>.debug_info</name>
         <load_address>0x142bb</load_address>
         <run_address>0x142bb</run_address>
         <size>0x171</size>
         <input_file_ref idref="fl-cf"/>
      </object_component>
      <object_component id="oc-22f">
         <name>.debug_info</name>
         <load_address>0x1442c</load_address>
         <run_address>0x1442c</run_address>
         <size>0x17e</size>
         <input_file_ref idref="fl-cf"/>
      </object_component>
      <object_component id="oc-23b">
         <name>.debug_info</name>
         <load_address>0x145aa</load_address>
         <run_address>0x145aa</run_address>
         <size>0x1de</size>
         <input_file_ref idref="fl-cf"/>
      </object_component>
      <object_component id="oc-44">
         <name>.debug_info</name>
         <load_address>0x14788</load_address>
         <run_address>0x14788</run_address>
         <size>0x119</size>
         <input_file_ref idref="fl-d0"/>
      </object_component>
      <object_component id="oc-a8">
         <name>.debug_info</name>
         <load_address>0x148a1</load_address>
         <run_address>0x148a1</run_address>
         <size>0x147</size>
         <input_file_ref idref="fl-d1"/>
      </object_component>
      <object_component id="oc-a5">
         <name>.debug_info</name>
         <load_address>0x149e8</load_address>
         <run_address>0x149e8</run_address>
         <size>0x2d4</size>
         <input_file_ref idref="fl-d2"/>
      </object_component>
      <object_component id="oc-4e">
         <name>.debug_info</name>
         <load_address>0x14cbc</load_address>
         <run_address>0x14cbc</run_address>
         <size>0x1d2</size>
         <input_file_ref idref="fl-d2"/>
      </object_component>
      <object_component id="oc-a0">
         <name>.debug_info</name>
         <load_address>0x14e8e</load_address>
         <run_address>0x14e8e</run_address>
         <size>0x46</size>
         <input_file_ref idref="fl-d2"/>
      </object_component>
      <object_component id="oc-4c">
         <name>.debug_info</name>
         <load_address>0x14ed4</load_address>
         <run_address>0x14ed4</run_address>
         <size>0x2a8</size>
         <input_file_ref idref="fl-d3"/>
      </object_component>
      <object_component id="oc-1f">
         <name>.debug_info</name>
         <load_address>0x1517c</load_address>
         <run_address>0x1517c</run_address>
         <size>0x1ea</size>
         <input_file_ref idref="fl-d3"/>
      </object_component>
      <object_component id="oc-47">
         <name>.debug_info</name>
         <load_address>0x15366</load_address>
         <run_address>0x15366</run_address>
         <size>0x46</size>
         <input_file_ref idref="fl-d3"/>
      </object_component>
      <object_component id="oc-98">
         <name>.debug_info</name>
         <load_address>0x153ac</load_address>
         <run_address>0x153ac</run_address>
         <size>0x2c</size>
         <input_file_ref idref="fl-d3"/>
      </object_component>
      <object_component id="oc-96">
         <name>.debug_info</name>
         <load_address>0x153d8</load_address>
         <run_address>0x153d8</run_address>
         <size>0x29e</size>
         <input_file_ref idref="fl-d4"/>
      </object_component>
      <object_component id="oc-19">
         <name>.debug_info</name>
         <load_address>0x15676</load_address>
         <run_address>0x15676</run_address>
         <size>0x250</size>
         <input_file_ref idref="fl-d4"/>
      </object_component>
      <object_component id="oc-37">
         <name>.debug_info</name>
         <load_address>0x158c6</load_address>
         <run_address>0x158c6</run_address>
         <size>0x60</size>
         <input_file_ref idref="fl-d4"/>
      </object_component>
      <object_component id="oc-ce">
         <name>.debug_info</name>
         <load_address>0x15926</load_address>
         <run_address>0x15926</run_address>
         <size>0x46</size>
         <input_file_ref idref="fl-d4"/>
      </object_component>
      <object_component id="oc-91">
         <name>.debug_info</name>
         <load_address>0x1596c</load_address>
         <run_address>0x1596c</run_address>
         <size>0x39</size>
         <input_file_ref idref="fl-d4"/>
      </object_component>
      <object_component id="oc-320">
         <name>.debug_info</name>
         <load_address>0x159a5</load_address>
         <run_address>0x159a5</run_address>
         <size>0xf9</size>
         <input_file_ref idref="fl-d5"/>
      </object_component>
      <object_component id="oc-223">
         <name>.debug_info</name>
         <load_address>0x15a9e</load_address>
         <run_address>0x15a9e</run_address>
         <size>0x105</size>
         <input_file_ref idref="fl-d5"/>
      </object_component>
      <object_component id="oc-28c">
         <name>.debug_info</name>
         <load_address>0x15ba3</load_address>
         <run_address>0x15ba3</run_address>
         <size>0x29a</size>
         <input_file_ref idref="fl-d6"/>
      </object_component>
      <object_component id="oc-14c">
         <name>.debug_info</name>
         <load_address>0x15e3d</load_address>
         <run_address>0x15e3d</run_address>
         <size>0x292</size>
         <input_file_ref idref="fl-d6"/>
      </object_component>
      <object_component id="oc-31c">
         <name>.debug_info</name>
         <load_address>0x160cf</load_address>
         <run_address>0x160cf</run_address>
         <size>0x2ba</size>
         <input_file_ref idref="fl-d7"/>
      </object_component>
      <object_component id="oc-319">
         <name>.debug_info</name>
         <load_address>0x16389</load_address>
         <run_address>0x16389</run_address>
         <size>0xfb</size>
         <input_file_ref idref="fl-d7"/>
      </object_component>
      <object_component id="oc-217">
         <name>.debug_info</name>
         <load_address>0x16484</load_address>
         <run_address>0x16484</run_address>
         <size>0x15d</size>
         <input_file_ref idref="fl-d7"/>
      </object_component>
      <object_component id="oc-21b">
         <name>.debug_info</name>
         <load_address>0x165e1</load_address>
         <run_address>0x165e1</run_address>
         <size>0x13d</size>
         <input_file_ref idref="fl-d7"/>
      </object_component>
      <object_component id="oc-253">
         <name>.debug_info</name>
         <load_address>0x1671e</load_address>
         <run_address>0x1671e</run_address>
         <size>0x28a</size>
         <input_file_ref idref="fl-d8"/>
      </object_component>
      <object_component id="oc-124">
         <name>.debug_info</name>
         <load_address>0x169a8</load_address>
         <run_address>0x169a8</run_address>
         <size>0x273</size>
         <input_file_ref idref="fl-d8"/>
      </object_component>
      <object_component id="oc-371">
         <name>.debug_info</name>
         <load_address>0x16c1b</load_address>
         <run_address>0x16c1b</run_address>
         <size>0x28f</size>
         <input_file_ref idref="fl-d9"/>
      </object_component>
      <object_component id="oc-263">
         <name>.debug_info</name>
         <load_address>0x16eaa</load_address>
         <run_address>0x16eaa</run_address>
         <size>0x245</size>
         <input_file_ref idref="fl-d9"/>
      </object_component>
      <object_component id="oc-251">
         <name>.debug_info</name>
         <load_address>0x170ef</load_address>
         <run_address>0x170ef</run_address>
         <size>0x2fe</size>
         <input_file_ref idref="fl-da"/>
      </object_component>
      <object_component id="oc-24e">
         <name>.debug_info</name>
         <load_address>0x173ed</load_address>
         <run_address>0x173ed</run_address>
         <size>0x105</size>
         <input_file_ref idref="fl-da"/>
      </object_component>
      <object_component id="oc-11b">
         <name>.debug_info</name>
         <load_address>0x174f2</load_address>
         <run_address>0x174f2</run_address>
         <size>0x1ab</size>
         <input_file_ref idref="fl-da"/>
      </object_component>
      <object_component id="oc-226">
         <name>.debug_info</name>
         <load_address>0x1769d</load_address>
         <run_address>0x1769d</run_address>
         <size>0x2b6</size>
         <input_file_ref idref="fl-db"/>
      </object_component>
      <object_component id="oc-10f">
         <name>.debug_info</name>
         <load_address>0x17953</load_address>
         <run_address>0x17953</run_address>
         <size>0x154</size>
         <input_file_ref idref="fl-db"/>
      </object_component>
      <object_component id="oc-25">
         <name>.debug_info</name>
         <load_address>0x17aa7</load_address>
         <run_address>0x17aa7</run_address>
         <size>0x10b</size>
         <input_file_ref idref="fl-dc"/>
      </object_component>
      <object_component id="oc-63">
         <name>.debug_info</name>
         <load_address>0x17bb2</load_address>
         <run_address>0x17bb2</run_address>
         <size>0x1a9</size>
         <input_file_ref idref="fl-dc"/>
      </object_component>
      <object_component id="oc-2f9">
         <name>.debug_info</name>
         <load_address>0x17d5b</load_address>
         <run_address>0x17d5b</run_address>
         <size>0x590</size>
         <input_file_ref idref="fl-dd"/>
      </object_component>
      <object_component id="oc-2c5">
         <name>.debug_info</name>
         <load_address>0x182eb</load_address>
         <run_address>0x182eb</run_address>
         <size>0x21e</size>
         <input_file_ref idref="fl-dd"/>
      </object_component>
      <object_component id="oc-3e8">
         <name>.debug_info</name>
         <load_address>0x18509</load_address>
         <run_address>0x18509</run_address>
         <size>0x1b3</size>
[...]
         <object_component_ref idref="oc-139"/>
      </symbol>
      <symbol id="sm-5e9">
         <name>deleteSocket</name>
         <value>0x73bb</value>
         <object_component_ref idref="oc-139"/>
      </symbol>
      <symbol id="sm-5ea">
         <name>getSocketInfoFromTcpPacket</name>
         <value>0x7545</value>
         <object_component_ref idref="oc-139"/>
      </symbol>
      <symbol id="sm-5eb">
         <name>getSocketInfoFromUdpPacket</name>
         <value>0x749b</value>
         <object_component_ref idref="oc-139"/>
      </symbol>
      <symbol id="sm-607">
         <name>setSpi0Mode</name>
         <value>0x82d3</value>
         <object_component_ref idref="oc-1c7"/>
      </symbol>
      <symbol id="sm-608">
         <name>readSpi0Data</name>
         <value>0x8339</value>
         <object_component_ref idref="oc-1c7"/>
      </symbol>
      <symbol id="sm-609">
         <name>writeSpi0Data</name>
         <value>0x8321</value>
         <object_component_ref idref="oc-1c7"/>
      </symbol>
      <symbol id="sm-60a">
         <name>initSpi0</name>
         <value>0x8201</value>
         <object_component_ref idref="oc-1c7"/>
      </symbol>
      <symbol id="sm-60b">
         <name>setSpi0BaudRate</name>
         <value>0x829d</value>
         <object_component_ref idref="oc-1c7"/>
      </symbol>
      <symbol id="sm-6a5">
         <name>tcpPorts</name>
         <value>0x200011f0</value>
      </symbol>
      <symbol id="sm-6a6">
         <name>tcpState</name>
         <value>0x20001204</value>
      </symbol>
      <symbol id="sm-6a7">
         <name>isTcp</name>
         <value>0x29ad</value>
         <object_component_ref idref="oc-145"/>
      </symbol>
      <symbol id="sm-6a8">
         <name>tcpPortCount</name>
         <value>0x2000122f</value>
         <object_component_ref idref="oc-286"/>
      </symbol>
      <symbol id="sm-6a9">
         <name>sendTcpResponse</name>
         <value>0x2f8f</value>
         <object_component_ref idref="oc-145"/>
      </symbol>
      <symbol id="sm-6aa">
         <name>setTcpPortList</name>
         <value>0x2eb1</value>
         <object_component_ref idref="oc-145"/>
      </symbol>
      <symbol id="sm-6ab">
         <name>isTcpSyn</name>
         <value>0x2a6b</value>
         <object_component_ref idref="oc-145"/>
      </symbol>
      <symbol id="sm-6ac">
         <name>processTcpArpResponse</name>
         <value>0x2e11</value>
         <object_component_ref idref="oc-145"/>
      </symbol>
      <symbol id="sm-6ad">
         <name>getTcpState</name>
         <value>0x2999</value>
         <object_component_ref idref="oc-145"/>
      </symbol>
      <symbol id="sm-6ae">
         <name>closeTcpConnection</name>
         <value>0x2b6d</value>
         <object_component_ref idref="oc-145"/>
      </symbol>
      <symbol id="sm-6af">
         <name>sendTcpPendingMessages</name>
         <value>0x2beb</value>
         <object_component_ref idref="oc-145"/>
      </symbol>
      <symbol id="sm-6b0">
         <name>isTcpAck</name>
         <value>0x2ab1</value>
         <object_component_ref idref="oc-145"/>
      </symbol>
      <symbol id="sm-6b1">
         <name>setTcpState</name>
         <value>0x297d</value>
         <object_component_ref idref="oc-145"/>
      </symbol>
      <symbol id="sm-6b2">
         <name>openTcpConnection</name>
         <value>0x2ae3</value>
         <object_component_ref idref="oc-145"/>
      </symbol>
      <symbol id="sm-6b3">
         <name>isTcpEstablished</name>
         <value>0x2bcb</value>
         <object_component_ref idref="oc-145"/>
      </symbol>
      <symbol id="sm-6b4">
         <name>sendTcpMessage</name>
         <value>0x300d</value>
         <object_component_ref idref="oc-145"/>
      </symbol>
      <symbol id="sm-6b5">
         <name>processTcpResponse</name>
         <value>0x2bfd</value>
         <object_component_ref idref="oc-145"/>
      </symbol>
      <symbol id="sm-6b6">
         <name>isTcpPortOpen</name>
         <value>0x2f3f</value>
         <object_component_ref idref="oc-145"/>
      </symbol>
      <symbol id="sm-6f9">
         <name>fn</name>
         <value>0x2000116c</value>
      </symbol>
      <symbol id="sm-6fa">
         <name>period</name>
         <value>0x20001194</value>
      </symbol>
      <symbol id="sm-6fb">
         <name>ticks</name>
         <value>0x200011bc</value>
      </symbol>
      <symbol id="sm-6fc">
         <name>reload</name>
         <value>0x200011e4</value>
      </symbol>
      <symbol id="sm-6fd">
         <name>initTimer</name>
         <value>0x6cc5</value>
         <object_component_ref idref="oc-2d"/>
      </symbol>
      <symbol id="sm-6fe">
         <name>stopTimer</name>
         <value>0x6e71</value>
         <object_component_ref idref="oc-2d"/>
      </symbol>
      <symbol id="sm-6ff">
         <name>startOneshotTimer</name>
         <value>0x6d65</value>
         <object_component_ref idref="oc-2d"/>
      </symbol>
      <symbol id="sm-700">
         <name>restartTimer</name>
         <value>0x6ef9</value>
         <object_component_ref idref="oc-2d"/>
      </symbol>
      <symbol id="sm-701">
         <name>random32</name>
         <value>0x6ffd</value>
         <object_component_ref idref="oc-2d"/>
      </symbol>
      <symbol id="sm-702">
         <name>tickIsr</name>
         <value>0x6f71</value>
         <object_component_ref idref="oc-2d"/>
      </symbol>
      <symbol id="sm-703">
         <name>startPeriodicTimer</name>
         <value>0x6deb</value>
         <object_component_ref idref="oc-2d"/>
      </symbol>
      <symbol id="sm-71f">
         <name>ResetISR</name>
         <value>0x9963</value>
         <object_component_ref idref="oc-27"/>
      </symbol>
      <symbol id="sm-720">
         <name>g_pfnVectors</name>
         <value>0x0</value>
         <object_component_ref idref="oc-12"/>
      </symbol>
      <symbol id="sm-743">
         <name>getcUart0</name>
         <value>0x8937</value>
         <object_component_ref idref="oc-f0"/>
      </symbol>
      <symbol id="sm-744">
         <name>kbhitUart0</name>
         <value>0x894b</value>
         <object_component_ref idref="oc-f0"/>
      </symbol>
      <symbol id="sm-745">
         <name>setUart0BaudRate</name>
         <value>0x88ab</value>
         <object_component_ref idref="oc-f0"/>
      </symbol>
      <symbol id="sm-746">
         <name>putsUart0</name>
         <value>0x890b</value>
         <object_component_ref idref="oc-f0"/>
      </symbol>
      <symbol id="sm-747">
         <name>initUart0</name>
         <value>0x8861</value>
         <object_component_ref idref="oc-f0"/>
      </symbol>
      <symbol id="sm-748">
         <name>putcUart0</name>
         <value>0x88ef</value>
         <object_component_ref idref="oc-f0"/>
      </symbol>
      <symbol id="sm-762">
         <name>sendUdpMessage</name>
         <value>0x76cd</value>
         <object_component_ref idref="oc-15d"/>
      </symbol>
      <symbol id="sm-763">
         <name>getUdpData</name>
         <value>0x76a1</value>
         <object_component_ref idref="oc-15d"/>
      </symbol>
      <symbol id="sm-764">
         <name>isUdp</name>
         <value>0x75f9</value>
         <object_component_ref idref="oc-15d"/>
      </symbol>
      <symbol id="sm-772">
         <name>waitMicrosecond</name>
         <value>0x97fd</value>
         <object_component_ref idref="oc-13f"/>
      </symbol>
      <symbol id="sm-7a1">
         <name>snprintf</name>
         <value>0x9511</value>
         <object_component_ref idref="oc-f6"/>
      </symbol>
      <symbol id="sm-7d8">
         <name>sscanf</name>
         <value>0x9669</value>
         <object_component_ref idref="oc-114"/>
      </symbol>
      <symbol id="sm-7f3">
         <name>memcpy</name>
         <value>0x8e7b</value>
         <object_component_ref idref="oc-41"/>
      </symbol>
      <symbol id="sm-7f4">
         <name>__aeabi_memcpy</name>
         <value>0x8e7b</value>
         <object_component_ref idref="oc-41"/>
      </symbol>
      <symbol id="sm-7f5">
         <name>__aeabi_memcpy8</name>
         <value>0x8e7b</value>
         <object_component_ref idref="oc-41"/>
      </symbol>
      <symbol id="sm-7f6">
         <name>__aeabi_memcpy4</name>
         <value>0x8e7b</value>
         <object_component_ref idref="oc-41"/>
      </symbol>
      <symbol id="sm-805">
         <name>__aeabi_memset</name>
         <value>0x913f</value>
         <object_component_ref idref="oc-a6"/>
      </symbol>
      <symbol id="sm-806">
         <name>memset</name>
         <value>0x9145</value>
         <object_component_ref idref="oc-a6"/>
      </symbol>
      <symbol id="sm-807">
         <name>__aeabi_memset8</name>
         <value>0x913f</value>
         <object_component_ref idref="oc-a6"/>
      </symbol>
      <symbol id="sm-808">
         <name>__aeabi_memset4</name>
         <value>0x913f</value>
         <object_component_ref idref="oc-a6"/>
      </symbol>
      <symbol id="sm-809">
         <name>__aeabi_memclr8</name>
         <value>0x913d</value>
         <object_component_ref idref="oc-a6"/>
      </symbol>
      <symbol id="sm-80a">
         <name>__aeabi_memclr4</name>
         <value>0x913d</value>
         <object_component_ref idref="oc-a6"/>
      </symbol>
      <symbol id="sm-80b">
         <name>__aeabi_memclr</name>
         <value>0x913d</value>
         <object_component_ref idref="oc-a6"/>
      </symbol>
      <symbol id="sm-81f">
         <name>__TI_zero_init_nomemset</name>
         <value>0x9821</value>
         <object_component_ref idref="oc-4d"/>
      </symbol>
      <symbol id="sm-836">
         <name>__TI_decompress_none</name>
         <value>0x9955</value>
         <object_component_ref idref="oc-1b"/>
      </symbol>
      <symbol id="sm-859">
         <name>__TI_decompress_lzss</name>
         <value>0x92fd</value>
         <object_component_ref idref="oc-15"/>
      </symbol>
      <symbol id="sm-864">
         <name>_ctypes_</name>
         <value>0x9988</value>
         <object_component_ref idref="oc-222"/>
      </symbol>
      <symbol id="sm-874">
         <name>memcmp</name>
         <value>0x9791</value>
         <object_component_ref idref="oc-14b"/>
      </symbol>
      <symbol id="sm-899">
         <name>rand</name>
         <value>0x96d5</value>
         <object_component_ref idref="oc-21a"/>
      </symbol>
      <symbol id="sm-89a">
         <name>srand</name>
         <value>0x97b5</value>
         <object_component_ref idref="oc-214"/>
      </symbol>
      <symbol id="sm-8a9">
         <name>strcmp</name>
         <value>0x98a3</value>
         <object_component_ref idref="oc-120"/>
      </symbol>
      <symbol id="sm-8b7">
         <name>strlen</name>
         <value>0x98fd</value>
         <object_component_ref idref="oc-262"/>
      </symbol>
      <symbol id="sm-8cf">
         <name>strtok</name>
         <value>0x95e9</value>
         <object_component_ref idref="oc-11a"/>
      </symbol>
      <symbol id="sm-8de">
         <name>tolower</name>
         <value>0x9945</value>
         <object_component_ref idref="oc-10e"/>
      </symbol>
      <symbol id="sm-8f1">
         <name>__stack</name>
         <value>0x20000000</value>
         <object_component_ref idref="oc-24"/>
      </symbol>
      <symbol id="sm-8f2">
         <name>_c_int00_noargs</name>
         <value>0x96a1</value>
         <object_component_ref idref="oc-5f"/>
      </symbol>
      <symbol id="sm-a57">
         <name>__TI_printfi</name>
         <value>0x3b79</value>
         <object_component_ref idref="oc-1d7"/>
      </symbol>
      <symbol id="sm-b0d">
         <name>__TI_scanfi</name>
         <value>0x3065</value>
         <object_component_ref idref="oc-227"/>
      </symbol>
      <symbol id="sm-b24">
         <name>__aeabi_dsub</name>
         <value>0x7ee9</value>
         <object_component_ref idref="oc-3e1"/>
      </symbol>
      <symbol id="sm-b25">
         <name>__aeabi_dadd</name>
         <value>0x7ef3</value>
         <object_component_ref idref="oc-3e1"/>
      </symbol>
      <symbol id="sm-b47">
         <name>__aeabi_cdcmpeq</name>
         <value>0x8fad</value>
         <object_component_ref idref="oc-2c9"/>
      </symbol>
      <symbol id="sm-b48">
         <name>__aeabi_cdcmple</name>
         <value>0x8fad</value>
         <object_component_ref idref="oc-2c9"/>
      </symbol>
      <symbol id="sm-b49">
         <name>__aeabi_cdrcmple</name>
         <value>0x9033</value>
         <object_component_ref idref="oc-3cc"/>
      </symbol>
      <symbol id="sm-b5d">
         <name>__aeabi_ddiv</name>
         <value>0x85f9</value>
         <object_component_ref idref="oc-3c7"/>
      </symbol>
      <symbol id="sm-b68">
         <name>__aeabi_dmul</name>
         <value>0x8ccd</value>
         <object_component_ref idref="oc-3c2"/>
      </symbol>
      <symbol id="sm-b72">
         <name>__aeabi_d2iz</name>
         <value>0x955d</value>
         <object_component_ref idref="oc-3d1"/>
      </symbol>
      <symbol id="sm-b7e">
         <name>__aeabi_d2f</name>
         <value>0x9225</value>
         <object_component_ref idref="oc-33b"/>
      </symbol>
      <symbol id="sm-b88">
         <name>__aeabi_i2d</name>
         <value>0x9739</value>
         <object_component_ref idref="oc-3dc"/>
      </symbol>
      <symbol id="sm-b95">
         <name>__aeabi_uldivmod</name>
         <value>0x8f17</value>
         <object_component_ref idref="oc-3bb"/>
      </symbol>
      <symbol id="sm-bbd">
         <name>__TI_auto_init_nobinit_nopinit</name>
         <value>0x95a5</value>
         <object_component_ref idref="oc-175"/>
      </symbol>
      <symbol id="sm-bc7">
         <name>_system_pre_init</name>
         <value>0x9981</value>
         <object_component_ref idref="oc-ac"/>
      </symbol>
      <symbol id="sm-bd3">
         <name>C$$EXIT</name>
         <value>0x9985</value>
         <object_component_ref idref="oc-169"/>
      </symbol>
      <symbol id="sm-bd4">
         <name>abort</name>
         <value>0x9985</value>
         <object_component_ref idref="oc-169"/>
      </symbol>
      <symbol id="sm-be9">
         <name>_nop</name>
         <value>0x45c7</value>
         <object_component_ref idref="oc-39a"/>
      </symbol>
      <symbol id="sm-bea">
         <name>_lock</name>
         <value>0x20001230</value>
         <object_component_ref idref="oc-296"/>
      </symbol>
      <symbol id="sm-beb">
         <name>_unlock</name>
         <value>0x20001234</value>
         <object_component_ref idref="oc-296"/>
      </symbol>
      <symbol id="sm-bfa">
         <name>__TI_ltoa</name>
         <value>0x941f</value>
         <object_component_ref idref="oc-3d6"/>
      </symbol>
      <symbol id="sm-c11">
         <name>atoi</name>
         <value>0x94c5</value>
         <object_component_ref idref="oc-2bd"/>
      </symbol>
      <symbol id="sm-c21">
         <name>memccpy</name>
         <value>0x983d</value>
         <object_component_ref idref="oc-2e6"/>
      </symbol>
      <symbol id="sm-c31">
         <name>strchr</name>
         <value>0x98d3</value>
         <object_component_ref idref="oc-352"/>
      </symbol>
      <symbol id="sm-c3f">
         <name>strcpy</name>
         <value>0x98e9</value>
         <object_component_ref idref="oc-323"/>
      </symbol>
      <symbol id="sm-c50">
         <name>strcspn</name>
         <value>0x97d9</value>
         <object_component_ref idref="oc-247"/>
      </symbol>
      <symbol id="sm-c5f">
         <name>strrchr</name>
         <value>0x98bb</value>
         <object_component_ref idref="oc-34c"/>
      </symbol>
      <symbol id="sm-c71">
         <name>strspn</name>
         <value>0x9767</value>
         <object_component_ref idref="oc-241"/>
      </symbol>
      <symbol id="sm-cd1">
         <name>strtold</name>
         <value>0x6865</value>
         <object_component_ref idref="oc-335"/>
      </symbol>
      <symbol id="sm-cd2">
         <name>strtod</name>
         <value>0x6865</value>
         <object_component_ref idref="oc-335"/>
      </symbol>
      <symbol id="sm-cf6">
         <name>strtol</name>
         <value>0x8731</value>
         <object_component_ref idref="oc-340"/>
      </symbol>
      <symbol id="sm-d1c">
         <name>strtoll</name>
         <value>0x7b3d</value>
         <object_component_ref idref="oc-346"/>
      </symbol>
      <symbol id="sm-d3c">
         <name>strtoul</name>
         <value>0x8bbd</value>
         <object_component_ref idref="oc-32f"/>
      </symbol>
      <symbol id="sm-d5f">
         <name>strtoull</name>
         <value>0x8361</value>
         <object_component_ref idref="oc-329"/>
      </symbol>
      <symbol id="sm-d75">
         <name>__aeabi_errno_addr</name>
         <value>0x9971</value>
         <object_component_ref idref="oc-2f2"/>
      </symbol>
      <symbol id="sm-d76">
         <name>errno</name>
         <value>0x20001258</value>
         <object_component_ref idref="oc-417"/>
      </symbol>
      <symbol id="sm-d8f">
         <name>wcslen</name>
         <value>0x9923</value>
         <object_component_ref idref="oc-2ec"/>
      </symbol>
      <symbol id="sm-daf">
         <name>frexpl</name>
         <value>0x9365</value>
         <object_component_ref idref="oc-401"/>
      </symbol>
      <symbol id="sm-db0">
         <name>frexp</name>
         <value>0x9365</value>
         <object_component_ref idref="oc-401"/>
      </symbol>
      <symbol id="sm-dcd">
         <name>scalbn</name>
         <value>0x8aad</value>
         <object_component_ref idref="oc-407"/>
      </symbol>
      <symbol id="sm-dce">
         <name>scalbnl</name>
         <value>0x8aad</value>
         <object_component_ref idref="oc-407"/>
      </symbol>
      <symbol id="sm-dcf">
         <name>ldexpl</name>
         <value>0x8aad</value>
         <object_component_ref idref="oc-407"/>
      </symbol>
      <symbol id="sm-dd0">
         <name>ldexp</name>
         <value>0x8aad</value>
         <object_component_ref idref="oc-407"/>
      </symbol>
      <symbol id="sm-dda">
         <name>__aeabi_idiv0</name>
         <value>0x78cb</value>
         <object_component_ref idref="oc-461"/>
      </symbol>
      <symbol id="sm-ddb">
         <name>__aeabi_ldiv0</name>
         <value>0x78cb</value>
         <object_component_ref idref="oc-461"/>
      </symbol>
      <symbol id="sm-de4">
         <name>__aeabi_lmul</name>
         <value>0x988b</value>
         <object_component_ref idref="oc-430"/>
      </symbol>
      <symbol id="sm-dee">
         <name>copysign</name>
         <value>0x9859</value>
         <object_component_ref idref="oc-47a"/>
      </symbol>
      <symbol id="sm-def">
         <name>copysignl</name>
         <value>0x9859</value>
         <object_component_ref idref="oc-47a"/>
      </symbol>
      <symbol id="sm-df0">
         <name>__TI_static_base__</name>
         <value>0x0</value>
      </symbol>
      <symbol id="sm-df3">
         <name>__mpu_init</name>
         <value>0x0</value>
      </symbol>
      <symbol id="sm-df4">
         <name>_system_post_cinit</name>
         <value>0x0</value>
      </symbol>
   </symbol_table>
   <title>Link successful</title>
</link_info>
