******************************************************************************
                  TI ARM Linker PC v20.2.7                     
******************************************************************************
>> Linked Thu Mar 26 22:55:06 2026

OUTPUT FILE NAME:   <iot_project2.out>
ENTRY POINT SYMBOL: "_c_int00_noargs"  address: 00008d2d


MEMORY CONFIGURATION

         name            origin    length      used     unused   attr    fill
----------------------  --------  ---------  --------  --------  ----  --------
  FLASH                 00000000   00040000  0000923c  00036dc4  R  X
  SRAM                  20000000   00008000  00001263  00006d9d  RW X


SEGMENT ALLOCATION MAP

run origin  load origin   length   init length attrs members
----------  ----------- ---------- ----------- ----- -------
00000000    00000000    00009240   00009240    r-x
  00000000    00000000    0000026c   0000026c    r-- .intvecs
  0000026c    0000026c    00008da8   00008da8    r-x .text
  00009018    00009018    000001e0   000001e0    r-- .const
  000091f8    000091f8    00000048   00000048    r-- .cinit
20000000    20000000    00001263   00000000    rw-
  20000000    20000000    00001000   00000000    rw- .stack
  20001000    20001000    0000020c   00000000    rw- .bss
  2000120c    2000120c    00000057   00000000    rw- .data


SECTION ALLOCATION MAP

 output                                  attributes/
section   page    origin      length       input sections
--------  ----  ----------  ----------   ----------------
.intvecs   0    00000000    0000026c     
                  00000000    0000026c     tm4c123gh6pm_startup_ccs.obj (.intvecs)

.text      0    0000026c    00008da8     
                  0000026c    00001288     dhcp.obj (.text)
                  000014f4    00000d58     ethernet.obj (.text)
                  0000224c    00000c34     tcp.obj (.text)
                  00002e80    00000b14     rtsv7M4_T_le_v4SPD16_eabi.lib : _scanfi.c.obj (.text:__TI_scanfi)
                  00003994    00000a4e                                   : _printfi.c.obj (.text:__TI_printfi)
                  000043e2    00000002                                   : _lock.c.obj (.text:_nop)
                  000043e4    00000808     gpio.obj (.text)
                  00004bec    00000740     mqtt.obj (.text)
                  0000532c    00000714     eth0.obj (.text)
                  00005a40    000004b0     ip.obj (.text)
                  00005ef0    00000460     rtsv7M4_T_le_v4SPD16_eabi.lib : strtod.c.obj (.text:strtod)
                  00006350    00000360     timer.obj (.text)
                  000066b0    000002f4     arp.obj (.text)
                  000069a4    000002e0     socket.obj (.text)
                  00006c84    000002d2     udp.obj (.text)
                  00006f56    00000002     rtsv7M4_T_le_v4SPD16_eabi.lib : div0.asm.obj (.text)
                  00006f58    00000270                                   : _printfi.c.obj (.text:_pconv_a)
                  000071c8    000001dc                                   : strtoll.c.obj (.text:strtoll)
                  000073a4    000001d0                                   : _printfi.c.obj (.text:_pconv_g)
                  00007574    000001b6                                   : fd_add_t2.asm.obj (.text)
                  0000772a    00000160     icmp.obj (.text)
                  0000788a    00000002     --HOLE-- [fill = 0]
                  0000788c    00000160     spi0.obj (.text)
                  000079ec    0000015c     rtsv7M4_T_le_v4SPD16_eabi.lib : strtoull.c.obj (.text:strtoull)
                  00007b48    0000013c                                   : _printfi.c.obj (.text:_pconv_e)
                  00007c84    00000136                                   : fd_div_t2.asm.obj (.text)
                  00007dba    00000002     --HOLE-- [fill = 0]
                  00007dbc    00000130                                   : strtol.c.obj (.text:strtol)
                  00007eec    00000128     uart0.obj (.text)
                  00008014    00000124     rtsv7M4_T_le_v4SPD16_eabi.lib : _printfi.c.obj (.text:fcvt)
                  00008138    00000110                                   : s_scalbn.c.obj (.text:scalbn)
                  00008248    00000110                                   : strtoul.c.obj (.text:strtoul)
                  00008358    000000fc                                   : fd_mul_t2.asm.obj (.text)
                  00008454    000000b1                                   : _printfi.c.obj (.text:_ltostr)
                  00008505    00000001     --HOLE-- [fill = 0]
                  00008506    0000009c                                   : memcpy_t2.asm.obj (.text)
                  000085a2    00000096                                   : ull_div_t2.asm.obj (.text)
                  00008638    00000086                                   : fd_cmp_t2.asm.obj (.text:__aeabi_cdcmple)
                  000086be    00000086                                   : fd_cmp_t2.asm.obj (.text:__aeabi_cdrcmple)
                  00008744    00000084     eeprom.obj (.text)
                  000087c8    0000007a     rtsv7M4_T_le_v4SPD16_eabi.lib : memset_t2.asm.obj (.text)
                  00008842    0000006e                                   : _printfi.c.obj (.text:_mcpy)
                  000088b0    0000006e                                   : fd_tos_t2.asm.obj (.text)
                  0000891e    00000002     --HOLE-- [fill = 0]
                  00008920    00000068                                   : sscanf.c.obj (.text:_chkmbc)
                  00008988    00000068                                   : copy_decompress_lzss.c.obj (.text:decompress:lzss:__TI_decompress_lzss)
                  000089f0    00000064                                   : s_frexp.c.obj (.text:frexp)
                  00008a54    00000056                                   : _printfi.c.obj (.text:_pconv_f)
                  00008aaa    00000054                                   : _ltoa.c.obj (.text:__TI_ltoa)
                  00008afe    00000052                                   : _printfi.c.obj (.text:_ecpy)
                  00008b50    0000004c                                   : atoi.c.obj (.text:atoi)
                  00008b9c    0000004c                                   : snprintf.c.obj (.text:snprintf)
                  00008be8    00000048                                   : fd_toi_t2.asm.obj (.text)
                  00008c30    00000044                                   : autoinit.c.obj (.text:__TI_auto_init_nobinit_nopinit:__TI_auto_init_nobinit_nopinit)
                  00008c74    00000040                                   : strtok.c.obj (.text:strtok)
                  00008cb4    0000003e                                   : _printfi.c.obj (.text:_fcpy)
                  00008cf2    00000002     --HOLE-- [fill = 0]
                  00008cf4    00000038                                   : sscanf.c.obj (.text:sscanf)
                  00008d2c    00000034                                   : boot_cortex_m.c.obj (.text:_c_int00_noargs:_c_int00_noargs)
                  00008d60    00000034                                   : rand.c.obj (.text:rand)
                  00008d94    00000030                                   : snprintf.c.obj (.text:_outs)
                  00008dc4    0000002e                                   : i_tofd_t2.asm.obj (.text)
                  00008df2    0000002a                                   : strspn.c.obj (.text:strspn)
                  00008e1c    00000024                                   : memcmp.c.obj (.text:memcmp)
                  00008e40    00000024                                   : rand.c.obj (.text:srand)
                  00008e64    00000024                                   : strcspn.c.obj (.text:strcspn)
                  00008e88    00000024     wait.obj (.text)
                  00008eac    0000001c     rtsv7M4_T_le_v4SPD16_eabi.lib : copy_zero_init.c.obj (.text:decompress:ZI:__TI_zero_init_nomemset:__TI_zero_init_nomemset)
                  00008ec8    0000001c                                   : memccpy.c.obj (.text:memccpy)
                  00008ee4    0000001a                                   : s_copysign.c.obj (.text:copysign)
                  00008efe    00000018                                   : snprintf.c.obj (.text:_outc)
                  00008f16    00000018                                   : ll_mul_t2.asm.obj (.text)
                  00008f2e    00000018                                   : strcmp.c.obj (.text:strcmp)
                  00008f46    00000018                                   : strrchr.c.obj (.text:strrchr)
                  00008f5e    00000016                                   : strchr.c.obj (.text:strchr)
                  00008f74    00000014                                   : strcpy.c.obj (.text:strcpy)
                  00008f88    00000014                                   : strlen.c.obj (.text:strlen)
                  00008f9c    00000012                                   : sscanf.c.obj (.text:_inpchar)
                  00008fae    00000012                                   : wcslen.c.obj (.text:wcslen)
                  00008fc0    00000010     clock.obj (.text)
                  00008fd0    00000010     rtsv7M4_T_le_v4SPD16_eabi.lib : tolower.c.obj (.text:tolower)
                  00008fe0    0000000e                                   : copy_decompress_none.c.obj (.text:decompress:none:__TI_decompress_none)
                  00008fee    0000000c     tm4c123gh6pm_startup_ccs.obj (.text)
                  00008ffa    00000002     --HOLE-- [fill = 0]
                  00008ffc    00000008     rtsv7M4_T_le_v4SPD16_eabi.lib : errno.c.obj (.text:__aeabi_errno_addr)
                  00009004    00000008                                   : sscanf.c.obj (.text:_uninpchar)
                  0000900c    00000004                                   : pre_init.c.obj (.text:_system_pre_init)
                  00009010    00000004                                   : exit.c.obj (.text:abort:abort)

.const     0    00009018    000001e0     
                  00009018    00000101     rtsv7M4_T_le_v4SPD16_eabi.lib : ctype.c.obj (.const:.string:_ctypes_)
                  00009119    00000007     --HOLE-- [fill = 0]
                  00009120    000000c8                                   : strtod.c.obj (.const:$O1$$)
                  000091e8    00000010                                   : _scanfi.c.obj (.const:$O1$$)

.cinit     0    000091f8    00000048     
                  000091f8    00000020     (.cinit..data.load) [load image, compression = lzss]
                  00009218    0000000c     (__TI_handler_table)
                  00009224    00000004     --HOLE-- [fill = 0]
                  00009228    00000008     (.cinit..bss.load) [load image, compression = zero_init]
                  00009230    00000010     (__TI_cinit_table)

.init_array 
*          0    00000000    00000000     UNINITIALIZED

.bss       0    20001000    0000020c     UNINITIALIZED
                  20001000    00000118     (.common:sockets)
                  20001118    00000054     (.common:strInput)
                  2000116c    00000028     (.common:fn)
                  20001194    00000028     (.common:period)
                  200011bc    00000028     (.common:ticks)
                  200011e4    0000000c     (.common:reload)
                  200011f0    00000008     (.common:tcpPorts)
                  200011f8    00000004     (.common:dhcpOfferedIpAdd)
                  200011fc    00000004     (.common:dhcpServerIpAdd)
                  20001200    00000004     (.common:gatewayIp)
                  20001204    00000004     (.common:tcpState)
                  20001208    00000004     (.common:token)

.data      0    2000120c    00000057     UNINITIALIZED
                  2000120c    00000017     dhcp.obj (.data)
                  20001223    00000001     ethernet.obj (.data)
                  20001224    00000008     rtsv7M4_T_le_v4SPD16_eabi.lib : _lock.c.obj (.data:$O1$$)
                  2000122c    00000008     mqtt.obj (.data)
                  20001234    00000006     eth0.obj (.data:hwAddress)
                  2000123a    00000004     ip.obj (.data:ipAddress)
                  2000123e    00000004     ip.obj (.data:ipDnsAddress)
                  20001242    00000004     ip.obj (.data:ipGwAddress)
                  20001246    00000004     ip.obj (.data:ipMqttBrokerAddress)
                  2000124a    00000004     ip.obj (.data:ipSubnetMask)
                  2000124e    00000004     ip.obj (.data:ipTimeServerAddress)
                  20001252    00000001     tcp.obj (.data)
                  20001253    00000001     --HOLE--
                  20001254    00000004     rtsv7M4_T_le_v4SPD16_eabi.lib : errno.c.obj (.data)
                  20001258    00000004                                   : rand.c.obj (.data)
                  2000125c    00000004                                   : strtok.c.obj (.data)
                  20001260    00000003     eth0.obj (.data)

.stack     0    20000000    00001000     UNINITIALIZED
                  20000000    00000004     rtsv7M4_T_le_v4SPD16_eabi.lib : boot_cortex_m.c.obj (.stack)
                  20000004    00000ffc     --HOLE--

__llvm_prf_cnts 
*          0    20000000    00000000     UNINITIALIZED

MODULE SUMMARY

       Module                         code    ro data   rw data
       ------                         ----    -------   -------
    .\
       dhcp.obj                       4744    0         35     
       ethernet.obj                   3416    0         89     
       tcp.obj                        3124    0         13     
       gpio.obj                       2056    0         0      
       mqtt.obj                       1856    0         8      
       eth0.obj                       1812    0         9      
       ip.obj                         1200    0         24     
       socket.obj                     736     0         280    
       timer.obj                      864     0         132    
       arp.obj                        756     0         0      
       udp.obj                        722     0         0      
       tm4c123gh6pm_startup_ccs.obj   12      620       0      
       icmp.obj                       352     0         0      
       spi0.obj                       352     0         0      
       uart0.obj                      296     0         0      
       eeprom.obj                     132     0         0      
       wait.obj                       36      0         0      
       clock.obj                      16      0         0      
    +--+------------------------------+-------+---------+---------+
       Total:                         22482   620       590    
                                                               
    C:\ti\ccs1281\ccs\tools\compiler\ti-cgt-arm_20.2.7.LTS\lib\rtsv7M4_T_le_v4SPD16_eabi.lib
       _printfi.c.obj                 4851    0         0      
       _scanfi.c.obj                  2836    16        0      
       strtod.c.obj                   1120    200       0      
       strtoll.c.obj                  476     0         0      
       fd_add_t2.asm.obj              438     0         0      
       strtoull.c.obj                 348     0         0      
       fd_div_t2.asm.obj              310     0         0      
       strtol.c.obj                   304     0         0      
       s_scalbn.c.obj                 272     0         0      
       strtoul.c.obj                  272     0         0      
       fd_cmp_t2.asm.obj              268     0         0      
       ctype.c.obj                    0       257       0      
       fd_mul_t2.asm.obj              252     0         0      
       sscanf.c.obj                   186     0         0      
       memcpy_t2.asm.obj              156     0         0      
       ull_div_t2.asm.obj             150     0         0      
       snprintf.c.obj                 148     0         0      
       memset_t2.asm.obj              122     0         0      
       fd_tos_t2.asm.obj              110     0         0      
       copy_decompress_lzss.c.obj     104     0         0      
       s_frexp.c.obj                  100     0         0      
       rand.c.obj                     88      0         4      
       _ltoa.c.obj                    84      0         0      
       atoi.c.obj                     76      0         0      
       fd_toi_t2.asm.obj              72      0         0      
       autoinit.c.obj                 68      0         0      
       strtok.c.obj                   64      0         4      
       boot_cortex_m.c.obj            52      0         0      
       i_tofd_t2.asm.obj              46      0         0      
       strspn.c.obj                   42      0         0      
       memcmp.c.obj                   36      0         0      
       strcspn.c.obj                  36      0         0      
       copy_zero_init.c.obj           28      0         0      
       memccpy.c.obj                  28      0         0      
       s_copysign.c.obj               26      0         0      
       ll_mul_t2.asm.obj              24      0         0      
       strcmp.c.obj                   24      0         0      
       strrchr.c.obj                  24      0         0      
       strchr.c.obj                   22      0         0      
       strcpy.c.obj                   20      0         0      
       strlen.c.obj                   20      0         0      
       wcslen.c.obj                   18      0         0      
       tolower.c.obj                  16      0         0      
       copy_decompress_none.c.obj     14      0         0      
       errno.c.obj                    8       0         4      
       _lock.c.obj                    2       0         8      
       exit.c.obj                     4       0         0      
       pre_init.c.obj                 4       0         0      
       div0.asm.obj                   2       0         0      
    +--+------------------------------+-------+---------+---------+
       Total:                         13771   473       20     
                                                               
       Stack:                         0       0         4096   
       Linker Generated:              0       68        0      
    +--+------------------------------+-------+---------+---------+
       Grand Total:                   36253   1161      4706   


LINKER GENERATED COPY TABLES

__TI_cinit_table @ 00009230 records: 2, size/record: 8, table size: 16
	.data: load addr=000091f8, load size=00000020 bytes, run addr=2000120c, run size=00000057 bytes, compression=lzss
	.bss: load addr=00009228, load size=00000008 bytes, run addr=20001000, run size=0000020c bytes, compression=zero_init


LINKER GENERATED HANDLER TABLE

__TI_handler_table @ 00009218 records: 3, size/record: 4, table size: 12
	index: 0, handler: __TI_decompress_lzss
	index: 1, handler: __TI_decompress_none
	index: 2, handler: __TI_zero_init


GLOBAL SYMBOLS: SORTED ALPHABETICALLY BY Name 

address   name                          
-------   ----                          
00009011  C$$EXIT                       
00008fef  ResetISR                      
20001000  __STACK_END                   
00001000  __STACK_SIZE                  
20000200  __STACK_TOP                   
00009230  __TI_CINIT_Base               
00009240  __TI_CINIT_Limit              
00009218  __TI_Handler_Table_Base       
00009224  __TI_Handler_Table_Limit      
00008c31  __TI_auto_init_nobinit_nopinit
00008989  __TI_decompress_lzss          
00008fe1  __TI_decompress_none          
00008aab  __TI_ltoa                     
ffffffff  __TI_pprof_out_hndl           
00003995  __TI_printfi                  
ffffffff  __TI_prof_data_size           
ffffffff  __TI_prof_data_start          
00002e81  __TI_scanfi                   
00000000  __TI_static_base__            
00008ead  __TI_zero_init_nomemset       
00008639  __aeabi_cdcmpeq               
00008639  __aeabi_cdcmple               
000086bf  __aeabi_cdrcmple              
000088b1  __aeabi_d2f                   
00008be9  __aeabi_d2iz                  
0000757f  __aeabi_dadd                  
00007c85  __aeabi_ddiv                  
00008359  __aeabi_dmul                  
00007575  __aeabi_dsub                  
00008ffd  __aeabi_errno_addr            
00008dc5  __aeabi_i2d                   
00006f57  __aeabi_idiv0                 
00006f57  __aeabi_ldiv0                 
00008f17  __aeabi_lmul                  
000087c9  __aeabi_memclr                
000087c9  __aeabi_memclr4               
000087c9  __aeabi_memclr8               
00008507  __aeabi_memcpy                
00008507  __aeabi_memcpy4               
00008507  __aeabi_memcpy8               
000087cb  __aeabi_memset                
000087cb  __aeabi_memset4               
000087cb  __aeabi_memset8               
000085a3  __aeabi_uldivmod              
ffffffff  __binit__                     
ffffffff  __c_args__                    
UNDEFED   __mpu_init                    
20000000  __stack                       
20000000  __start___llvm_prf_cnts       
20000000  __stop___llvm_prf_cnts        
00008d2d  _c_int00_noargs               
00009018  _ctypes_                      
20001224  _lock                         
000043e3  _nop                          
UNDEFED   _system_post_cinit            
0000900d  _system_pre_init              
20001228  _unlock                       
00009011  abort                         
0000194b  asciiToUint8                  
00008b51  atoi                          
ffffffff  binit                         
00005ea7  calcIpChecksum                
00000287  callbackDhcpGetNewAddressTimer
000003a9  callbackDhcpIpConflictWindow  
0000034b  callbackDhcpLeaseEndTimer     
000002ed  callbackDhcpT1HitTimer        
000002eb  callbackDhcpT1PeriodicTimer   
0000032d  callbackDhcpT2HitTimer        
0000032b  callbackDhcpT2PeriodicTimer   
000053eb  clearEtherReg                 
00004a39  clearPinInterrupt             
00002989  closeTcpConnection            
00004e3b  connectMqtt                   
00008ee5  copysign                      
00008ee5  copysignl                     
20001223  count                         
00006a47  deleteSocket                  
20001221  dhcpEnabled                   
200011f8  dhcpOfferedIpAdd              
200011fc  dhcpServerIpAdd               
20001220  dhcpState                     
0000142f  disableDhcp                   
00005343  disableEtherCs                
00004a15  disablePinInterrupt           
0000474d  disablePinPulldown            
00004705  disablePinPullup              
000044a1  disablePort                   
00004ecb  disconnectMqtt                
2000121c  discoverNeeded                
00001535  displayConnectionInfo         
000013f9  enableDhcp                    
0000532d  enableEtherCs                 
000049f1  enablePinInterrupt            
00004729  enablePinPulldown             
000046d7  enablePinPullup               
000043e5  enablePort                    
20001254  errno                         
2000116c  fn                            
20001222  forceNakTest                  
000089f1  frexp                         
000089f1  frexpl                        
00000000  g_pfnVectors                  
20001200  gatewayIp                     
00000415  getDhcpLeaseSeconds           
00000bd7  getDhcpOption                 
00000281  getDhcpState                  
00005947  getEtherId                    
000059e1  getEtherMacAddress            
00005721  getEtherPacket                
00005b71  getIpAddress                  
00005e75  getIpChecksum                 
00005ccd  getIpDnsAddress               
00005c59  getIpGatewayAddress           
00005db9  getIpMqttBrokerAddress        
00005be5  getIpSubnetMask               
00005d41  getIpTimeServerAddress        
00004aa7  getPinValue                   
00004b5d  getPortValue                  
00006aaf  getSocketInfoFromArpResponse  
00006bd1  getSocketInfoFromTcpPacket    
00006b27  getSocketInfoFromUdpPacket    
000027b5  getTcpState                   
00006d2d  getUdpData                    
00007fc3  getcUart0                     
00000ec9  handleDhcpAck                 
00001151  handleDhcpNak                 
0000591b  htonl                         
000058f7  htons                         
20001234  hwAddress                     
00005953  incEtherId                    
00008745  initEeprom                    
00005537  initEther                     
000014f5  initHw                        
000069a5  initSockets                   
0000788d  initSpi0                      
00008fc1  initSystemClockTo40Mhz        
00006351  initTimer                     
00007eed  initUart0                     
2000123a  ipAddress                     
2000121f  ipConflictDetectionMode       
2000123e  ipDnsAddress                  
20001242  ipGwAddress                   
20001246  ipMqttBrokerAddress           
2000124a  ipSubnetMask                  
2000124e  ipTimeServerAddress           
000066b1  isArpRequest                  
00006755  isArpResponse                 
00000dc1  isDhcpAck                     
0000118f  isDhcpDiscoverNeeded          
00001455  isDhcpEnabled                 
0000040f  isDhcpIpConflictDetectionMode 
00001043  isDhcpNak                     
00000c19  isDhcpOffer                   
00001197  isDhcpReleaseNeeded           
00001193  isDhcpRequestNeeded           
0000041b  isDhcpResponse                
000056d7  isEtherDataAvailable          
000056bd  isEtherLinkUp                 
000056f1  isEtherOverflow               
00005a41  isIp                          
00005ab1  isIpUnicast                   
00005b11  isIpValid                     
0000772b  isPingRequest                 
000027c9  isTcp                         
000028cd  isTcpAck                      
000029e7  isTcpEstablished              
00002d5b  isTcpPortOpen                 
00002887  isTcpSyn                      
00006c85  isUdp                         
00007fd7  kbhitUart0                    
00008139  ldexp                         
00008139  ldexpl                        
20001210  leaseSeconds                  
20001214  leaseT1                       
20001218  leaseT2                       
00001f71  main                          
00008ec9  memccpy                       
00008e1d  memcmp                        
00008507  memcpy                        
000087d1  memset                        
20001232  mqttConnectPending            
20001230  mqttPacketId                  
20001233  mqttSessionEstablished        
2000122c  mqttSocket                    
0000511d  mqttTcpClosed                 
00005139  mqttTcpDataReceived           
00005049  mqttTcpOpened                 
000069dd  newSocket                     
20001260  nextPacketLsb                 
20001261  nextPacketMsb                 
000028ff  openTcpConnection             
20001194  period                        
00001329  processDhcpArpResponse        
000012b9  processDhcpResponse           
000019f5  processShell                  
00002c2d  processTcpArpResponse         
00002a19  processTcpResponse            
00004f0b  publishMqtt                   
00005811  putEtherPacket                
00007f7b  putcUart0                     
00007f97  putsUart0                     
00008d61  rand                          
00006689  random32                      
0000188b  readConfiguration             
0000878d  readEeprom                    
0000551f  readEtherMem                  
00005473  readEtherPhy                  
00005385  readEtherReg                  
000079c5  readSpi0Data                  
00000329  rebindDhcp                    
000003a1  releaseDhcp                   
2000121e  releaseNeeded                 
200011e4  reload                        
000002a7  renewDhcp                     
0000040d  requestDhcpIpConflictTest     
000002a5  requestDhcpNewAddress         
2000121d  requestNeeded                 
00006585  restartTimer                  
00008139  scalbn                        
00008139  scalbnl                       
0000460b  selectPinAnalogInput          
000045bd  selectPinDigitalInput         
00004927  selectPinInterruptBothEdges   
000048d7  selectPinInterruptFallingEdge 
0000497d  selectPinInterruptHighLevel   
000049b7  selectPinInterruptLowLevel    
00004887  selectPinInterruptRisingEdge  
0000456f  selectPinOpenDrainOutput      
00004521  selectPinPushPullOutput       
00006887  sendArpRequest                
000067a9  sendArpResponse               
000005ad  sendDhcpMessage               
000011c9  sendDhcpPendingMessages       
0000776f  sendPingRequest               
0000777b  sendPingResponse              
00002e29  sendTcpMessage                
00002a07  sendTcpPendingMessages        
00002dab  sendTcpResponse               
00006d59  sendUdpMessage                
20001262  sequenceId                    
0000026d  setDhcpState                  
0000541f  setEtherBank                  
0000595d  setEtherMacAddress            
000053b7  setEtherReg                   
00005b37  setIpAddress                  
00005c93  setIpDnsAddress               
00005c1f  setIpGatewayAddress           
00005d7b  setIpMqttBrokerAddress        
00005bab  setIpSubnetMask               
00005d07  setIpTimeServerAddress        
00004775  setPinAuxFunction             
0000465b  setPinCommitControl           
00004a5d  setPinValue                   
00004ae5  setPortValue                  
00007929  setSpi0BaudRate               
0000795f  setSpi0Mode                   
00002ccd  setTcpPortList                
00002799  setTcpState                   
00007f37  setUart0BaudRate              
00008b9d  snprintf                      
20001000  sockets                       
00008e41  srand                         
00008cf5  sscanf                        
0000550d  startEtherMemRead             
000054df  startEtherMemWrite            
000063f1  startOneshotTimer             
00006477  startPeriodicTimer            
0000552f  stopEtherMemRead              
00005505  stopEtherMemWrite             
000064fd  stopTimer                     
20001118  strInput                      
00008f5f  strchr                        
00008f2f  strcmp                        
00008f75  strcpy                        
00008e65  strcspn                       
00008f89  strlen                        
00008f47  strrchr                       
00008df3  strspn                        
00005ef1  strtod                        
00008c75  strtok                        
00007dbd  strtol                        
00005ef1  strtold                       
000071c9  strtoll                       
00008249  strtoul                       
000079ed  strtoull                      
00004f67  subscribeMqtt                 
00005e01  sumIpWords                    
20001252  tcpPortCount                  
200011f0  tcpPorts                      
20001204  tcpState                      
000065fd  tickIsr                       
200011bc  ticks                         
00004a83  togglePinValue                
20001208  token                         
00008fd1  tolower                       
00004fdd  unsubscribeMqtt               
00008e89  waitMicrosecond               
00008faf  wcslen                        
0000875b  writeEeprom                   
000054f1  writeEtherMem                 
0000543b  writeEtherPhy                 
00005351  writeEtherReg                 
000079ad  writeSpi0Data                 
2000120c  xid                           


GLOBAL SYMBOLS: SORTED BY Symbol Address 

address   name                          
-------   ----                          
00000000  __TI_static_base__            
00000000  g_pfnVectors                  
0000026d  setDhcpState                  
00000281  getDhcpState                  
00000287  callbackDhcpGetNewAddressTimer
000002a5  requestDhcpNewAddress         
000002a7  renewDhcp                     
000002eb  callbackDhcpT1PeriodicTimer   
000002ed  callbackDhcpT1HitTimer        
00000329  rebindDhcp                    
0000032b  callbackDhcpT2PeriodicTimer   
0000032d  callbackDhcpT2HitTimer        
0000034b  callbackDhcpLeaseEndTimer     
000003a1  releaseDhcp                   
000003a9  callbackDhcpIpConflictWindow  
0000040d  requestDhcpIpConflictTest     
0000040f  isDhcpIpConflictDetectionMode 
00000415  getDhcpLeaseSeconds           
0000041b  isDhcpResponse                
000005ad  sendDhcpMessage               
00000bd7  getDhcpOption                 
00000c19  isDhcpOffer                   
00000dc1  isDhcpAck                     
00000ec9  handleDhcpAck                 
00001000  __STACK_SIZE                  
00001043  isDhcpNak                     
00001151  handleDhcpNak                 
0000118f  isDhcpDiscoverNeeded          
00001193  isDhcpRequestNeeded           
00001197  isDhcpReleaseNeeded           
000011c9  sendDhcpPendingMessages       
000012b9  processDhcpResponse           
00001329  processDhcpArpResponse        
000013f9  enableDhcp                    
0000142f  disableDhcp                   
00001455  isDhcpEnabled                 
000014f5  initHw                        
00001535  displayConnectionInfo         
0000188b  readConfiguration             
0000194b  asciiToUint8                  
000019f5  processShell                  
00001f71  main                          
00002799  setTcpState                   
000027b5  getTcpState                   
000027c9  isTcp                         
00002887  isTcpSyn                      
000028cd  isTcpAck                      
000028ff  openTcpConnection             
00002989  closeTcpConnection            
000029e7  isTcpEstablished              
00002a07  sendTcpPendingMessages        
00002a19  processTcpResponse            
00002c2d  processTcpArpResponse         
00002ccd  setTcpPortList                
00002d5b  isTcpPortOpen                 
00002dab  sendTcpResponse               
00002e29  sendTcpMessage                
00002e81  __TI_scanfi                   
00003995  __TI_printfi                  
000043e3  _nop                          
000043e5  enablePort                    
000044a1  disablePort                   
00004521  selectPinPushPullOutput       
0000456f  selectPinOpenDrainOutput      
000045bd  selectPinDigitalInput         
0000460b  selectPinAnalogInput          
0000465b  setPinCommitControl           
000046d7  enablePinPullup               
00004705  disablePinPullup              
00004729  enablePinPulldown             
0000474d  disablePinPulldown            
00004775  setPinAuxFunction             
00004887  selectPinInterruptRisingEdge  
000048d7  selectPinInterruptFallingEdge 
00004927  selectPinInterruptBothEdges   
0000497d  selectPinInterruptHighLevel   
000049b7  selectPinInterruptLowLevel    
000049f1  enablePinInterrupt            
00004a15  disablePinInterrupt           
00004a39  clearPinInterrupt             
00004a5d  setPinValue                   
00004a83  togglePinValue                
00004aa7  getPinValue                   
00004ae5  setPortValue                  
00004b5d  getPortValue                  
00004e3b  connectMqtt                   
00004ecb  disconnectMqtt                
00004f0b  publishMqtt                   
00004f67  subscribeMqtt                 
00004fdd  unsubscribeMqtt               
00005049  mqttTcpOpened                 
0000511d  mqttTcpClosed                 
00005139  mqttTcpDataReceived           
0000532d  enableEtherCs                 
00005343  disableEtherCs                
00005351  writeEtherReg                 
00005385  readEtherReg                  
000053b7  setEtherReg                   
000053eb  clearEtherReg                 
0000541f  setEtherBank                  
0000543b  writeEtherPhy                 
00005473  readEtherPhy                  
000054df  startEtherMemWrite            
000054f1  writeEtherMem                 
00005505  stopEtherMemWrite             
0000550d  startEtherMemRead             
0000551f  readEtherMem                  
0000552f  stopEtherMemRead              
00005537  initEther                     
000056bd  isEtherLinkUp                 
000056d7  isEtherDataAvailable          
000056f1  isEtherOverflow               
00005721  getEtherPacket                
00005811  putEtherPacket                
000058f7  htons                         
0000591b  htonl                         
00005947  getEtherId                    
00005953  incEtherId                    
0000595d  setEtherMacAddress            
000059e1  getEtherMacAddress            
00005a41  isIp                          
00005ab1  isIpUnicast                   
00005b11  isIpValid                     
00005b37  setIpAddress                  
00005b71  getIpAddress                  
00005bab  setIpSubnetMask               
00005be5  getIpSubnetMask               
00005c1f  setIpGatewayAddress           
00005c59  getIpGatewayAddress           
00005c93  setIpDnsAddress               
00005ccd  getIpDnsAddress               
00005d07  setIpTimeServerAddress        
00005d41  getIpTimeServerAddress        
00005d7b  setIpMqttBrokerAddress        
00005db9  getIpMqttBrokerAddress        
00005e01  sumIpWords                    
00005e75  getIpChecksum                 
00005ea7  calcIpChecksum                
00005ef1  strtod                        
00005ef1  strtold                       
00006351  initTimer                     
000063f1  startOneshotTimer             
00006477  startPeriodicTimer            
000064fd  stopTimer                     
00006585  restartTimer                  
000065fd  tickIsr                       
00006689  random32                      
000066b1  isArpRequest                  
00006755  isArpResponse                 
000067a9  sendArpResponse               
00006887  sendArpRequest                
000069a5  initSockets                   
000069dd  newSocket                     
00006a47  deleteSocket                  
00006aaf  getSocketInfoFromArpResponse  
00006b27  getSocketInfoFromUdpPacket    
00006bd1  getSocketInfoFromTcpPacket    
00006c85  isUdp                         
00006d2d  getUdpData                    
00006d59  sendUdpMessage                
00006f57  __aeabi_idiv0                 
00006f57  __aeabi_ldiv0                 
000071c9  strtoll                       
00007575  __aeabi_dsub                  
0000757f  __aeabi_dadd                  
0000772b  isPingRequest                 
0000776f  sendPingRequest               
0000777b  sendPingResponse              
0000788d  initSpi0                      
00007929  setSpi0BaudRate               
0000795f  setSpi0Mode                   
000079ad  writeSpi0Data                 
000079c5  readSpi0Data                  
000079ed  strtoull                      
00007c85  __aeabi_ddiv                  
00007dbd  strtol                        
00007eed  initUart0                     
00007f37  setUart0BaudRate              
00007f7b  putcUart0                     
00007f97  putsUart0                     
00007fc3  getcUart0                     
00007fd7  kbhitUart0                    
00008139  ldexp                         
00008139  ldexpl                        
00008139  scalbn                        
00008139  scalbnl                       
00008249  strtoul                       
00008359  __aeabi_dmul                  
00008507  __aeabi_memcpy                
00008507  __aeabi_memcpy4               
00008507  __aeabi_memcpy8               
00008507  memcpy                        
000085a3  __aeabi_uldivmod              
00008639  __aeabi_cdcmpeq               
00008639  __aeabi_cdcmple               
000086bf  __aeabi_cdrcmple              
00008745  initEeprom                    
0000875b  writeEeprom                   
0000878d  readEeprom                    
000087c9  __aeabi_memclr                
000087c9  __aeabi_memclr4               
000087c9  __aeabi_memclr8               
000087cb  __aeabi_memset                
000087cb  __aeabi_memset4               
000087cb  __aeabi_memset8               
000087d1  memset                        
000088b1  __aeabi_d2f                   
00008989  __TI_decompress_lzss          
000089f1  frexp                         
000089f1  frexpl                        
00008aab  __TI_ltoa                     
00008b51  atoi                          
00008b9d  snprintf                      
00008be9  __aeabi_d2iz                  
00008c31  __TI_auto_init_nobinit_nopinit
00008c75  strtok                        
00008cf5  sscanf                        
00008d2d  _c_int00_noargs               
00008d61  rand                          
00008dc5  __aeabi_i2d                   
00008df3  strspn                        
00008e1d  memcmp                        
00008e41  srand                         
00008e65  strcspn                       
00008e89  waitMicrosecond               
00008ead  __TI_zero_init_nomemset       
00008ec9  memccpy                       
00008ee5  copysign                      
00008ee5  copysignl                     
00008f17  __aeabi_lmul                  
00008f2f  strcmp                        
00008f47  strrchr                       
00008f5f  strchr                        
00008f75  strcpy                        
00008f89  strlen                        
00008faf  wcslen                        
00008fc1  initSystemClockTo40Mhz        
00008fd1  tolower                       
00008fe1  __TI_decompress_none          
00008fef  ResetISR                      
00008ffd  __aeabi_errno_addr            
0000900d  _system_pre_init              
00009011  C$$EXIT                       
00009011  abort                         
00009018  _ctypes_                      
00009218  __TI_Handler_Table_Base       
00009224  __TI_Handler_Table_Limit      
00009230  __TI_CINIT_Base               
00009240  __TI_CINIT_Limit              
20000000  __stack                       
20000000  __start___llvm_prf_cnts       
20000000  __stop___llvm_prf_cnts        
20000200  __STACK_TOP                   
20001000  __STACK_END                   
20001000  sockets                       
20001118  strInput                      
2000116c  fn                            
20001194  period                        
200011bc  ticks                         
200011e4  reload                        
200011f0  tcpPorts                      
200011f8  dhcpOfferedIpAdd              
200011fc  dhcpServerIpAdd               
20001200  gatewayIp                     
20001204  tcpState                      
20001208  token                         
2000120c  xid                           
20001210  leaseSeconds                  
20001214  leaseT1                       
20001218  leaseT2                       
2000121c  discoverNeeded                
2000121d  requestNeeded                 
2000121e  releaseNeeded                 
2000121f  ipConflictDetectionMode       
20001220  dhcpState                     
20001221  dhcpEnabled                   
20001222  forceNakTest                  
20001223  count                         
20001224  _lock                         
20001228  _unlock                       
2000122c  mqttSocket                    
20001230  mqttPacketId                  
20001232  mqttConnectPending            
20001233  mqttSessionEstablished        
20001234  hwAddress                     
2000123a  ipAddress                     
2000123e  ipDnsAddress                  
20001242  ipGwAddress                   
20001246  ipMqttBrokerAddress           
2000124a  ipSubnetMask                  
2000124e  ipTimeServerAddress           
20001252  tcpPortCount                  
20001254  errno                         
20001260  nextPacketLsb                 
20001261  nextPacketMsb                 
20001262  sequenceId                    
ffffffff  __TI_pprof_out_hndl           
ffffffff  __TI_prof_data_size           
ffffffff  __TI_prof_data_start          
ffffffff  __binit__                     
ffffffff  __c_args__                    
ffffffff  binit                         
UNDEFED   __mpu_init                    
UNDEFED   _system_post_cinit            

[304 symbols]
