<?xml version="1.0" encoding="ISO-8859-1" ?>
<link_info>
   <banner>TI ARM Linker PC v20.2.7.LTS</banner>
   <copyright>Copyright (c) 1996-2018 Texas Instruments Incorporated</copyright>
   <link_time>0x69b8a581</link_time>
   <link_errors>0x0</link_errors>
   <output_file>iot_given_code.out</output_file>
   <entry_point>
      <name>_c_int00_noargs</name>
      <address>0x7a75</address>
   </entry_point>
   <input_file_list>
      <input_file id="fl-2">
         <path>.\</path>
         <kind>object</kind>
         <file>arp.obj</file>
         <name>arp.obj</name>
      </input_file>
      <input_file id="fl-3">
         <path>.\</path>
         <kind>object</kind>
         <file>clock.obj</file>
         <name>clock.obj</name>
      </input_file>
      <input_file id="fl-4">
         <path>.\</path>
         <kind>object</kind>
         <file>dhcp.obj</file>
         <name>dhcp.obj</name>
      </input_file>
      <input_file id="fl-5">
         <path>.\</path>
         <kind>object</kind>
         <file>eeprom.obj</file>
         <name>eeprom.obj</name>
      </input_file>
      <input_file id="fl-6">
         <path>.\</path>
         <kind>object</kind>
         <file>eth0.obj</file>
         <name>eth0.obj</name>
      </input_file>
      <input_file id="fl-7">
         <path>.\</path>
         <kind>object</kind>
         <file>ethernet.obj</file>
         <name>ethernet.obj</name>
      </input_file>
      <input_file id="fl-8">
         <path>.\</path>
         <kind>object</kind>
         <file>gpio.obj</file>
         <name>gpio.obj</name>
      </input_file>
      <input_file id="fl-9">
         <path>.\</path>
         <kind>object</kind>
         <file>icmp.obj</file>
         <name>icmp.obj</name>
      </input_file>
      <input_file id="fl-a">
         <path>.\</path>
         <kind>object</kind>
         <file>ip.obj</file>
         <name>ip.obj</name>
      </input_file>
      <input_file id="fl-b">
         <path>.\</path>
         <kind>object</kind>
         <file>mqtt.obj</file>
         <name>mqtt.obj</name>
      </input_file>
      <input_file id="fl-c">
         <path>.\</path>
         <kind>object</kind>
         <file>socket.obj</file>
         <name>socket.obj</name>
      </input_file>
      <input_file id="fl-d">
         <path>.\</path>
         <kind>object</kind>
         <file>spi0.obj</file>
         <name>spi0.obj</name>
      </input_file>
      <input_file id="fl-e">
         <path>.\</path>
         <kind>object</kind>
         <file>tcp.obj</file>
         <name>tcp.obj</name>
      </input_file>
      <input_file id="fl-f">
         <path>.\</path>
         <kind>object</kind>
         <file>timer.obj</file>
         <name>timer.obj</name>
      </input_file>
      <input_file id="fl-10">
         <path>.\</path>
         <kind>object</kind>
         <file>tm4c123gh6pm_startup_ccs.obj</file>
         <name>tm4c123gh6pm_startup_ccs.obj</name>
      </input_file>
      <input_file id="fl-11">
         <path>.\</path>
         <kind>object</kind>
         <file>uart0.obj</file>
         <name>uart0.obj</name>
      </input_file>
      <input_file id="fl-12">
         <path>.\</path>
         <kind>object</kind>
         <file>udp.obj</file>
         <name>udp.obj</name>
      </input_file>
      <input_file id="fl-13">
         <path>.\</path>
         <kind>object</kind>
         <file>wait.obj</file>
         <name>wait.obj</name>
      </input_file>
      <input_file id="fl-17">
         <kind>object</kind>
         <file>&lt;internal&gt;</file>
         <name>&lt;internal&gt;</name>
      </input_file>
      <input_file id="fl-cd">
         <path>C:\ti\ccs1281\ccs\tools\compiler\ti-cgt-arm_20.2.7.LTS\lib\</path>
         <kind>archive</kind>
         <file>rtsv7M4_T_le_v4SPD16_eabi.lib</file>
         <name>snprintf.c.obj</name>
      </input_file>
      <input_file id="fl-ce">
         <path>C:\ti\ccs1281\ccs\tools\compiler\ti-cgt-arm_20.2.7.LTS\lib\</path>
         <kind>archive</kind>
         <file>rtsv7M4_T_le_v4SPD16_eabi.lib</file>
         <name>sscanf.c.obj</name>
      </input_file>
      <input_file id="fl-cf">
         <path>C:\ti\ccs1281\ccs\tools\compiler\ti-cgt-arm_20.2.7.LTS\lib\</path>
         <kind>archive</kind>
         <file>rtsv7M4_T_le_v4SPD16_eabi.lib</file>
         <name>memcpy_t2.asm.obj</name>
      </input_file>
      <input_file id="fl-d0">
         <path>C:\ti\ccs1281\ccs\tools\compiler\ti-cgt-arm_20.2.7.LTS\lib\</path>
         <kind>archive</kind>
         <file>rtsv7M4_T_le_v4SPD16_eabi.lib</file>
         <name>memset_t2.asm.obj</name>
      </input_file>
      <input_file id="fl-d1">
         <path>C:\ti\ccs1281\ccs\tools\compiler\ti-cgt-arm_20.2.7.LTS\lib\</path>
         <kind>archive</kind>
         <file>rtsv7M4_T_le_v4SPD16_eabi.lib</file>
         <name>copy_zero_init.c.obj</name>
      </input_file>
      <input_file id="fl-d2">
         <path>C:\ti\ccs1281\ccs\tools\compiler\ti-cgt-arm_20.2.7.LTS\lib\</path>
         <kind>archive</kind>
         <file>rtsv7M4_T_le_v4SPD16_eabi.lib</file>
         <name>copy_decompress_none.c.obj</name>
      </input_file>
      <input_file id="fl-d3">
         <path>C:\ti\ccs1281\ccs\tools\compiler\ti-cgt-arm_20.2.7.LTS\lib\</path>
         <kind>archive</kind>
         <file>rtsv7M4_T_le_v4SPD16_eabi.lib</file>
         <name>copy_decompress_lzss.c.obj</name>
      </input_file>
      <input_file id="fl-d4">
         <path>C:\ti\ccs1281\ccs\tools\compiler\ti-cgt-arm_20.2.7.LTS\lib\</path>
         <kind>archive</kind>
         <file>rtsv7M4_T_le_v4SPD16_eabi.lib</file>
         <name>ctype.c.obj</name>
      </input_file>
      <input_file id="fl-d5">
         <path>C:\ti\ccs1281\ccs\tools\compiler\ti-cgt-arm_20.2.7.LTS\lib\</path>
         <kind>archive</kind>
         <file>rtsv7M4_T_le_v4SPD16_eabi.lib</file>
         <name>rand.c.obj</name>
      </input_file>
      <input_file id="fl-d6">
         <path>C:\ti\ccs1281\ccs\tools\compiler\ti-cgt-arm_20.2.7.LTS\lib\</path>
         <kind>archive</kind>
         <file>rtsv7M4_T_le_v4SPD16_eabi.lib</file>
         <name>strcmp.c.obj</name>
      </input_file>
      <input_file id="fl-d7">
         <path>C:\ti\ccs1281\ccs\tools\compiler\ti-cgt-arm_20.2.7.LTS\lib\</path>
         <kind>archive</kind>
         <file>rtsv7M4_T_le_v4SPD16_eabi.lib</file>
         <name>strtok.c.obj</name>
      </input_file>
      <input_file id="fl-d8">
         <path>C:\ti\ccs1281\ccs\tools\compiler\ti-cgt-arm_20.2.7.LTS\lib\</path>
         <kind>archive</kind>
         <file>rtsv7M4_T_le_v4SPD16_eabi.lib</file>
         <name>tolower.c.obj</name>
      </input_file>
      <input_file id="fl-d9">
         <path>C:\ti\ccs1281\ccs\tools\compiler\ti-cgt-arm_20.2.7.LTS\lib\</path>
         <kind>archive</kind>
         <file>rtsv7M4_T_le_v4SPD16_eabi.lib</file>
         <name>boot_cortex_m.c.obj</name>
      </input_file>
      <input_file id="fl-da">
         <path>C:\ti\ccs1281\ccs\tools\compiler\ti-cgt-arm_20.2.7.LTS\lib\</path>
         <kind>archive</kind>
         <file>rtsv7M4_T_le_v4SPD16_eabi.lib</file>
         <name>_printfi.c.obj</name>
      </input_file>
      <input_file id="fl-db">
         <path>C:\ti\ccs1281\ccs\tools\compiler\ti-cgt-arm_20.2.7.LTS\lib\</path>
         <kind>archive</kind>
         <file>rtsv7M4_T_le_v4SPD16_eabi.lib</file>
         <name>_scanfi.c.obj</name>
      </input_file>
      <input_file id="fl-dc">
         <path>C:\ti\ccs1281\ccs\tools\compiler\ti-cgt-arm_20.2.7.LTS\lib\</path>
         <kind>archive</kind>
         <file>rtsv7M4_T_le_v4SPD16_eabi.lib</file>
         <name>fd_add_t2.asm.obj</name>
      </input_file>
      <input_file id="fl-dd">
         <path>C:\ti\ccs1281\ccs\tools\compiler\ti-cgt-arm_20.2.7.LTS\lib\</path>
         <kind>archive</kind>
         <file>rtsv7M4_T_le_v4SPD16_eabi.lib</file>
         <name>fd_cmp_t2.asm.obj</name>
      </input_file>
      <input_file id="fl-de">
         <path>C:\ti\ccs1281\ccs\tools\compiler\ti-cgt-arm_20.2.7.LTS\lib\</path>
         <kind>archive</kind>
         <file>rtsv7M4_T_le_v4SPD16_eabi.lib</file>
         <name>fd_div_t2.asm.obj</name>
      </input_file>
      <input_file id="fl-df">
         <path>C:\ti\ccs1281\ccs\tools\compiler\ti-cgt-arm_20.2.7.LTS\lib\</path>
         <kind>archive</kind>
         <file>rtsv7M4_T_le_v4SPD16_eabi.lib</file>
         <name>fd_mul_t2.asm.obj</name>
      </input_file>
      <input_file id="fl-e0">
         <path>C:\ti\ccs1281\ccs\tools\compiler\ti-cgt-arm_20.2.7.LTS\lib\</path>
         <kind>archive</kind>
         <file>rtsv7M4_T_le_v4SPD16_eabi.lib</file>
         <name>fd_toi_t2.asm.obj</name>
      </input_file>
      <input_file id="fl-e1">
         <path>C:\ti\ccs1281\ccs\tools\compiler\ti-cgt-arm_20.2.7.LTS\lib\</path>
         <kind>archive</kind>
         <file>rtsv7M4_T_le_v4SPD16_eabi.lib</file>
         <name>fd_tos_t2.asm.obj</name>
      </input_file>
      <input_file id="fl-e2">
         <path>C:\ti\ccs1281\ccs\tools\compiler\ti-cgt-arm_20.2.7.LTS\lib\</path>
         <kind>archive</kind>
         <file>rtsv7M4_T_le_v4SPD16_eabi.lib</file>
         <name>i_tofd_t2.asm.obj</name>
      </input_file>
      <input_file id="fl-e3">
         <path>C:\ti\ccs1281\ccs\tools\compiler\ti-cgt-arm_20.2.7.LTS\lib\</path>
         <kind>archive</kind>
         <file>rtsv7M4_T_le_v4SPD16_eabi.lib</file>
         <name>ull_div_t2.asm.obj</name>
      </input_file>
      <input_file id="fl-e4">
         <path>C:\ti\ccs1281\ccs\tools\compiler\ti-cgt-arm_20.2.7.LTS\lib\</path>
         <kind>archive</kind>
         <file>rtsv7M4_T_le_v4SPD16_eabi.lib</file>
         <name>autoinit.c.obj</name>
      </input_file>
      <input_file id="fl-e5">
         <path>C:\ti\ccs1281\ccs\tools\compiler\ti-cgt-arm_20.2.7.LTS\lib\</path>
         <kind>archive</kind>
         <file>rtsv7M4_T_le_v4SPD16_eabi.lib</file>
         <name>pre_init.c.obj</name>
      </input_file>
      <input_file id="fl-e6">
         <path>C:\ti\ccs1281\ccs\tools\compiler\ti-cgt-arm_20.2.7.LTS\lib\</path>
         <kind>archive</kind>
         <file>rtsv7M4_T_le_v4SPD16_eabi.lib</file>
         <name>cpy_tbl.c.obj</name>
      </input_file>
      <input_file id="fl-e7">
         <path>C:\ti\ccs1281\ccs\tools\compiler\ti-cgt-arm_20.2.7.LTS\lib\</path>
         <kind>archive</kind>
         <file>rtsv7M4_T_le_v4SPD16_eabi.lib</file>
         <name>exit.c.obj</name>
      </input_file>
      <input_file id="fl-e8">
         <path>C:\ti\ccs1281\ccs\tools\compiler\ti-cgt-arm_20.2.7.LTS\lib\</path>
         <kind>archive</kind>
         <file>rtsv7M4_T_le_v4SPD16_eabi.lib</file>
         <name>_lock.c.obj</name>
      </input_file>
      <input_file id="fl-e9">
         <path>C:\ti\ccs1281\ccs\tools\compiler\ti-cgt-arm_20.2.7.LTS\lib\</path>
         <kind>archive</kind>
         <file>rtsv7M4_T_le_v4SPD16_eabi.lib</file>
         <name>_ltoa.c.obj</name>
      </input_file>
      <input_file id="fl-ea">
         <path>C:\ti\ccs1281\ccs\tools\compiler\ti-cgt-arm_20.2.7.LTS\lib\</path>
         <kind>archive</kind>
         <file>rtsv7M4_T_le_v4SPD16_eabi.lib</file>
         <name>args_main.c.obj</name>
      </input_file>
      <input_file id="fl-eb">
         <path>C:\ti\ccs1281\ccs\tools\compiler\ti-cgt-arm_20.2.7.LTS\lib\</path>
         <kind>archive</kind>
         <file>rtsv7M4_T_le_v4SPD16_eabi.lib</file>
         <name>atoi.c.obj</name>
      </input_file>
      <input_file id="fl-ec">
         <path>C:\ti\ccs1281\ccs\tools\compiler\ti-cgt-arm_20.2.7.LTS\lib\</path>
         <kind>archive</kind>
         <file>rtsv7M4_T_le_v4SPD16_eabi.lib</file>
         <name>memccpy.c.obj</name>
      </input_file>
      <input_file id="fl-ed">
         <path>C:\ti\ccs1281\ccs\tools\compiler\ti-cgt-arm_20.2.7.LTS\lib\</path>
         <kind>archive</kind>
         <file>rtsv7M4_T_le_v4SPD16_eabi.lib</file>
         <name>strchr.c.obj</name>
      </input_file>
      <input_file id="fl-ee">
         <path>C:\ti\ccs1281\ccs\tools\compiler\ti-cgt-arm_20.2.7.LTS\lib\</path>
         <kind>archive</kind>
         <file>rtsv7M4_T_le_v4SPD16_eabi.lib</file>
         <name>strcpy.c.obj</name>
      </input_file>
      <input_file id="fl-ef">
         <path>C:\ti\ccs1281\ccs\tools\compiler\ti-cgt-arm_20.2.7.LTS\lib\</path>
         <kind>archive</kind>
         <file>rtsv7M4_T_le_v4SPD16_eabi.lib</file>
         <name>strcspn.c.obj</name>
      </input_file>
      <input_file id="fl-f0">
         <path>C:\ti\ccs1281\ccs\tools\compiler\ti-cgt-arm_20.2.7.LTS\lib\</path>
         <kind>archive</kind>
         <file>rtsv7M4_T_le_v4SPD16_eabi.lib</file>
         <name>strlen.c.obj</name>
      </input_file>
      <input_file id="fl-f1">
         <path>C:\ti\ccs1281\ccs\tools\compiler\ti-cgt-arm_20.2.7.LTS\lib\</path>
         <kind>archive</kind>
         <file>rtsv7M4_T_le_v4SPD16_eabi.lib</file>
         <name>strrchr.c.obj</name>
      </input_file>
      <input_file id="fl-f2">
         <path>C:\ti\ccs1281\ccs\tools\compiler\ti-cgt-arm_20.2.7.LTS\lib\</path>
         <kind>archive</kind>
         <file>rtsv7M4_T_le_v4SPD16_eabi.lib</file>
         <name>strspn.c.obj</name>
      </input_file>
      <input_file id="fl-f3">
         <path>C:\ti\ccs1281\ccs\tools\compiler\ti-cgt-arm_20.2.7.LTS\lib\</path>
         <kind>archive</kind>
         <file>rtsv7M4_T_le_v4SPD16_eabi.lib</file>
         <name>strtod.c.obj</name>
      </input_file>
      <input_file id="fl-f4">
         <path>C:\ti\ccs1281\ccs\tools\compiler\ti-cgt-arm_20.2.7.LTS\lib\</path>
         <kind>archive</kind>
         <file>rtsv7M4_T_le_v4SPD16_eabi.lib</file>
         <name>strtol.c.obj</name>
      </input_file>
      <input_file id="fl-f5">
         <path>C:\ti\ccs1281\ccs\tools\compiler\ti-cgt-arm_20.2.7.LTS\lib\</path>
         <kind>archive</kind>
         <file>rtsv7M4_T_le_v4SPD16_eabi.lib</file>
         <name>strtoll.c.obj</name>
      </input_file>
      <input_file id="fl-f6">
         <path>C:\ti\ccs1281\ccs\tools\compiler\ti-cgt-arm_20.2.7.LTS\lib\</path>
         <kind>archive</kind>
         <file>rtsv7M4_T_le_v4SPD16_eabi.lib</file>
         <name>strtoul.c.obj</name>
      </input_file>
      <input_file id="fl-f7">
         <path>C:\ti\ccs1281\ccs\tools\compiler\ti-cgt-arm_20.2.7.LTS\lib\</path>
         <kind>archive</kind>
         <file>rtsv7M4_T_le_v4SPD16_eabi.lib</file>
         <name>strtoull.c.obj</name>
      </input_file>
      <input_file id="fl-f8">
         <path>C:\ti\ccs1281\ccs\tools\compiler\ti-cgt-arm_20.2.7.LTS\lib\</path>
         <kind>archive</kind>
         <file>rtsv7M4_T_le_v4SPD16_eabi.lib</file>
         <name>errno.c.obj</name>
      </input_file>
      <input_file id="fl-f9">
         <path>C:\ti\ccs1281\ccs\tools\compiler\ti-cgt-arm_20.2.7.LTS\lib\</path>
         <kind>archive</kind>
         <file>rtsv7M4_T_le_v4SPD16_eabi.lib</file>
         <name>wcslen.c.obj</name>
      </input_file>
      <input_file id="fl-fa">
         <path>C:\ti\ccs1281\ccs\tools\compiler\ti-cgt-arm_20.2.7.LTS\lib\</path>
         <kind>archive</kind>
         <file>rtsv7M4_T_le_v4SPD16_eabi.lib</file>
         <name>s_frexp.c.obj</name>
      </input_file>
      <input_file id="fl-fb">
         <path>C:\ti\ccs1281\ccs\tools\compiler\ti-cgt-arm_20.2.7.LTS\lib\</path>
         <kind>archive</kind>
         <file>rtsv7M4_T_le_v4SPD16_eabi.lib</file>
         <name>s_scalbn.c.obj</name>
      </input_file>
      <input_file id="fl-fc">
         <path>C:\ti\ccs1281\ccs\tools\compiler\ti-cgt-arm_20.2.7.LTS\lib\</path>
         <kind>archive</kind>
         <file>rtsv7M4_T_le_v4SPD16_eabi.lib</file>
         <name>div0.asm.obj</name>
      </input_file>
      <input_file id="fl-fd">
         <path>C:\ti\ccs1281\ccs\tools\compiler\ti-cgt-arm_20.2.7.LTS\lib\</path>
         <kind>archive</kind>
         <file>rtsv7M4_T_le_v4SPD16_eabi.lib</file>
         <name>ll_mul_t2.asm.obj</name>
      </input_file>
      <input_file id="fl-fe">
         <path>C:\ti\ccs1281\ccs\tools\compiler\ti-cgt-arm_20.2.7.LTS\lib\</path>
         <kind>archive</kind>
         <file>rtsv7M4_T_le_v4SPD16_eabi.lib</file>
         <name>s_copysign.c.obj</name>
      </input_file>
   </input_file_list>
   <object_component_list>
      <object_component id="oc-12">
         <name>.intvecs</name>
         <load_address>0x0</load_address>
         <run_address>0x0</run_address>
         <size>0x26c</size>
         <input_file_ref idref="fl-10"/>
      </object_component>
      <object_component id="oc-102">
         <name>.text</name>
         <load_address>0x26c</load_address>
         <run_address>0x26c</run_address>
         <size>0x129c</size>
         <input_file_ref idref="fl-4"/>
      </object_component>
      <object_component id="oc-b2">
         <name>.text</name>
         <load_address>0x1508</load_address>
         <run_address>0x1508</run_address>
         <size>0xd50</size>
         <input_file_ref idref="fl-7"/>
      </object_component>
      <object_component id="oc-218">
         <name>.text:__TI_scanfi</name>
         <load_address>0x2258</load_address>
         <run_address>0x2258</run_address>
         <size>0xb14</size>
         <input_file_ref idref="fl-db"/>
      </object_component>
      <object_component id="oc-1cb">
         <name>.text:__TI_printfi</name>
         <load_address>0x2d6c</load_address>
         <run_address>0x2d6c</run_address>
         <size>0xa4e</size>
         <input_file_ref idref="fl-da"/>
      </object_component>
      <object_component id="oc-35b">
         <name>.text:_nop</name>
         <load_address>0x37ba</load_address>
         <run_address>0x37ba</run_address>
         <size>0x2</size>
         <input_file_ref idref="fl-e8"/>
      </object_component>
      <object_component id="oc-e4">
         <name>.text</name>
         <load_address>0x37bc</load_address>
         <run_address>0x37bc</run_address>
         <size>0x808</size>
         <input_file_ref idref="fl-8"/>
      </object_component>
      <object_component id="oc-ea">
         <name>.text</name>
         <load_address>0x3fc4</load_address>
         <run_address>0x3fc4</run_address>
         <size>0x714</size>
         <input_file_ref idref="fl-6"/>
      </object_component>
      <object_component id="oc-fc">
         <name>.text</name>
         <load_address>0x46d8</load_address>
         <run_address>0x46d8</run_address>
         <size>0x4ac</size>
         <input_file_ref idref="fl-a"/>
      </object_component>
      <object_component id="oc-30a">
         <name>.text:strtod</name>
         <load_address>0x4b84</load_address>
         <run_address>0x4b84</run_address>
         <size>0x460</size>
         <input_file_ref idref="fl-f3"/>
      </object_component>
      <object_component id="oc-2d">
         <name>.text</name>
         <load_address>0x4fe4</load_address>
         <run_address>0x4fe4</run_address>
         <size>0x360</size>
         <input_file_ref idref="fl-f"/>
      </object_component>
      <object_component id="oc-145">
         <name>.text</name>
         <load_address>0x5344</load_address>
         <run_address>0x5344</run_address>
         <size>0x2f4</size>
         <input_file_ref idref="fl-2"/>
      </object_component>
      <object_component id="oc-133">
         <name>.text</name>
         <load_address>0x5638</load_address>
         <run_address>0x5638</run_address>
         <size>0x2e0</size>
         <input_file_ref idref="fl-c"/>
      </object_component>
      <object_component id="oc-151">
         <name>.text</name>
         <load_address>0x5918</load_address>
         <run_address>0x5918</run_address>
         <size>0x2d2</size>
         <input_file_ref idref="fl-12"/>
      </object_component>
      <object_component id="oc-424">
         <name>.text</name>
         <load_address>0x5bea</load_address>
         <run_address>0x5bea</run_address>
         <size>0x2</size>
         <input_file_ref idref="fl-fc"/>
      </object_component>
      <object_component id="oc-2b7">
         <name>.text:_pconv_a</name>
         <load_address>0x5bec</load_address>
         <run_address>0x5bec</run_address>
         <size>0x270</size>
         <input_file_ref idref="fl-da"/>
      </object_component>
      <object_component id="oc-31b">
         <name>.text:strtoll</name>
         <load_address>0x5e5c</load_address>
         <run_address>0x5e5c</run_address>
         <size>0x1dc</size>
         <input_file_ref idref="fl-f5"/>
      </object_component>
      <object_component id="oc-2a5">
         <name>.text:_pconv_g</name>
         <load_address>0x6038</load_address>
         <run_address>0x6038</run_address>
         <size>0x1d0</size>
         <input_file_ref idref="fl-da"/>
      </object_component>
      <object_component id="oc-3a4">
         <name>.text</name>
         <load_address>0x6208</load_address>
         <run_address>0x6208</run_address>
         <size>0x1b6</size>
         <input_file_ref idref="fl-dc"/>
      </object_component>
      <object_component id="oc-14b">
         <name>.text</name>
         <load_address>0x63be</load_address>
         <run_address>0x63be</run_address>
         <size>0x160</size>
         <input_file_ref idref="fl-9"/>
      </object_component>
      <object_component id="oc-1bb">
         <name>.text</name>
         <load_address>0x6520</load_address>
         <run_address>0x6520</run_address>
         <size>0x160</size>
         <input_file_ref idref="fl-d"/>
      </object_component>
      <object_component id="oc-2fe">
         <name>.text:strtoull</name>
         <load_address>0x6680</load_address>
         <run_address>0x6680</run_address>
         <size>0x15c</size>
         <input_file_ref idref="fl-f7"/>
      </object_component>
      <object_component id="oc-2b1">
         <name>.text:_pconv_e</name>
         <load_address>0x67dc</load_address>
         <run_address>0x67dc</run_address>
         <size>0x13c</size>
         <input_file_ref idref="fl-da"/>
      </object_component>
      <object_component id="oc-38a">
         <name>.text</name>
         <load_address>0x6918</load_address>
         <run_address>0x6918</run_address>
         <size>0x136</size>
         <input_file_ref idref="fl-de"/>
      </object_component>
      <object_component id="oc-315">
         <name>.text:strtol</name>
         <load_address>0x6a50</load_address>
         <run_address>0x6a50</run_address>
         <size>0x130</size>
         <input_file_ref idref="fl-f4"/>
      </object_component>
      <object_component id="oc-f0">
         <name>.text</name>
         <load_address>0x6b80</load_address>
         <run_address>0x6b80</run_address>
         <size>0x128</size>
         <input_file_ref idref="fl-11"/>
      </object_component>
      <object_component id="oc-3b6">
         <name>.text:fcvt</name>
         <load_address>0x6ca8</load_address>
         <run_address>0x6ca8</run_address>
         <size>0x124</size>
         <input_file_ref idref="fl-da"/>
      </object_component>
      <object_component id="oc-3ca">
         <name>.text:scalbn</name>
         <load_address>0x6dcc</load_address>
         <run_address>0x6dcc</run_address>
         <size>0x110</size>
         <input_file_ref idref="fl-fb"/>
      </object_component>
      <object_component id="oc-304">
         <name>.text:strtoul</name>
         <load_address>0x6edc</load_address>
         <run_address>0x6edc</run_address>
         <size>0x110</size>
         <input_file_ref idref="fl-f6"/>
      </object_component>
      <object_component id="oc-385">
         <name>.text</name>
         <load_address>0x6fec</load_address>
         <run_address>0x6fec</run_address>
         <size>0xfc</size>
         <input_file_ref idref="fl-df"/>
      </object_component>
      <object_component id="oc-13f">
         <name>.text</name>
         <load_address>0x70e8</load_address>
         <run_address>0x70e8</run_address>
         <size>0xb4</size>
         <input_file_ref idref="fl-e"/>
      </object_component>
      <object_component id="oc-29a">
         <name>.text:_ltostr</name>
         <load_address>0x719c</load_address>
         <run_address>0x719c</run_address>
         <size>0xb1</size>
         <input_file_ref idref="fl-da"/>
      </object_component>
      <object_component id="oc-41">
         <name>.text</name>
         <load_address>0x724e</load_address>
         <run_address>0x724e</run_address>
         <size>0x9c</size>
         <input_file_ref idref="fl-cf"/>
      </object_component>
      <object_component id="oc-37e">
         <name>.text</name>
         <load_address>0x72ea</load_address>
         <run_address>0x72ea</run_address>
         <size>0x96</size>
         <input_file_ref idref="fl-e3"/>
      </object_component>
      <object_component id="oc-2a0">
         <name>.text:__aeabi_cdcmple</name>
         <load_address>0x7380</load_address>
         <run_address>0x7380</run_address>
         <size>0x86</size>
         <input_file_ref idref="fl-dd"/>
      </object_component>
      <object_component id="oc-38f">
         <name>.text:__aeabi_cdrcmple</name>
         <load_address>0x7406</load_address>
         <run_address>0x7406</run_address>
         <size>0x86</size>
         <input_file_ref idref="fl-dd"/>
      </object_component>
      <object_component id="oc-108">
         <name>.text</name>
         <load_address>0x748c</load_address>
         <run_address>0x748c</run_address>
         <size>0x84</size>
         <input_file_ref idref="fl-5"/>
      </object_component>
      <object_component id="oc-a6">
         <name>.text</name>
         <load_address>0x7510</load_address>
         <run_address>0x7510</run_address>
         <size>0x7a</size>
         <input_file_ref idref="fl-d0"/>
      </object_component>
      <object_component id="oc-3af">
         <name>.text:_mcpy</name>
         <load_address>0x758a</load_address>
         <run_address>0x758a</run_address>
         <size>0x6e</size>
         <input_file_ref idref="fl-da"/>
      </object_component>
      <object_component id="oc-310">
         <name>.text</name>
         <load_address>0x75f8</load_address>
         <run_address>0x75f8</run_address>
         <size>0x6e</size>
         <input_file_ref idref="fl-e1"/>
      </object_component>
      <object_component id="oc-22a">
         <name>.text:_chkmbc</name>
         <load_address>0x7668</load_address>
         <run_address>0x7668</run_address>
         <size>0x68</size>
         <input_file_ref idref="fl-ce"/>
      </object_component>
      <object_component id="oc-15">
         <name>.text:decompress:lzss:__TI_decompress_lzss</name>
         <load_address>0x76d0</load_address>
         <run_address>0x76d0</run_address>
         <size>0x68</size>
         <input_file_ref idref="fl-d3"/>
      </object_component>
      <object_component id="oc-3c4">
         <name>.text:frexp</name>
         <load_address>0x7738</load_address>
         <run_address>0x7738</run_address>
         <size>0x64</size>
         <input_file_ref idref="fl-fa"/>
      </object_component>
      <object_component id="oc-2ab">
         <name>.text:_pconv_f</name>
         <load_address>0x779c</load_address>
         <run_address>0x779c</run_address>
         <size>0x56</size>
         <input_file_ref idref="fl-da"/>
      </object_component>
      <object_component id="oc-399">
         <name>.text:__TI_ltoa</name>
         <load_address>0x77f2</load_address>
         <run_address>0x77f2</run_address>
         <size>0x54</size>
         <input_file_ref idref="fl-e9"/>
      </object_component>
      <object_component id="oc-3a9">
         <name>.text:_ecpy</name>
         <load_address>0x7846</load_address>
         <run_address>0x7846</run_address>
         <size>0x52</size>
         <input_file_ref idref="fl-da"/>
      </object_component>
      <object_component id="oc-294">
         <name>.text:atoi</name>
         <load_address>0x7898</load_address>
         <run_address>0x7898</run_address>
         <size>0x4c</size>
         <input_file_ref idref="fl-eb"/>
      </object_component>
      <object_component id="oc-f6">
         <name>.text:snprintf</name>
         <load_address>0x78e4</load_address>
         <run_address>0x78e4</run_address>
         <size>0x4c</size>
         <input_file_ref idref="fl-cd"/>
      </object_component>
      <object_component id="oc-394">
         <name>.text</name>
         <load_address>0x7930</load_address>
         <run_address>0x7930</run_address>
         <size>0x48</size>
         <input_file_ref idref="fl-e0"/>
      </object_component>
      <object_component id="oc-169">
         <name>.text:__TI_auto_init_nobinit_nopinit:__TI_auto_init_nobinit_nopinit</name>
         <load_address>0x7978</load_address>
         <run_address>0x7978</run_address>
         <size>0x44</size>
         <input_file_ref idref="fl-e4"/>
      </object_component>
      <object_component id="oc-11a">
         <name>.text:strtok</name>
         <load_address>0x79bc</load_address>
         <run_address>0x79bc</run_address>
         <size>0x40</size>
         <input_file_ref idref="fl-d7"/>
      </object_component>
      <object_component id="oc-3bc">
         <name>.text:_fcpy</name>
         <load_address>0x79fc</load_address>
         <run_address>0x79fc</run_address>
         <size>0x3e</size>
         <input_file_ref idref="fl-da"/>
      </object_component>
      <object_component id="oc-114">
         <name>.text:sscanf</name>
         <load_address>0x7a3c</load_address>
         <run_address>0x7a3c</run_address>
         <size>0x38</size>
         <input_file_ref idref="fl-ce"/>
      </object_component>
      <object_component id="oc-5f">
         <name>.text:_c_int00_noargs:_c_int00_noargs</name>
         <load_address>0x7a74</load_address>
         <run_address>0x7a74</run_address>
         <size>0x34</size>
         <input_file_ref idref="fl-d9"/>
      </object_component>
      <object_component id="oc-20b">
         <name>.text:rand</name>
         <load_address>0x7aa8</load_address>
         <run_address>0x7aa8</run_address>
         <size>0x34</size>
         <input_file_ref idref="fl-d5"/>
      </object_component>
      <object_component id="oc-1d1">
         <name>.text:_outs</name>
         <load_address>0x7adc</load_address>
         <run_address>0x7adc</run_address>
         <size>0x30</size>
         <input_file_ref idref="fl-cd"/>
      </object_component>
      <object_component id="oc-39f">
         <name>.text</name>
         <load_address>0x7b0c</load_address>
         <run_address>0x7b0c</run_address>
         <size>0x2e</size>
         <input_file_ref idref="fl-e2"/>
      </object_component>
      <object_component id="oc-232">
         <name>.text:strspn</name>
         <load_address>0x7b3a</load_address>
         <run_address>0x7b3a</run_address>
         <size>0x2a</size>
         <input_file_ref idref="fl-f2"/>
      </object_component>
      <object_component id="oc-12c">
         <name>.text</name>
         <load_address>0x7b64</load_address>
         <run_address>0x7b64</run_address>
         <size>0x24</size>
         <input_file_ref idref="fl-b"/>
      </object_component>
      <object_component id="oc-205">
         <name>.text:srand</name>
         <load_address>0x7b88</load_address>
         <run_address>0x7b88</run_address>
         <size>0x24</size>
         <input_file_ref idref="fl-d5"/>
      </object_component>
      <object_component id="oc-238">
         <name>.text:strcspn</name>
         <load_address>0x7bac</load_address>
         <run_address>0x7bac</run_address>
         <size>0x24</size>
         <input_file_ref idref="fl-ef"/>
      </object_component>
      <object_component id="oc-139">
         <name>.text</name>
         <load_address>0x7bd0</load_address>
         <run_address>0x7bd0</run_address>
         <size>0x24</size>
         <input_file_ref idref="fl-13"/>
      </object_component>
      <object_component id="oc-4d">
         <name>.text:decompress:ZI:__TI_zero_init_nomemset:__TI_zero_init_nomemset</name>
         <load_address>0x7bf4</load_address>
         <run_address>0x7bf4</run_address>
         <size>0x1c</size>
         <input_file_ref idref="fl-d1"/>
      </object_component>
      <object_component id="oc-2bd">
         <name>.text:memccpy</name>
         <load_address>0x7c10</load_address>
         <run_address>0x7c10</run_address>
         <size>0x1c</size>
         <input_file_ref idref="fl-ec"/>
      </object_component>
      <object_component id="oc-43d">
         <name>.text:copysign</name>
         <load_address>0x7c2c</load_address>
         <run_address>0x7c2c</run_address>
         <size>0x1a</size>
         <input_file_ref idref="fl-fe"/>
      </object_component>
      <object_component id="oc-1d7">
         <name>.text:_outc</name>
         <load_address>0x7c46</load_address>
         <run_address>0x7c46</run_address>
         <size>0x18</size>
         <input_file_ref idref="fl-cd"/>
      </object_component>
      <object_component id="oc-3f3">
         <name>.text</name>
         <load_address>0x7c5e</load_address>
         <run_address>0x7c5e</run_address>
         <size>0x18</size>
         <input_file_ref idref="fl-fd"/>
      </object_component>
      <object_component id="oc-120">
         <name>.text:strcmp</name>
         <load_address>0x7c76</load_address>
         <run_address>0x7c76</run_address>
         <size>0x18</size>
         <input_file_ref idref="fl-d6"/>
      </object_component>
      <object_component id="oc-321">
         <name>.text:strrchr</name>
         <load_address>0x7c8e</load_address>
         <run_address>0x7c8e</run_address>
         <size>0x18</size>
         <input_file_ref idref="fl-f1"/>
      </object_component>
      <object_component id="oc-327">
         <name>.text:strchr</name>
         <load_address>0x7ca6</load_address>
         <run_address>0x7ca6</run_address>
         <size>0x16</size>
         <input_file_ref idref="fl-ed"/>
      </object_component>
      <object_component id="oc-2f8">
         <name>.text:strcpy</name>
         <load_address>0x7cbc</load_address>
         <run_address>0x7cbc</run_address>
         <size>0x14</size>
         <input_file_ref idref="fl-ee"/>
      </object_component>
      <object_component id="oc-28e">
         <name>.text:strlen</name>
         <load_address>0x7cd0</load_address>
         <run_address>0x7cd0</run_address>
         <size>0x14</size>
         <input_file_ref idref="fl-f0"/>
      </object_component>
      <object_component id="oc-21e">
         <name>.text:_inpchar</name>
         <load_address>0x7ce4</load_address>
         <run_address>0x7ce4</run_address>
         <size>0x12</size>
         <input_file_ref idref="fl-ce"/>
      </object_component>
      <object_component id="oc-2c3">
         <name>.text:wcslen</name>
         <load_address>0x7cf6</load_address>
         <run_address>0x7cf6</run_address>
         <size>0x12</size>
         <input_file_ref idref="fl-f9"/>
      </object_component>
      <object_component id="oc-de">
         <name>.text</name>
         <load_address>0x7d08</load_address>
         <run_address>0x7d08</run_address>
         <size>0x10</size>
         <input_file_ref idref="fl-3"/>
      </object_component>
      <object_component id="oc-10e">
         <name>.text:tolower</name>
         <load_address>0x7d18</load_address>
         <run_address>0x7d18</run_address>
         <size>0x10</size>
         <input_file_ref idref="fl-d8"/>
      </object_component>
      <object_component id="oc-1b">
         <name>.text:decompress:none:__TI_decompress_none</name>
         <load_address>0x7d28</load_address>
         <run_address>0x7d28</run_address>
         <size>0xe</size>
         <input_file_ref idref="fl-d2"/>
      </object_component>
      <object_component id="oc-27">
         <name>.text</name>
         <load_address>0x7d36</load_address>
         <run_address>0x7d36</run_address>
         <size>0xc</size>
         <input_file_ref idref="fl-10"/>
      </object_component>
      <object_component id="oc-2c9">
         <name>.text:__aeabi_errno_addr</name>
         <load_address>0x7d44</load_address>
         <run_address>0x7d44</run_address>
         <size>0x8</size>
         <input_file_ref idref="fl-f8"/>
      </object_component>
      <object_component id="oc-224">
         <name>.text:_uninpchar</name>
         <load_address>0x7d4c</load_address>
         <run_address>0x7d4c</run_address>
         <size>0x8</size>
         <input_file_ref idref="fl-ce"/>
      </object_component>
      <object_component id="oc-ac">
         <name>.text:_system_pre_init</name>
         <load_address>0x7d54</load_address>
         <run_address>0x7d54</run_address>
         <size>0x4</size>
         <input_file_ref idref="fl-e5"/>
      </object_component>
      <object_component id="oc-15d">
         <name>.text:abort:abort</name>
         <load_address>0x7d58</load_address>
         <run_address>0x7d58</run_address>
         <size>0x4</size>
         <input_file_ref idref="fl-e7"/>
      </object_component>
      <object_component id="oc-213">
         <name>.const:.string:_ctypes_</name>
         <load_address>0x7d60</load_address>
         <run_address>0x7d60</run_address>
         <size>0x101</size>
         <input_file_ref idref="fl-d4"/>
      </object_component>
      <object_component id="oc-3fc">
         <name>.const:$O1$$</name>
         <load_address>0x7e68</load_address>
         <run_address>0x7e68</run_address>
         <size>0xc8</size>
         <input_file_ref idref="fl-f3"/>
      </object_component>
      <object_component id="oc-32d">
         <name>.const:$O1$$</name>
         <load_address>0x7f30</load_address>
         <run_address>0x7f30</run_address>
         <size>0x10</size>
         <input_file_ref idref="fl-db"/>
      </object_component>
      <object_component id="oc-4a2">
         <name>.cinit..data.load</name>
         <load_address>0x7f40</load_address>
         <run_address>0x7f40</run_address>
         <size>0x1e</size>
      </object_component>
      <object_component id="oc-4a0">
         <name>__TI_handler_table</name>
         <load_address>0x7f60</load_address>
         <run_address>0x7f60</run_address>
         <size>0xc</size>
      </object_component>
      <object_component id="oc-4a3">
         <name>.cinit..bss.load</name>
         <load_address>0x7f70</load_address>
         <run_address>0x7f70</run_address>
         <size>0x8</size>
      </object_component>
      <object_component id="oc-4a1">
         <name>__TI_cinit_table</name>
         <load_address>0x7f78</load_address>
         <run_address>0x7f78</run_address>
         <size>0x10</size>
      </object_component>
      <object_component id="oc-1ff">
         <name>.data</name>
         <load_address>0x20001204</load_address>
         <run_address>0x20001204</run_address>
         <size>0x17</size>
         <input_file_ref idref="fl-4"/>
      </object_component>
      <object_component id="oc-1c1">
         <name>.data</name>
         <load_address>0x2000124c</load_address>
         <run_address>0x2000124c</run_address>
         <size>0x3</size>
         <input_file_ref idref="fl-6"/>
      </object_component>
      <object_component id="oc-1c4">
         <name>.data:hwAddress</name>
         <load_address>0x20001224</load_address>
         <run_address>0x20001224</run_address>
         <size>0x6</size>
         <input_file_ref idref="fl-6"/>
      </object_component>
      <object_component id="oc-126">
         <name>.data</name>
         <load_address>0x2000121b</load_address>
         <run_address>0x2000121b</run_address>
         <size>0x1</size>
         <input_file_ref idref="fl-7"/>
      </object_component>
      <object_component id="oc-1ee">
         <name>.data:ipAddress</name>
         <load_address>0x2000122a</load_address>
         <run_address>0x2000122a</run_address>
         <size>0x4</size>
         <input_file_ref idref="fl-a"/>
      </object_component>
      <object_component id="oc-1f1">
         <name>.data:ipSubnetMask</name>
         <load_address>0x20001236</load_address>
         <run_address>0x20001236</run_address>
         <size>0x4</size>
         <input_file_ref idref="fl-a"/>
      </object_component>
      <object_component id="oc-1f4">
         <name>.data:ipGwAddress</name>
         <load_address>0x20001232</load_address>
         <run_address>0x20001232</run_address>
         <size>0x4</size>
         <input_file_ref idref="fl-a"/>
      </object_component>
      <object_component id="oc-1f7">
         <name>.data:ipDnsAddress</name>
         <load_address>0x2000122e</load_address>
         <run_address>0x2000122e</run_address>
         <size>0x4</size>
         <input_file_ref idref="fl-a"/>
      </object_component>
      <object_component id="oc-1fa">
         <name>.data:ipTimeServerAddress</name>
         <load_address>0x2000123a</load_address>
         <run_address>0x2000123a</run_address>
         <size>0x4</size>
         <input_file_ref idref="fl-a"/>
      </object_component>
      <object_component id="oc-2ed">
         <name>.data</name>
         <load_address>0x20001244</load_address>
         <run_address>0x20001244</run_address>
         <size>0x4</size>
         <input_file_ref idref="fl-d5"/>
      </object_component>
      <object_component id="oc-23e">
         <name>.data</name>
         <load_address>0x20001248</load_address>
         <run_address>0x20001248</run_address>
         <size>0x4</size>
         <input_file_ref idref="fl-d7"/>
      </object_component>
      <object_component id="oc-267">
         <name>.data:$O1$$</name>
         <load_address>0x2000121c</load_address>
         <run_address>0x2000121c</run_address>
         <size>0x8</size>
         <input_file_ref idref="fl-e8"/>
      </object_component>
      <object_component id="oc-3da">
         <name>.data</name>
         <load_address>0x20001240</load_address>
         <run_address>0x20001240</run_address>
         <size>0x4</size>
         <input_file_ref idref="fl-f8"/>
      </object_component>
      <object_component id="oc-204">
         <name>.common:gatewayIp</name>
         <uninitialized>true</uninitialized>
         <run_address>0x200011f8</run_address>
         <size>0x4</size>
      </object_component>
      <object_component id="oc-203">
         <name>.common:dhcpOfferedIpAdd</name>
         <uninitialized>true</uninitialized>
         <run_address>0x200011f0</run_address>
         <size>0x4</size>
      </object_component>
      <object_component id="oc-202">
         <name>.common:dhcpServerIpAdd</name>
         <uninitialized>true</uninitialized>
         <run_address>0x200011f4</run_address>
         <size>0x4</size>
      </object_component>
      <object_component id="oc-129">
         <name>.common:strInput</name>
         <uninitialized>true</uninitialized>
         <run_address>0x20001118</run_address>
         <size>0x54</size>
      </object_component>
      <object_component id="oc-132">
         <name>.common:token</name>
         <uninitialized>true</uninitialized>
         <run_address>0x20001200</run_address>
         <size>0x4</size>
      </object_component>
      <object_component id="oc-255">
         <name>.common:sockets</name>
         <uninitialized>true</uninitialized>
         <run_address>0x20001000</run_address>
         <size>0x118</size>
      </object_component>
      <object_component id="oc-25a">
         <name>.common:tcpState</name>
         <uninitialized>true</uninitialized>
         <run_address>0x200011fc</run_address>
         <size>0x4</size>
      </object_component>
      <object_component id="oc-78">
         <name>.common:fn</name>
         <uninitialized>true</uninitialized>
         <run_address>0x2000116c</run_address>
         <size>0x28</size>
      </object_component>
      <object_component id="oc-74">
         <name>.common:period</name>
         <uninitialized>true</uninitialized>
         <run_address>0x20001194</run_address>
         <size>0x28</size>
      </object_component>
      <object_component id="oc-77">
         <name>.common:ticks</name>
         <uninitialized>true</uninitialized>
         <run_address>0x200011bc</run_address>
         <size>0x28</size>
      </object_component>
      <object_component id="oc-79">
         <name>.common:reload</name>
         <uninitialized>true</uninitialized>
         <run_address>0x200011e4</run_address>
         <size>0xc</size>
      </object_component>
      <object_component id="oc-24">
         <name>.stack</name>
         <uninitialized>true</uninitialized>
         <run_address>0x20000000</run_address>
         <size>0x4</size>
         <input_file_ref idref="fl-d9"/>
      </object_component>
      <object_component id="oc-4a5">
         <name>.stack</name>
         <uninitialized>true</uninitialized>
         <run_address>0x20000000</run_address>
         <size>0x0</size>
      </object_component>
      <object_component id="oc-cd">
         <name>.debug_info</name>
         <load_address>0x0</load_address>
         <run_address>0x0</run_address>
         <size>0x35c</size>
         <input_file_ref idref="fl-2"/>
      </object_component>
      <object_component id="oc-147">
         <name>.debug_info</name>
         <load_address>0x35c</load_address>
         <run_address>0x35c</run_address>
         <size>0x4c0</size>
         <input_file_ref idref="fl-2"/>
      </object_component>
      <object_component id="oc-8c">
         <name>.debug_info</name>
         <load_address>0x81c</load_address>
         <run_address>0x81c</run_address>
         <size>0x26b</size>
         <input_file_ref idref="fl-2"/>
      </object_component>
      <object_component id="oc-80">
         <name>.debug_info</name>
         <load_address>0xa87</load_address>
         <run_address>0xa87</run_address>
         <size>0x8b</size>
         <input_file_ref idref="fl-2"/>
      </object_component>
      <object_component id="oc-c6">
         <name>.debug_info</name>
         <load_address>0xb12</load_address>
         <run_address>0xb12</run_address>
         <size>0x2a4</size>
         <input_file_ref idref="fl-2"/>
      </object_component>
      <object_component id="oc-7b">
         <name>.debug_info</name>
         <load_address>0xdb6</load_address>
         <run_address>0xdb6</run_address>
         <size>0xbb</size>
         <input_file_ref idref="fl-2"/>
      </object_component>
      <object_component id="oc-24e">
         <name>.debug_info</name>
         <load_address>0xe71</load_address>
         <run_address>0xe71</run_address>
         <size>0xcc</size>
         <input_file_ref idref="fl-2"/>
      </object_component>
      <object_component id="oc-1e9">
         <name>.debug_info</name>
         <load_address>0xf3d</load_address>
         <run_address>0xf3d</run_address>
         <size>0x2c</size>
         <input_file_ref idref="fl-2"/>
      </object_component>
      <object_component id="oc-19d">
         <name>.debug_info</name>
         <load_address>0xf69</load_address>
         <run_address>0xf69</run_address>
         <size>0xee</size>
         <input_file_ref idref="fl-2"/>
      </object_component>
      <object_component id="oc-1a2">
         <name>.debug_info</name>
         <load_address>0x1057</load_address>
         <run_address>0x1057</run_address>
         <size>0xe1</size>
         <input_file_ref idref="fl-2"/>
      </object_component>
      <object_component id="oc-1a7">
         <name>.debug_info</name>
         <load_address>0x1138</load_address>
         <run_address>0x1138</run_address>
         <size>0x12e</size>
         <input_file_ref idref="fl-2"/>
      </object_component>
      <object_component id="oc-df">
         <name>.debug_info</name>
         <load_address>0x1266</load_address>
         <run_address>0x1266</run_address>
         <size>0x124</size>
         <input_file_ref idref="fl-3"/>
      </object_component>
      <object_component id="oc-3c">
         <name>.debug_info</name>
         <load_address>0x138a</load_address>
         <run_address>0x138a</run_address>
         <size>0x84</size>
         <input_file_ref idref="fl-3"/>
      </object_component>
      <object_component id="oc-cb">
         <name>.debug_info</name>
         <load_address>0x140e</load_address>
         <run_address>0x140e</run_address>
         <size>0x601</size>
         <input_file_ref idref="fl-4"/>
      </object_component>
      <object_component id="oc-200">
         <name>.debug_info</name>
         <load_address>0x1a0f</load_address>
         <run_address>0x1a0f</run_address>
         <size>0x26d</size>
         <input_file_ref idref="fl-4"/>
      </object_component>
      <object_component id="oc-103">
         <name>.debug_info</name>
         <load_address>0x1c7c</load_address>
         <run_address>0x1c7c</run_address>
         <size>0x1ae5</size>
         <input_file_ref idref="fl-4"/>
      </object_component>
      <object_component id="oc-85">
         <name>.debug_info</name>
         <load_address>0x3761</load_address>
         <run_address>0x3761</run_address>
         <size>0x2c</size>
         <input_file_ref idref="fl-4"/>
      </object_component>
      <object_component id="oc-158">
         <name>.debug_info</name>
         <load_address>0x378d</load_address>
         <run_address>0x378d</run_address>
         <size>0xc6</size>
         <input_file_ref idref="fl-4"/>
      </object_component>
      <object_component id="oc-1ac">
         <name>.debug_info</name>
         <load_address>0x3853</load_address>
         <run_address>0x3853</run_address>
         <size>0x9e</size>
         <input_file_ref idref="fl-4"/>
      </object_component>
      <object_component id="oc-109">
         <name>.debug_info</name>
         <load_address>0x38f1</load_address>
         <run_address>0x38f1</run_address>
         <size>0x20c</size>
         <input_file_ref idref="fl-5"/>
      </object_component>
      <object_component id="oc-1c8">
         <name>.debug_info</name>
         <load_address>0x3afd</load_address>
         <run_address>0x3afd</run_address>
         <size>0x46e</size>
         <input_file_ref idref="fl-6"/>
      </object_component>
      <object_component id="oc-1c2">
         <name>.debug_info</name>
         <load_address>0x3f6b</load_address>
         <run_address>0x3f6b</run_address>
         <size>0x135</size>
         <input_file_ref idref="fl-6"/>
      </object_component>
      <object_component id="oc-1c5">
         <name>.debug_info</name>
         <load_address>0x40a0</load_address>
         <run_address>0x40a0</run_address>
         <size>0xdd</size>
         <input_file_ref idref="fl-6"/>
      </object_component>
      <object_component id="oc-eb">
         <name>.debug_info</name>
         <load_address>0x417d</load_address>
         <run_address>0x417d</run_address>
         <size>0x188e</size>
         <input_file_ref idref="fl-6"/>
      </object_component>
      <object_component id="oc-1b5">
         <name>.debug_info</name>
         <load_address>0x5a0b</load_address>
         <run_address>0x5a0b</run_address>
         <size>0x88</size>
         <input_file_ref idref="fl-6"/>
      </object_component>
      <object_component id="oc-12a">
         <name>.debug_info</name>
         <load_address>0x5a93</load_address>
         <run_address>0x5a93</run_address>
         <size>0x109c</size>
         <input_file_ref idref="fl-7"/>
      </object_component>
      <object_component id="oc-127">
         <name>.debug_info</name>
         <load_address>0x6b2f</load_address>
         <run_address>0x6b2f</run_address>
         <size>0xda</size>
         <input_file_ref idref="fl-7"/>
      </object_component>
      <object_component id="oc-b4">
         <name>.debug_info</name>
         <load_address>0x6c09</load_address>
         <run_address>0x6c09</run_address>
         <size>0x129b</size>
         <input_file_ref idref="fl-7"/>
      </object_component>
      <object_component id="oc-352">
         <name>.debug_info</name>
         <load_address>0x7ea4</load_address>
         <run_address>0x7ea4</run_address>
         <size>0xb2</size>
         <input_file_ref idref="fl-7"/>
      </object_component>
      <object_component id="oc-349">
         <name>.debug_info</name>
         <load_address>0x7f56</load_address>
         <run_address>0x7f56</run_address>
         <size>0xee</size>
         <input_file_ref idref="fl-7"/>
      </object_component>
      <object_component id="oc-249">
         <name>.debug_info</name>
         <load_address>0x8044</load_address>
         <run_address>0x8044</run_address>
         <size>0x35</size>
         <input_file_ref idref="fl-7"/>
      </object_component>
      <object_component id="oc-1ba">
         <name>.debug_info</name>
         <load_address>0x8079</load_address>
         <run_address>0x8079</run_address>
         <size>0x271</size>
         <input_file_ref idref="fl-8"/>
      </object_component>
      <object_component id="oc-e5">
         <name>.debug_info</name>
         <load_address>0x82ea</load_address>
         <run_address>0x82ea</run_address>
         <size>0x10f1</size>
         <input_file_ref idref="fl-8"/>
      </object_component>
      <object_component id="oc-260">
         <name>.debug_info</name>
         <load_address>0x93db</load_address>
         <run_address>0x93db</run_address>
         <size>0x369</size>
         <input_file_ref idref="fl-9"/>
      </object_component>
      <object_component id="oc-14e">
         <name>.debug_info</name>
         <load_address>0x9744</load_address>
         <run_address>0x9744</run_address>
         <size>0x379</size>
         <input_file_ref idref="fl-9"/>
      </object_component>
      <object_component id="oc-1fe">
         <name>.debug_info</name>
         <load_address>0x9abd</load_address>
         <run_address>0x9abd</run_address>
         <size>0x2d5</size>
         <input_file_ref idref="fl-a"/>
      </object_component>
      <object_component id="oc-1ef">
         <name>.debug_info</name>
         <load_address>0x9d92</load_address>
         <run_address>0x9d92</run_address>
         <size>0xdb</size>
         <input_file_ref idref="fl-a"/>
      </object_component>
      <object_component id="oc-1f2">
         <name>.debug_info</name>
         <load_address>0x9e6d</load_address>
         <run_address>0x9e6d</run_address>
         <size>0xe1</size>
         <input_file_ref idref="fl-a"/>
      </object_component>
      <object_component id="oc-1f5">
         <name>.debug_info</name>
         <load_address>0x9f4e</load_address>
         <run_address>0x9f4e</run_address>
         <size>0xdf</size>
         <input_file_ref idref="fl-a"/>
      </object_component>
      <object_component id="oc-1f8">
         <name>.debug_info</name>
         <load_address>0xa02d</load_address>
         <run_address>0xa02d</run_address>
         <size>0xe1</size>
         <input_file_ref idref="fl-a"/>
      </object_component>
      <object_component id="oc-1fb">
         <name>.debug_info</name>
         <load_address>0xa10e</load_address>
         <run_address>0xa10e</run_address>
         <size>0xef</size>
         <input_file_ref idref="fl-a"/>
      </object_component>
      <object_component id="oc-100">
         <name>.debug_info</name>
         <load_address>0xa1fd</load_address>
         <run_address>0xa1fd</run_address>
         <size>0xa9d</size>
         <input_file_ref idref="fl-a"/>
      </object_component>
      <object_component id="oc-254">
         <name>.debug_info</name>
         <load_address>0xac9a</load_address>
         <run_address>0xac9a</run_address>
         <size>0x2a8</size>
         <input_file_ref idref="fl-b"/>
      </object_component>
      <object_component id="oc-12d">
         <name>.debug_info</name>
         <load_address>0xaf42</load_address>
         <run_address>0xaf42</run_address>
         <size>0x309</size>
         <input_file_ref idref="fl-b"/>
      </object_component>
      <object_component id="oc-256">
         <name>.debug_info</name>
         <load_address>0xb24b</load_address>
         <run_address>0xb24b</run_address>
         <size>0x308</size>
         <input_file_ref idref="fl-c"/>
      </object_component>
      <object_component id="oc-134">
         <name>.debug_info</name>
         <load_address>0xb553</load_address>
         <run_address>0xb553</run_address>
         <size>0x51d</size>
         <input_file_ref idref="fl-c"/>
      </object_component>
      <object_component id="oc-1bc">
         <name>.debug_info</name>
         <load_address>0xba70</load_address>
         <run_address>0xba70</run_address>
         <size>0x45e</size>
         <input_file_ref idref="fl-d"/>
      </object_component>
      <object_component id="oc-25b">
         <name>.debug_info</name>
         <load_address>0xbece</load_address>
         <run_address>0xbece</run_address>
         <size>0x309</size>
         <input_file_ref idref="fl-e"/>
      </object_component>
      <object_component id="oc-141">
         <name>.debug_info</name>
         <load_address>0xc1d7</load_address>
         <run_address>0xc1d7</run_address>
         <size>0x754</size>
         <input_file_ref idref="fl-e"/>
      </object_component>
      <object_component id="oc-75">
         <name>.debug_info</name>
         <load_address>0xc92b</load_address>
         <run_address>0xc92b</run_address>
         <size>0x331</size>
         <input_file_ref idref="fl-f"/>
      </object_component>
      <object_component id="oc-31">
         <name>.debug_info</name>
         <load_address>0xcc5c</load_address>
         <run_address>0xcc5c</run_address>
         <size>0x4b3</size>
         <input_file_ref idref="fl-f"/>
      </object_component>
      <object_component id="oc-35">
         <name>.debug_info</name>
         <load_address>0xd10f</load_address>
         <run_address>0xd10f</run_address>
         <size>0x2ce</size>
         <input_file_ref idref="fl-10"/>
      </object_component>
      <object_component id="oc-13">
         <name>.debug_info</name>
         <load_address>0xd3dd</load_address>
         <run_address>0xd3dd</run_address>
         <size>0xf7</size>
         <input_file_ref idref="fl-10"/>
      </object_component>
      <object_component id="oc-28">
         <name>.debug_info</name>
         <load_address>0xd4d4</load_address>
         <run_address>0xd4d4</run_address>
         <size>0x273</size>
         <input_file_ref idref="fl-10"/>
      </object_component>
      <object_component id="oc-1ca">
         <name>.debug_info</name>
         <load_address>0xd747</load_address>
         <run_address>0xd747</run_address>
         <size>0x357</size>
         <input_file_ref idref="fl-11"/>
      </object_component>
      <object_component id="oc-f4">
         <name>.debug_info</name>
         <load_address>0xda9e</load_address>
         <run_address>0xda9e</run_address>
         <size>0x3d0</size>
         <input_file_ref idref="fl-11"/>
      </object_component>
      <object_component id="oc-262">
         <name>.debug_info</name>
         <load_address>0xde6e</load_address>
         <run_address>0xde6e</run_address>
         <size>0x3f6</size>
         <input_file_ref idref="fl-12"/>
      </object_component>
      <object_component id="oc-152">
         <name>.debug_info</name>
         <load_address>0xe264</load_address>
         <run_address>0xe264</run_address>
         <size>0x52d</size>
         <input_file_ref idref="fl-12"/>
      </object_component>
      <object_component id="oc-13b">
         <name>.debug_info</name>
         <load_address>0xe791</load_address>
         <run_address>0xe791</run_address>
         <size>0x12e</size>
         <input_file_ref idref="fl-13"/>
      </object_component>
      <object_component id="oc-1de">
         <name>.debug_info</name>
         <load_address>0xe8bf</load_address>
         <run_address>0xe8bf</run_address>
         <size>0x33a</size>
         <input_file_ref idref="fl-cd"/>
      </object_component>
      <object_component id="oc-f9">
         <name>.debug_info</name>
         <load_address>0xebf9</load_address>
         <run_address>0xebf9</run_address>
         <size>0x1ee</size>
         <input_file_ref idref="fl-cd"/>
      </object_component>
      <object_component id="oc-1d5">
         <name>.debug_info</name>
         <load_address>0xede7</load_address>
         <run_address>0xede7</run_address>
         <size>0x1c3</size>
         <input_file_ref idref="fl-cd"/>
      </object_component>
      <object_component id="oc-1d9">
         <name>.debug_info</name>
         <load_address>0xefaa</load_address>
         <run_address>0xefaa</run_address>
         <size>0x176</size>
         <input_file_ref idref="fl-cd"/>
      </object_component>
      <object_component id="oc-1df">
         <name>.debug_info</name>
         <load_address>0xf120</load_address>
         <run_address>0xf120</run_address>
         <size>0x2c</size>
         <input_file_ref idref="fl-cd"/>
      </object_component>
      <object_component id="oc-1e4">
         <name>.debug_info</name>
         <load_address>0xf14c</load_address>
         <run_address>0xf14c</run_address>
         <size>0x69</size>
         <input_file_ref idref="fl-cd"/>
      </object_component>
      <object_component id="oc-231">
         <name>.debug_info</name>
         <load_address>0xf1b5</load_address>
         <run_address>0xf1b5</run_address>
         <size>0x37a</size>
         <input_file_ref idref="fl-ce"/>
      </object_component>
      <object_component id="oc-115">
         <name>.debug_info</name>
         <load_address>0xf52f</load_address>
         <run_address>0xf52f</run_address>
         <size>0x17e</size>
         <input_file_ref idref="fl-ce"/>
      </object_component>
      <object_component id="oc-226">
         <name>.debug_info</name>
         <load_address>0xf6ad</load_address>
         <run_address>0xf6ad</run_address>
         <size>0x171</size>
         <input_file_ref idref="fl-ce"/>
      </object_component>
      <object_component id="oc-221">
         <name>.debug_info</name>
         <load_address>0xf81e</load_address>
         <run_address>0xf81e</run_address>
         <size>0x17e</size>
         <input_file_ref idref="fl-ce"/>
      </object_component>
      <object_component id="oc-22e">
         <name>.debug_info</name>
         <load_address>0xf99c</load_address>
         <run_address>0xf99c</run_address>
         <size>0x1de</size>
         <input_file_ref idref="fl-ce"/>
      </object_component>
      <object_component id="oc-43">
         <name>.debug_info</name>
         <load_address>0xfb7a</load_address>
         <run_address>0xfb7a</run_address>
         <size>0x119</size>
         <input_file_ref idref="fl-cf"/>
      </object_component>
      <object_component id="oc-a9">
         <name>.debug_info</name>
         <load_address>0xfc93</load_address>
         <run_address>0xfc93</run_address>
         <size>0x147</size>
         <input_file_ref idref="fl-d0"/>
      </object_component>
      <object_component id="oc-a5">
         <name>.debug_info</name>
         <load_address>0xfdda</load_address>
         <run_address>0xfdda</run_address>
         <size>0x2d4</size>
         <input_file_ref idref="fl-d1"/>
      </object_component>
      <object_component id="oc-4e">
         <name>.debug_info</name>
         <load_address>0x100ae</load_address>
         <run_address>0x100ae</run_address>
         <size>0x1d2</size>
         <input_file_ref idref="fl-d1"/>
      </object_component>
      <object_component id="oc-a0">
         <name>.debug_info</name>
         <load_address>0x10280</load_address>
         <run_address>0x10280</run_address>
         <size>0x46</size>
         <input_file_ref idref="fl-d1"/>
      </object_component>
      <object_component id="oc-d5">
         <name>.debug_info</name>
         <load_address>0x102c6</load_address>
         <run_address>0x102c6</run_address>
         <size>0x2c</size>
         <input_file_ref idref="fl-d1"/>
      </object_component>
      <object_component id="oc-4c">
         <name>.debug_info</name>
         <load_address>0x102f2</load_address>
         <run_address>0x102f2</run_address>
         <size>0x2a8</size>
         <input_file_ref idref="fl-d2"/>
      </object_component>
      <object_component id="oc-1c">
         <name>.debug_info</name>
         <load_address>0x1059a</load_address>
         <run_address>0x1059a</run_address>
         <size>0x1ea</size>
         <input_file_ref idref="fl-d2"/>
      </object_component>
      <object_component id="oc-47">
         <name>.debug_info</name>
         <load_address>0x10784</load_address>
         <run_address>0x10784</run_address>
         <size>0x46</size>
         <input_file_ref idref="fl-d2"/>
      </object_component>
      <object_component id="oc-98">
         <name>.debug_info</name>
         <load_address>0x107ca</load_address>
         <run_address>0x107ca</run_address>
         <size>0x2c</size>
         <input_file_ref idref="fl-d2"/>
      </object_component>
      <object_component id="oc-96">
         <name>.debug_info</name>
         <load_address>0x107f6</load_address>
         <run_address>0x107f6</run_address>
         <size>0x29e</size>
         <input_file_ref idref="fl-d3"/>
      </object_component>
      <object_component id="oc-16">
         <name>.debug_info</name>
         <load_address>0x10a94</load_address>
         <run_address>0x10a94</run_address>
         <size>0x250</size>
         <input_file_ref idref="fl-d3"/>
      </object_component>
      <object_component id="oc-37">
         <name>.debug_info</name>
         <load_address>0x10ce4</load_address>
         <run_address>0x10ce4</run_address>
         <size>0x60</size>
         <input_file_ref idref="fl-d3"/>
      </object_component>
      <object_component id="oc-ce">
         <name>.debug_info</name>
         <load_address>0x10d44</load_address>
         <run_address>0x10d44</run_address>
         <size>0x46</size>
         <input_file_ref idref="fl-d3"/>
      </object_component>
      <object_component id="oc-91">
         <name>.debug_info</name>
         <load_address>0x10d8a</load_address>
         <run_address>0x10d8a</run_address>
         <size>0x39</size>
         <input_file_ref idref="fl-d3"/>
      </object_component>
      <object_component id="oc-2f5">
         <name>.debug_info</name>
         <load_address>0x10dc3</load_address>
         <run_address>0x10dc3</run_address>
         <size>0xf9</size>
         <input_file_ref idref="fl-d4"/>
      </object_component>
      <object_component id="oc-214">
         <name>.debug_info</name>
         <load_address>0x10ebc</load_address>
         <run_address>0x10ebc</run_address>
         <size>0x105</size>
         <input_file_ref idref="fl-d4"/>
      </object_component>
      <object_component id="oc-2f1">
         <name>.debug_info</name>
         <load_address>0x10fc1</load_address>
         <run_address>0x10fc1</run_address>
         <size>0x2ba</size>
         <input_file_ref idref="fl-d5"/>
      </object_component>
      <object_component id="oc-2ee">
         <name>.debug_info</name>
         <load_address>0x1127b</load_address>
         <run_address>0x1127b</run_address>
         <size>0xfb</size>
         <input_file_ref idref="fl-d5"/>
      </object_component>
      <object_component id="oc-206">
         <name>.debug_info</name>
         <load_address>0x11376</load_address>
         <run_address>0x11376</run_address>
         <size>0x15d</size>
         <input_file_ref idref="fl-d5"/>
      </object_component>
      <object_component id="oc-20c">
         <name>.debug_info</name>
         <load_address>0x114d3</load_address>
         <run_address>0x114d3</run_address>
         <size>0x13d</size>
         <input_file_ref idref="fl-d5"/>
      </object_component>
      <object_component id="oc-244">
         <name>.debug_info</name>
         <load_address>0x11610</load_address>
         <run_address>0x11610</run_address>
         <size>0x28a</size>
         <input_file_ref idref="fl-d6"/>
      </object_component>
      <object_component id="oc-121">
         <name>.debug_info</name>
         <load_address>0x1189a</load_address>
         <run_address>0x1189a</run_address>
         <size>0x273</size>
         <input_file_ref idref="fl-d6"/>
      </object_component>
      <object_component id="oc-242">
         <name>.debug_info</name>
         <load_address>0x11b0d</load_address>
         <run_address>0x11b0d</run_address>
         <size>0x2fe</size>
         <input_file_ref idref="fl-d7"/>
      </object_component>
      <object_component id="oc-23f">
         <name>.debug_info</name>
         <load_address>0x11e0b</load_address>
         <run_address>0x11e0b</run_address>
         <size>0x105</size>
         <input_file_ref idref="fl-d7"/>
      </object_component>
      <object_component id="oc-11b">
         <name>.debug_info</name>
         <load_address>0x11f10</load_address>
         <run_address>0x11f10</run_address>
         <size>0x1ab</size>
         <input_file_ref idref="fl-d7"/>
      </object_component>
      <object_component id="oc-217">
         <name>.debug_info</name>
         <load_address>0x120bb</load_address>
         <run_address>0x120bb</run_address>
         <size>0x2b6</size>
         <input_file_ref idref="fl-d8"/>
      </object_component>
      <object_component id="oc-112">
         <name>.debug_info</name>
         <load_address>0x12371</load_address>
         <run_address>0x12371</run_address>
         <size>0x154</size>
         <input_file_ref idref="fl-d8"/>
      </object_component>
      <object_component id="oc-25">
         <name>.debug_info</name>
         <load_address>0x124c5</load_address>
         <run_address>0x124c5</run_address>
         <size>0x10b</size>
         <input_file_ref idref="fl-d9"/>
      </object_component>
      <object_component id="oc-63">
         <name>.debug_info</name>
         <load_address>0x125d0</load_address>
         <run_address>0x125d0</run_address>
         <size>0x1a9</size>
         <input_file_ref idref="fl-d9"/>
      </object_component>
      <object_component id="oc-2d0">
         <name>.debug_info</name>
         <load_address>0x12779</load_address>
         <run_address>0x12779</run_address>
         <size>0x590</size>
         <input_file_ref idref="fl-da"/>
      </object_component>
      <object_component id="oc-29c">
         <name>.debug_info</name>
         <load_address>0x12d09</load_address>
         <run_address>0x12d09</run_address>
         <size>0x21e</size>
         <input_file_ref idref="fl-da"/>
      </object_component>
      <object_component id="oc-3ab">
         <name>.debug_info</name>
         <load_address>0x12f27</load_address>
         <run_address>0x12f27</run_address>
         <size>0x1b3</size>
         <input_file_ref idref="fl-da"/>
      </object_component>
      <object_component id="oc-3b2">
         <name>.debug_info</name>
         <load_address>0x130da</load_address>
         <run_address>0x130da</run_address>
         <size>0x21b</size>
         <input_file_ref idref="fl-da"/>
      </object_component>
      <object_component id="oc-2a7">
         <name>.debug_info</name>
         <load_address>0x132f5</load_address>
         <run_address>0x132f5</run_address>
         <size>0x3c0</size>
         <input_file_ref idref="fl-da"/>
      </object_component>
      <object_component id="oc-3b8">
         <name>.debug_info</name>
         <load_address>0x136b5</load_address>
         <run_address>0x136b5</run_address>
         <size>0x30a</size>
         <input_file_ref idref="fl-da"/>
      </object_component>
      <object_component id="oc-3be">
         <name>.debug_info</name>
         <load_address>0x139bf</load_address>
         <run_address>0x139bf</run_address>
         <size>0x215</size>
         <input_file_ref idref="fl-da"/>
      </object_component>
      <object_component id="oc-2ad">
         <name>.debug_info</name>
         <load_address>0x13bd4</load_address>
         <run_address>0x13bd4</run_address>
         <size>0x215</size>
         <input_file_ref idref="fl-da"/>
      </object_component>
      <object_component id="oc-2b3">
         <name>.debug_info</name>
         <load_address>0x13de9</load_address>
         <run_address>0x13de9</run_address>
         <size>0x304</size>
         <input_file_ref idref="fl-da"/>
      </object_component>
      <object_component id="oc-2b9">
         <name>.debug_info</name>
         <load_address>0x140ed</load_address>
         <run_address>0x140ed</run_address>
         <size>0x4b5</size>
         <input_file_ref idref="fl-da"/>
      </object_component>
      <object_component id="oc-1cd">
         <name>.debug_info</name>
         <load_address>0x145a2</load_address>
         <run_address>0x145a2</run_address>
         <size>0x5f4</size>
         <input_file_ref idref="fl-da"/>
      </object_component>
      <object_component id="oc-2d1">
         <name>.debug_info</name>
         <load_address>0x14b96</load_address>
         <run_address>0x14b96</run_address>
         <size>0x86</size>
         <input_file_ref idref="fl-da"/>
      </object_component>
      <object_component id="oc-3e1">
         <name>.debug_info</name>
         <load_address>0x14c1c</load_address>
         <run_address>0x14c1c</run_address>
         <size>0x39</size>
         <input_file_ref idref="fl-da"/>
      </object_component>
      <object_component id="oc-452">
         <name>.debug_info</name>
         <load_address>0x14c55</load_address>
         <run_address>0x14c55</run_address>
         <size>0xb6</size>
         <input_file_ref idref="fl-da"/>
      </object_component>
      <object_component id="oc-3e6">
         <name>.debug_info</name>
         <load_address>0x14d0b</load_address>
         <run_address>0x14d0b</run_address>
         <size>0x46</size>
         <input_file_ref idref="fl-da"/>
      </object_component>
      <object_component id="oc-2d6">
         <name>.debug_info</name>
         <load_address>0x14d51</load_address>
         <run_address>0x14d51</run_address>
         <size>0x46</size>
         <input_file_ref idref="fl-da"/>
      </object_component>
      <object_component id="oc-32f">
         <name>.debug_info</name>
         <load_address>0x14d97</load_address>
         <run_address>0x14d97</run_address>
         <size>0x5ce</size>
         <input_file_ref idref="fl-db"/>
      </object_component>
      <object_component id="oc-219">
         <name>.debug_info</name>
         <load_address>0x15365</load_address>
         <run_address>0x15365</run_address>
         <size>0xa45</size>
         <input_file_ref idref="fl-db"/>
      </object_component>
      <object_component id="oc-331">
         <name>.debug_info</name>
         <load_address>0x15daa</load_address>
         <run_address>0x15daa</run_address>
         <size>0x9a</size>
         <input_file_ref idref="fl-db"/>
      </object_component>
      <object_component id="oc-3a7">
         <name>.debug_info</name>
         <load_address>0x15e44</load_address>
         <run_address>0x15e44</run_address>
         <size>0x14c</size>
         <input_file_ref idref="fl-dc"/>
      </object_component>
      <object_component id="oc-2a3">
         <name>.debug_info</name>
         <load_address>0x15f90</load_address>
         <run_address>0x15f90</run_address>
         <size>0x128</size>
         <input_file_ref idref="fl-dd"/>
      </object_component>
      <object_component id="oc-391">
         <name>.debug_info</name>
         <load_address>0x160b8</load_address>
         <run_address>0x160b8</run_address>
         <size>0x12a</size>
         <input_file_ref idref="fl-dd"/>
      </object_component>
      <object_component id="oc-38b">
         <name>.debug_info</name>
         <load_address>0x161e2</load_address>
         <run_address>0x161e2</run_address>
         <size>0x13a</size>
         <input_file_ref idref="fl-de"/>
      </object_component>
      <object_component id="oc-388">
         <name>.debug_info</name>
         <load_address>0x1631c</load_address>
         <run_address>0x1631c</run_address>
         <size>0x13a</size>
         <input_file_ref idref="fl-df"/>
      </object_component>
      <object_component id="oc-395">
         <name>.debug_info</name>
         <load_address>0x16456</load_address>
         <run_address>0x16456</run_address>
         <size>0x12e</size>
         <input_file_ref idref="fl-e0"/>
      </object_component>
      <object_component id="oc-312">
         <name>.debug_info</name>
         <load_address>0x16584</load_address>
         <run_address>0x16584</run_address>
         <size>0x13e</size>
         <input_file_ref idref="fl-e1"/>
      </object_component>
      <object_component id="oc-3a2">
         <name>.debug_info</name>
         <load_address>0x166c2</load_address>
         <run_address>0x166c2</run_address>
         <size>0x12c</size>
         <input_file_ref idref="fl-e2"/>
      </object_component>
      <object_component id="oc-381">
         <name>.debug_info</name>
         <load_address>0x167ee</load_address>
         <run_address>0x167ee</run_address>
         <size>0x134</size>
         <input_file_ref idref="fl-e3"/>
      </object_component>
      <object_component id="oc-26e">
         <name>.debug_info</name>
         <load_address>0x16922</load_address>
         <run_address>0x16922</run_address>
         <size>0x4b3</size>
         <input_file_ref idref="fl-e4"/>
      </object_component>
      <object_component id="oc-16a">
         <name>.debug_info</name>
         <load_address>0x16dd5</load_address>
[...]
         <object_component_ref idref="oc-12c"/>
      </symbol>
      <symbol id="sm-47d">
         <name>unsubscribeMqtt</name>
         <value>0x7b7f</value>
         <object_component_ref idref="oc-12c"/>
      </symbol>
      <symbol id="sm-47e">
         <name>disconnectMqtt</name>
         <value>0x7b67</value>
         <object_component_ref idref="oc-12c"/>
      </symbol>
      <symbol id="sm-4ae">
         <name>sockets</name>
         <value>0x20001000</value>
      </symbol>
      <symbol id="sm-4af">
         <name>getSocketInfoFromArpResponse</name>
         <value>0x5743</value>
         <object_component_ref idref="oc-133"/>
      </symbol>
      <symbol id="sm-4b0">
         <name>initSockets</name>
         <value>0x5639</value>
         <object_component_ref idref="oc-133"/>
      </symbol>
      <symbol id="sm-4b1">
         <name>newSocket</name>
         <value>0x5671</value>
         <object_component_ref idref="oc-133"/>
      </symbol>
      <symbol id="sm-4b2">
         <name>deleteSocket</name>
         <value>0x56db</value>
         <object_component_ref idref="oc-133"/>
      </symbol>
      <symbol id="sm-4b3">
         <name>getSocketInfoFromTcpPacket</name>
         <value>0x5865</value>
         <object_component_ref idref="oc-133"/>
      </symbol>
      <symbol id="sm-4b4">
         <name>getSocketInfoFromUdpPacket</name>
         <value>0x57bb</value>
         <object_component_ref idref="oc-133"/>
      </symbol>
      <symbol id="sm-4d0">
         <name>setSpi0Mode</name>
         <value>0x65f3</value>
         <object_component_ref idref="oc-1bb"/>
      </symbol>
      <symbol id="sm-4d1">
         <name>readSpi0Data</name>
         <value>0x6659</value>
         <object_component_ref idref="oc-1bb"/>
      </symbol>
      <symbol id="sm-4d2">
         <name>writeSpi0Data</name>
         <value>0x6641</value>
         <object_component_ref idref="oc-1bb"/>
      </symbol>
      <symbol id="sm-4d3">
         <name>initSpi0</name>
         <value>0x6521</value>
         <object_component_ref idref="oc-1bb"/>
      </symbol>
      <symbol id="sm-4d4">
         <name>setSpi0BaudRate</name>
         <value>0x65bd</value>
         <object_component_ref idref="oc-1bb"/>
      </symbol>
      <symbol id="sm-4ef">
         <name>tcpState</name>
         <value>0x200011fc</value>
      </symbol>
      <symbol id="sm-4f0">
         <name>isTcp</name>
         <value>0x7119</value>
         <object_component_ref idref="oc-13f"/>
      </symbol>
      <symbol id="sm-4f1">
         <name>sendTcpResponse</name>
         <value>0x7175</value>
         <object_component_ref idref="oc-13f"/>
      </symbol>
      <symbol id="sm-4f2">
         <name>setTcpPortList</name>
         <value>0x715b</value>
         <object_component_ref idref="oc-13f"/>
      </symbol>
      <symbol id="sm-4f3">
         <name>isTcpSyn</name>
         <value>0x7125</value>
         <object_component_ref idref="oc-13f"/>
      </symbol>
      <symbol id="sm-4f4">
         <name>processTcpArpResponse</name>
         <value>0x7151</value>
         <object_component_ref idref="oc-13f"/>
      </symbol>
      <symbol id="sm-4f5">
         <name>getTcpState</name>
         <value>0x7105</value>
         <object_component_ref idref="oc-13f"/>
      </symbol>
      <symbol id="sm-4f6">
         <name>sendTcpPendingMessages</name>
         <value>0x713d</value>
         <object_component_ref idref="oc-13f"/>
      </symbol>
      <symbol id="sm-4f7">
         <name>isTcpAck</name>
         <value>0x7131</value>
         <object_component_ref idref="oc-13f"/>
      </symbol>
      <symbol id="sm-4f8">
         <name>setTcpState</name>
         <value>0x70e9</value>
         <object_component_ref idref="oc-13f"/>
      </symbol>
      <symbol id="sm-4f9">
         <name>sendTcpMessage</name>
         <value>0x7185</value>
         <object_component_ref idref="oc-13f"/>
      </symbol>
      <symbol id="sm-4fa">
         <name>processTcpResponse</name>
         <value>0x7147</value>
         <object_component_ref idref="oc-13f"/>
      </symbol>
      <symbol id="sm-4fb">
         <name>isTcpPortOpen</name>
         <value>0x7169</value>
         <object_component_ref idref="oc-13f"/>
      </symbol>
      <symbol id="sm-53e">
         <name>fn</name>
         <value>0x2000116c</value>
      </symbol>
      <symbol id="sm-53f">
         <name>period</name>
         <value>0x20001194</value>
      </symbol>
      <symbol id="sm-540">
         <name>ticks</name>
         <value>0x200011bc</value>
      </symbol>
      <symbol id="sm-541">
         <name>reload</name>
         <value>0x200011e4</value>
      </symbol>
      <symbol id="sm-542">
         <name>initTimer</name>
         <value>0x4fe5</value>
         <object_component_ref idref="oc-2d"/>
      </symbol>
      <symbol id="sm-543">
         <name>stopTimer</name>
         <value>0x5191</value>
         <object_component_ref idref="oc-2d"/>
      </symbol>
      <symbol id="sm-544">
         <name>startOneshotTimer</name>
         <value>0x5085</value>
         <object_component_ref idref="oc-2d"/>
      </symbol>
      <symbol id="sm-545">
         <name>restartTimer</name>
         <value>0x5219</value>
         <object_component_ref idref="oc-2d"/>
      </symbol>
      <symbol id="sm-546">
         <name>random32</name>
         <value>0x531d</value>
         <object_component_ref idref="oc-2d"/>
      </symbol>
      <symbol id="sm-547">
         <name>tickIsr</name>
         <value>0x5291</value>
         <object_component_ref idref="oc-2d"/>
      </symbol>
      <symbol id="sm-548">
         <name>startPeriodicTimer</name>
         <value>0x510b</value>
         <object_component_ref idref="oc-2d"/>
      </symbol>
      <symbol id="sm-564">
         <name>ResetISR</name>
         <value>0x7d37</value>
         <object_component_ref idref="oc-27"/>
      </symbol>
      <symbol id="sm-565">
         <name>g_pfnVectors</name>
         <value>0x0</value>
         <object_component_ref idref="oc-12"/>
      </symbol>
      <symbol id="sm-588">
         <name>getcUart0</name>
         <value>0x6c57</value>
         <object_component_ref idref="oc-f0"/>
      </symbol>
      <symbol id="sm-589">
         <name>kbhitUart0</name>
         <value>0x6c6b</value>
         <object_component_ref idref="oc-f0"/>
      </symbol>
      <symbol id="sm-58a">
         <name>setUart0BaudRate</name>
         <value>0x6bcb</value>
         <object_component_ref idref="oc-f0"/>
      </symbol>
      <symbol id="sm-58b">
         <name>putsUart0</name>
         <value>0x6c2b</value>
         <object_component_ref idref="oc-f0"/>
      </symbol>
      <symbol id="sm-58c">
         <name>initUart0</name>
         <value>0x6b81</value>
         <object_component_ref idref="oc-f0"/>
      </symbol>
      <symbol id="sm-58d">
         <name>putcUart0</name>
         <value>0x6c0f</value>
         <object_component_ref idref="oc-f0"/>
      </symbol>
      <symbol id="sm-5a7">
         <name>sendUdpMessage</name>
         <value>0x59ed</value>
         <object_component_ref idref="oc-151"/>
      </symbol>
      <symbol id="sm-5a8">
         <name>getUdpData</name>
         <value>0x59c1</value>
         <object_component_ref idref="oc-151"/>
      </symbol>
      <symbol id="sm-5a9">
         <name>isUdp</name>
         <value>0x5919</value>
         <object_component_ref idref="oc-151"/>
      </symbol>
      <symbol id="sm-5b7">
         <name>waitMicrosecond</name>
         <value>0x7bd1</value>
         <object_component_ref idref="oc-139"/>
      </symbol>
      <symbol id="sm-5e6">
         <name>snprintf</name>
         <value>0x78e5</value>
         <object_component_ref idref="oc-f6"/>
      </symbol>
      <symbol id="sm-61d">
         <name>sscanf</name>
         <value>0x7a3d</value>
         <object_component_ref idref="oc-114"/>
      </symbol>
      <symbol id="sm-638">
         <name>memcpy</name>
         <value>0x724f</value>
         <object_component_ref idref="oc-41"/>
      </symbol>
      <symbol id="sm-639">
         <name>__aeabi_memcpy</name>
         <value>0x724f</value>
         <object_component_ref idref="oc-41"/>
      </symbol>
      <symbol id="sm-63a">
         <name>__aeabi_memcpy8</name>
         <value>0x724f</value>
         <object_component_ref idref="oc-41"/>
      </symbol>
      <symbol id="sm-63b">
         <name>__aeabi_memcpy4</name>
         <value>0x724f</value>
         <object_component_ref idref="oc-41"/>
      </symbol>
      <symbol id="sm-64a">
         <name>__aeabi_memset</name>
         <value>0x7513</value>
         <object_component_ref idref="oc-a6"/>
      </symbol>
      <symbol id="sm-64b">
         <name>memset</name>
         <value>0x7519</value>
         <object_component_ref idref="oc-a6"/>
      </symbol>
      <symbol id="sm-64c">
         <name>__aeabi_memset8</name>
         <value>0x7513</value>
         <object_component_ref idref="oc-a6"/>
      </symbol>
      <symbol id="sm-64d">
         <name>__aeabi_memset4</name>
         <value>0x7513</value>
         <object_component_ref idref="oc-a6"/>
      </symbol>
      <symbol id="sm-64e">
         <name>__aeabi_memclr8</name>
         <value>0x7511</value>
         <object_component_ref idref="oc-a6"/>
      </symbol>
      <symbol id="sm-64f">
         <name>__aeabi_memclr4</name>
         <value>0x7511</value>
         <object_component_ref idref="oc-a6"/>
      </symbol>
      <symbol id="sm-650">
         <name>__aeabi_memclr</name>
         <value>0x7511</value>
         <object_component_ref idref="oc-a6"/>
      </symbol>
      <symbol id="sm-669">
         <name>__TI_zero_init_nomemset</name>
         <value>0x7bf5</value>
         <object_component_ref idref="oc-4d"/>
      </symbol>
      <symbol id="sm-680">
         <name>__TI_decompress_none</name>
         <value>0x7d29</value>
         <object_component_ref idref="oc-1b"/>
      </symbol>
      <symbol id="sm-6a3">
         <name>__TI_decompress_lzss</name>
         <value>0x76d1</value>
         <object_component_ref idref="oc-15"/>
      </symbol>
      <symbol id="sm-6ae">
         <name>_ctypes_</name>
         <value>0x7d60</value>
         <object_component_ref idref="oc-213"/>
      </symbol>
      <symbol id="sm-6d3">
         <name>rand</name>
         <value>0x7aa9</value>
         <object_component_ref idref="oc-20b"/>
      </symbol>
      <symbol id="sm-6d4">
         <name>srand</name>
         <value>0x7b89</value>
         <object_component_ref idref="oc-205"/>
      </symbol>
      <symbol id="sm-6e3">
         <name>strcmp</name>
         <value>0x7c77</value>
         <object_component_ref idref="oc-120"/>
      </symbol>
      <symbol id="sm-6fb">
         <name>strtok</name>
         <value>0x79bd</value>
         <object_component_ref idref="oc-11a"/>
      </symbol>
      <symbol id="sm-70a">
         <name>tolower</name>
         <value>0x7d19</value>
         <object_component_ref idref="oc-10e"/>
      </symbol>
      <symbol id="sm-71d">
         <name>__stack</name>
         <value>0x20000000</value>
         <object_component_ref idref="oc-24"/>
      </symbol>
      <symbol id="sm-71e">
         <name>_c_int00_noargs</name>
         <value>0x7a75</value>
         <object_component_ref idref="oc-5f"/>
      </symbol>
      <symbol id="sm-883">
         <name>__TI_printfi</name>
         <value>0x2d6d</value>
         <object_component_ref idref="oc-1cb"/>
      </symbol>
      <symbol id="sm-939">
         <name>__TI_scanfi</name>
         <value>0x2259</value>
         <object_component_ref idref="oc-218"/>
      </symbol>
      <symbol id="sm-950">
         <name>__aeabi_dsub</name>
         <value>0x6209</value>
         <object_component_ref idref="oc-3a4"/>
      </symbol>
      <symbol id="sm-951">
         <name>__aeabi_dadd</name>
         <value>0x6213</value>
         <object_component_ref idref="oc-3a4"/>
      </symbol>
      <symbol id="sm-973">
         <name>__aeabi_cdcmpeq</name>
         <value>0x7381</value>
         <object_component_ref idref="oc-2a0"/>
      </symbol>
      <symbol id="sm-974">
         <name>__aeabi_cdcmple</name>
         <value>0x7381</value>
         <object_component_ref idref="oc-2a0"/>
      </symbol>
      <symbol id="sm-975">
         <name>__aeabi_cdrcmple</name>
         <value>0x7407</value>
         <object_component_ref idref="oc-38f"/>
      </symbol>
      <symbol id="sm-989">
         <name>__aeabi_ddiv</name>
         <value>0x6919</value>
         <object_component_ref idref="oc-38a"/>
      </symbol>
      <symbol id="sm-994">
         <name>__aeabi_dmul</name>
         <value>0x6fed</value>
         <object_component_ref idref="oc-385"/>
      </symbol>
      <symbol id="sm-99e">
         <name>__aeabi_d2iz</name>
         <value>0x7931</value>
         <object_component_ref idref="oc-394"/>
      </symbol>
      <symbol id="sm-9aa">
         <name>__aeabi_d2f</name>
         <value>0x75f9</value>
         <object_component_ref idref="oc-310"/>
      </symbol>
      <symbol id="sm-9b4">
         <name>__aeabi_i2d</name>
         <value>0x7b0d</value>
         <object_component_ref idref="oc-39f"/>
      </symbol>
      <symbol id="sm-9c1">
         <name>__aeabi_uldivmod</name>
         <value>0x72eb</value>
         <object_component_ref idref="oc-37e"/>
      </symbol>
      <symbol id="sm-9e9">
         <name>__TI_auto_init_nobinit_nopinit</name>
         <value>0x7979</value>
         <object_component_ref idref="oc-169"/>
      </symbol>
      <symbol id="sm-9f3">
         <name>_system_pre_init</name>
         <value>0x7d55</value>
         <object_component_ref idref="oc-ac"/>
      </symbol>
      <symbol id="sm-9ff">
         <name>C$$EXIT</name>
         <value>0x7d59</value>
         <object_component_ref idref="oc-15d"/>
      </symbol>
      <symbol id="sm-a00">
         <name>abort</name>
         <value>0x7d59</value>
         <object_component_ref idref="oc-15d"/>
      </symbol>
      <symbol id="sm-a15">
         <name>_nop</name>
         <value>0x37bb</value>
         <object_component_ref idref="oc-35b"/>
      </symbol>
      <symbol id="sm-a16">
         <name>_lock</name>
         <value>0x2000121c</value>
         <object_component_ref idref="oc-267"/>
      </symbol>
      <symbol id="sm-a17">
         <name>_unlock</name>
         <value>0x20001220</value>
         <object_component_ref idref="oc-267"/>
      </symbol>
      <symbol id="sm-a26">
         <name>__TI_ltoa</name>
         <value>0x77f3</value>
         <object_component_ref idref="oc-399"/>
      </symbol>
      <symbol id="sm-a3d">
         <name>atoi</name>
         <value>0x7899</value>
         <object_component_ref idref="oc-294"/>
      </symbol>
      <symbol id="sm-a4d">
         <name>memccpy</name>
         <value>0x7c11</value>
         <object_component_ref idref="oc-2bd"/>
      </symbol>
      <symbol id="sm-a5d">
         <name>strchr</name>
         <value>0x7ca7</value>
         <object_component_ref idref="oc-327"/>
      </symbol>
      <symbol id="sm-a6b">
         <name>strcpy</name>
         <value>0x7cbd</value>
         <object_component_ref idref="oc-2f8"/>
      </symbol>
      <symbol id="sm-a7c">
         <name>strcspn</name>
         <value>0x7bad</value>
         <object_component_ref idref="oc-238"/>
      </symbol>
      <symbol id="sm-a8a">
         <name>strlen</name>
         <value>0x7cd1</value>
         <object_component_ref idref="oc-28e"/>
      </symbol>
      <symbol id="sm-a99">
         <name>strrchr</name>
         <value>0x7c8f</value>
         <object_component_ref idref="oc-321"/>
      </symbol>
      <symbol id="sm-aab">
         <name>strspn</name>
         <value>0x7b3b</value>
         <object_component_ref idref="oc-232"/>
      </symbol>
      <symbol id="sm-b0b">
         <name>strtold</name>
         <value>0x4b85</value>
         <object_component_ref idref="oc-30a"/>
      </symbol>
      <symbol id="sm-b0c">
         <name>strtod</name>
         <value>0x4b85</value>
         <object_component_ref idref="oc-30a"/>
      </symbol>
      <symbol id="sm-b30">
         <name>strtol</name>
         <value>0x6a51</value>
         <object_component_ref idref="oc-315"/>
      </symbol>
      <symbol id="sm-b56">
         <name>strtoll</name>
         <value>0x5e5d</value>
         <object_component_ref idref="oc-31b"/>
      </symbol>
      <symbol id="sm-b76">
         <name>strtoul</name>
         <value>0x6edd</value>
         <object_component_ref idref="oc-304"/>
      </symbol>
      <symbol id="sm-b99">
         <name>strtoull</name>
         <value>0x6681</value>
         <object_component_ref idref="oc-2fe"/>
      </symbol>
      <symbol id="sm-baf">
         <name>__aeabi_errno_addr</name>
         <value>0x7d45</value>
         <object_component_ref idref="oc-2c9"/>
      </symbol>
      <symbol id="sm-bb0">
         <name>errno</name>
         <value>0x20001240</value>
         <object_component_ref idref="oc-3da"/>
      </symbol>
      <symbol id="sm-bc9">
         <name>wcslen</name>
         <value>0x7cf7</value>
         <object_component_ref idref="oc-2c3"/>
      </symbol>
      <symbol id="sm-be9">
         <name>frexpl</name>
         <value>0x7739</value>
         <object_component_ref idref="oc-3c4"/>
      </symbol>
      <symbol id="sm-bea">
         <name>frexp</name>
         <value>0x7739</value>
         <object_component_ref idref="oc-3c4"/>
      </symbol>
      <symbol id="sm-c07">
         <name>scalbn</name>
         <value>0x6dcd</value>
         <object_component_ref idref="oc-3ca"/>
      </symbol>
      <symbol id="sm-c08">
         <name>scalbnl</name>
         <value>0x6dcd</value>
         <object_component_ref idref="oc-3ca"/>
      </symbol>
      <symbol id="sm-c09">
         <name>ldexpl</name>
         <value>0x6dcd</value>
         <object_component_ref idref="oc-3ca"/>
      </symbol>
      <symbol id="sm-c0a">
         <name>ldexp</name>
         <value>0x6dcd</value>
         <object_component_ref idref="oc-3ca"/>
      </symbol>
      <symbol id="sm-c14">
         <name>__aeabi_idiv0</name>
         <value>0x5beb</value>
         <object_component_ref idref="oc-424"/>
      </symbol>
      <symbol id="sm-c15">
         <name>__aeabi_ldiv0</name>
         <value>0x5beb</value>
         <object_component_ref idref="oc-424"/>
      </symbol>
      <symbol id="sm-c1e">
         <name>__aeabi_lmul</name>
         <value>0x7c5f</value>
         <object_component_ref idref="oc-3f3"/>
      </symbol>
      <symbol id="sm-c28">
         <name>copysign</name>
         <value>0x7c2d</value>
         <object_component_ref idref="oc-43d"/>
      </symbol>
      <symbol id="sm-c29">
         <name>copysignl</name>
         <value>0x7c2d</value>
         <object_component_ref idref="oc-43d"/>
      </symbol>
      <symbol id="sm-c2a">
         <name>__TI_static_base__</name>
         <value>0x0</value>
      </symbol>
      <symbol id="sm-c2d">
         <name>__mpu_init</name>
         <value>0x0</value>
      </symbol>
      <symbol id="sm-c2e">
         <name>_system_post_cinit</name>
         <value>0x0</value>
      </symbol>
   </symbol_table>
   <title>Link successful</title>
</link_info>
