******************************************************************************
                  TI ARM Linker PC v20.2.7                     
******************************************************************************
>> Linked Mon Mar 16 19:51:13 2026

OUTPUT FILE NAME:   <iot_given_code.out>
ENTRY POINT SYMBOL: "_c_int00_noargs"  address: 00007a75


MEMORY CONFIGURATION

         name            origin    length      used     unused   attr    fill
----------------------  --------  ---------  --------  --------  ----  --------
  FLASH                 00000000   00040000  00007f84  0003807c  R  X
  SRAM                  20000000   00008000  0000124f  00006db1  RW X


SEGMENT ALLOCATION MAP

run origin  load origin   length   init length attrs members
----------  ----------- ---------- ----------- ----- -------
00000000    00000000    00007f88   00007f88    r-x
  00000000    00000000    0000026c   0000026c    r-- .intvecs
  0000026c    0000026c    00007af0   00007af0    r-x .text
  00007d60    00007d60    000001e0   000001e0    r-- .const
  00007f40    00007f40    00000048   00000048    r-- .cinit
20000000    20000000    0000124f   00000000    rw-
  20000000    20000000    00001000   00000000    rw- .stack
  20001000    20001000    00000204   00000000    rw- .bss
  20001204    20001204    0000004b   00000000    rw- .data


SECTION ALLOCATION MAP

 output                                  attributes/
section   page    origin      length       input sections
--------  ----  ----------  ----------   ----------------
.intvecs   0    00000000    0000026c     
                  00000000    0000026c     tm4c123gh6pm_startup_ccs.obj (.intvecs)

.text      0    0000026c    00007af0     
                  0000026c    0000129c     dhcp.obj (.text)
                  00001508    00000d50     ethernet.obj (.text)
                  00002258    00000b14     rtsv7M4_T_le_v4SPD16_eabi.lib : _scanfi.c.obj (.text:__TI_scanfi)
                  00002d6c    00000a4e                                   : _printfi.c.obj (.text:__TI_printfi)
                  000037ba    00000002                                   : _lock.c.obj (.text:_nop)
                  000037bc    00000808     gpio.obj (.text)
                  00003fc4    00000714     eth0.obj (.text)
                  000046d8    000004ac     ip.obj (.text)
                  00004b84    00000460     rtsv7M4_T_le_v4SPD16_eabi.lib : strtod.c.obj (.text:strtod)
                  00004fe4    00000360     timer.obj (.text)
                  00005344    000002f4     arp.obj (.text)
                  00005638    000002e0     socket.obj (.text)
                  00005918    000002d2     udp.obj (.text)
                  00005bea    00000002     rtsv7M4_T_le_v4SPD16_eabi.lib : div0.asm.obj (.text)
                  00005bec    00000270                                   : _printfi.c.obj (.text:_pconv_a)
                  00005e5c    000001dc                                   : strtoll.c.obj (.text:strtoll)
                  00006038    000001d0                                   : _printfi.c.obj (.text:_pconv_g)
                  00006208    000001b6                                   : fd_add_t2.asm.obj (.text)
                  000063be    00000160     icmp.obj (.text)
                  0000651e    00000002     --HOLE-- [fill = 0]
                  00006520    00000160     spi0.obj (.text)
                  00006680    0000015c     rtsv7M4_T_le_v4SPD16_eabi.lib : strtoull.c.obj (.text:strtoull)
                  000067dc    0000013c                                   : _printfi.c.obj (.text:_pconv_e)
                  00006918    00000136                                   : fd_div_t2.asm.obj (.text)
                  00006a4e    00000002     --HOLE-- [fill = 0]
                  00006a50    00000130                                   : strtol.c.obj (.text:strtol)
                  00006b80    00000128     uart0.obj (.text)
                  00006ca8    00000124     rtsv7M4_T_le_v4SPD16_eabi.lib : _printfi.c.obj (.text:fcvt)
                  00006dcc    00000110                                   : s_scalbn.c.obj (.text:scalbn)
                  00006edc    00000110                                   : strtoul.c.obj (.text:strtoul)
                  00006fec    000000fc                                   : fd_mul_t2.asm.obj (.text)
                  000070e8    000000b4     tcp.obj (.text)
                  0000719c    000000b1     rtsv7M4_T_le_v4SPD16_eabi.lib : _printfi.c.obj (.text:_ltostr)
                  0000724d    00000001     --HOLE-- [fill = 0]
                  0000724e    0000009c                                   : memcpy_t2.asm.obj (.text)
                  000072ea    00000096                                   : ull_div_t2.asm.obj (.text)
                  00007380    00000086                                   : fd_cmp_t2.asm.obj (.text:__aeabi_cdcmple)
                  00007406    00000086                                   : fd_cmp_t2.asm.obj (.text:__aeabi_cdrcmple)
                  0000748c    00000084     eeprom.obj (.text)
                  00007510    0000007a     rtsv7M4_T_le_v4SPD16_eabi.lib : memset_t2.asm.obj (.text)
                  0000758a    0000006e                                   : _printfi.c.obj (.text:_mcpy)
                  000075f8    0000006e                                   : fd_tos_t2.asm.obj (.text)
                  00007666    00000002     --HOLE-- [fill = 0]
                  00007668    00000068                                   : sscanf.c.obj (.text:_chkmbc)
                  000076d0    00000068                                   : copy_decompress_lzss.c.obj (.text:decompress:lzss:__TI_decompress_lzss)
                  00007738    00000064                                   : s_frexp.c.obj (.text:frexp)
                  0000779c    00000056                                   : _printfi.c.obj (.text:_pconv_f)
                  000077f2    00000054                                   : _ltoa.c.obj (.text:__TI_ltoa)
                  00007846    00000052                                   : _printfi.c.obj (.text:_ecpy)
                  00007898    0000004c                                   : atoi.c.obj (.text:atoi)
                  000078e4    0000004c                                   : snprintf.c.obj (.text:snprintf)
                  00007930    00000048                                   : fd_toi_t2.asm.obj (.text)
                  00007978    00000044                                   : autoinit.c.obj (.text:__TI_auto_init_nobinit_nopinit:__TI_auto_init_nobinit_nopinit)
                  000079bc    00000040                                   : strtok.c.obj (.text:strtok)
                  000079fc    0000003e                                   : _printfi.c.obj (.text:_fcpy)
                  00007a3a    00000002     --HOLE-- [fill = 0]
                  00007a3c    00000038                                   : sscanf.c.obj (.text:sscanf)
                  00007a74    00000034                                   : boot_cortex_m.c.obj (.text:_c_int00_noargs:_c_int00_noargs)
                  00007aa8    00000034                                   : rand.c.obj (.text:rand)
                  00007adc    00000030                                   : snprintf.c.obj (.text:_outs)
                  00007b0c    0000002e                                   : i_tofd_t2.asm.obj (.text)
                  00007b3a    0000002a                                   : strspn.c.obj (.text:strspn)
                  00007b64    00000024     mqtt.obj (.text)
                  00007b88    00000024     rtsv7M4_T_le_v4SPD16_eabi.lib : rand.c.obj (.text:srand)
                  00007bac    00000024                                   : strcspn.c.obj (.text:strcspn)
                  00007bd0    00000024     wait.obj (.text)
                  00007bf4    0000001c     rtsv7M4_T_le_v4SPD16_eabi.lib : copy_zero_init.c.obj (.text:decompress:ZI:__TI_zero_init_nomemset:__TI_zero_init_nomemset)
                  00007c10    0000001c                                   : memccpy.c.obj (.text:memccpy)
                  00007c2c    0000001a                                   : s_copysign.c.obj (.text:copysign)
                  00007c46    00000018                                   : snprintf.c.obj (.text:_outc)
                  00007c5e    00000018                                   : ll_mul_t2.asm.obj (.text)
                  00007c76    00000018                                   : strcmp.c.obj (.text:strcmp)
                  00007c8e    00000018                                   : strrchr.c.obj (.text:strrchr)
                  00007ca6    00000016                                   : strchr.c.obj (.text:strchr)
                  00007cbc    00000014                                   : strcpy.c.obj (.text:strcpy)
                  00007cd0    00000014                                   : strlen.c.obj (.text:strlen)
                  00007ce4    00000012                                   : sscanf.c.obj (.text:_inpchar)
                  00007cf6    00000012                                   : wcslen.c.obj (.text:wcslen)
                  00007d08    00000010     clock.obj (.text)
                  00007d18    00000010     rtsv7M4_T_le_v4SPD16_eabi.lib : tolower.c.obj (.text:tolower)
                  00007d28    0000000e                                   : copy_decompress_none.c.obj (.text:decompress:none:__TI_decompress_none)
                  00007d36    0000000c     tm4c123gh6pm_startup_ccs.obj (.text)
                  00007d42    00000002     --HOLE-- [fill = 0]
                  00007d44    00000008     rtsv7M4_T_le_v4SPD16_eabi.lib : errno.c.obj (.text:__aeabi_errno_addr)
                  00007d4c    00000008                                   : sscanf.c.obj (.text:_uninpchar)
                  00007d54    00000004                                   : pre_init.c.obj (.text:_system_pre_init)
                  00007d58    00000004                                   : exit.c.obj (.text:abort:abort)

.const     0    00007d60    000001e0     
                  00007d60    00000101     rtsv7M4_T_le_v4SPD16_eabi.lib : ctype.c.obj (.const:.string:_ctypes_)
                  00007e61    00000007     --HOLE-- [fill = 0]
                  00007e68    000000c8                                   : strtod.c.obj (.const:$O1$$)
                  00007f30    00000010                                   : _scanfi.c.obj (.const:$O1$$)

.cinit     0    00007f40    00000048     
                  00007f40    0000001e     (.cinit..data.load) [load image, compression = lzss]
                  00007f5e    00000002     --HOLE-- [fill = 0]
                  00007f60    0000000c     (__TI_handler_table)
                  00007f6c    00000004     --HOLE-- [fill = 0]
                  00007f70    00000008     (.cinit..bss.load) [load image, compression = zero_init]
                  00007f78    00000010     (__TI_cinit_table)

.init_array 
*          0    00000000    00000000     UNINITIALIZED

.bss       0    20001000    00000204     UNINITIALIZED
                  20001000    00000118     (.common:sockets)
                  20001118    00000054     (.common:strInput)
                  2000116c    00000028     (.common:fn)
                  20001194    00000028     (.common:period)
                  200011bc    00000028     (.common:ticks)
                  200011e4    0000000c     (.common:reload)
                  200011f0    00000004     (.common:dhcpOfferedIpAdd)
                  200011f4    00000004     (.common:dhcpServerIpAdd)
                  200011f8    00000004     (.common:gatewayIp)
                  200011fc    00000004     (.common:tcpState)
                  20001200    00000004     (.common:token)

.data      0    20001204    0000004b     UNINITIALIZED
                  20001204    00000017     dhcp.obj (.data)
                  2000121b    00000001     ethernet.obj (.data)
                  2000121c    00000008     rtsv7M4_T_le_v4SPD16_eabi.lib : _lock.c.obj (.data:$O1$$)
                  20001224    00000006     eth0.obj (.data:hwAddress)
                  2000122a    00000004     ip.obj (.data:ipAddress)
                  2000122e    00000004     ip.obj (.data:ipDnsAddress)
                  20001232    00000004     ip.obj (.data:ipGwAddress)
                  20001236    00000004     ip.obj (.data:ipSubnetMask)
                  2000123a    00000004     ip.obj (.data:ipTimeServerAddress)
                  2000123e    00000002     --HOLE--
                  20001240    00000004     rtsv7M4_T_le_v4SPD16_eabi.lib : errno.c.obj (.data)
                  20001244    00000004                                   : rand.c.obj (.data)
                  20001248    00000004                                   : strtok.c.obj (.data)
                  2000124c    00000003     eth0.obj (.data)

.stack     0    20000000    00001000     UNINITIALIZED
                  20000000    00000004     rtsv7M4_T_le_v4SPD16_eabi.lib : boot_cortex_m.c.obj (.stack)
                  20000004    00000ffc     --HOLE--

__llvm_prf_cnts 
*          0    20000000    00000000     UNINITIALIZED

MODULE SUMMARY

       Module                         code    ro data   rw data
       ------                         ----    -------   -------
    .\
       dhcp.obj                       4764    0         35     
       ethernet.obj                   3408    0         89     
       gpio.obj                       2056    0         0      
       eth0.obj                       1812    0         9      
       ip.obj                         1196    0         20     
       socket.obj                     736     0         280    
       timer.obj                      864     0         132    
       arp.obj                        756     0         0      
       udp.obj                        722     0         0      
       tm4c123gh6pm_startup_ccs.obj   12      620       0      
       icmp.obj                       352     0         0      
       spi0.obj                       352     0         0      
       uart0.obj                      296     0         0      
       tcp.obj                        180     0         4      
       eeprom.obj                     132     0         0      
       mqtt.obj                       36      0         0      
       wait.obj                       36      0         0      
       clock.obj                      16      0         0      
    +--+------------------------------+-------+---------+---------+
       Total:                         17726   620       569    
                                                               
    C:\ti\ccs1281\ccs\tools\compiler\ti-cgt-arm_20.2.7.LTS\lib\rtsv7M4_T_le_v4SPD16_eabi.lib
       _printfi.c.obj                 4851    0         0      
       _scanfi.c.obj                  2836    16        0      
       strtod.c.obj                   1120    200       0      
       strtoll.c.obj                  476     0         0      
       fd_add_t2.asm.obj              438     0         0      
       strtoull.c.obj                 348     0         0      
       fd_div_t2.asm.obj              310     0         0      
       strtol.c.obj                   304     0         0      
       s_scalbn.c.obj                 272     0         0      
       strtoul.c.obj                  272     0         0      
       fd_cmp_t2.asm.obj              268     0         0      
       ctype.c.obj                    0       257       0      
       fd_mul_t2.asm.obj              252     0         0      
       sscanf.c.obj                   186     0         0      
       memcpy_t2.asm.obj              156     0         0      
       ull_div_t2.asm.obj             150     0         0      
       snprintf.c.obj                 148     0         0      
       memset_t2.asm.obj              122     0         0      
       fd_tos_t2.asm.obj              110     0         0      
       copy_decompress_lzss.c.obj     104     0         0      
       s_frexp.c.obj                  100     0         0      
       rand.c.obj                     88      0         4      
       _ltoa.c.obj                    84      0         0      
       atoi.c.obj                     76      0         0      
       fd_toi_t2.asm.obj              72      0         0      
       autoinit.c.obj                 68      0         0      
       strtok.c.obj                   64      0         4      
       boot_cortex_m.c.obj            52      0         0      
       i_tofd_t2.asm.obj              46      0         0      
       strspn.c.obj                   42      0         0      
       strcspn.c.obj                  36      0         0      
       copy_zero_init.c.obj           28      0         0      
       memccpy.c.obj                  28      0         0      
       s_copysign.c.obj               26      0         0      
       ll_mul_t2.asm.obj              24      0         0      
       strcmp.c.obj                   24      0         0      
       strrchr.c.obj                  24      0         0      
       strchr.c.obj                   22      0         0      
       strcpy.c.obj                   20      0         0      
       strlen.c.obj                   20      0         0      
       wcslen.c.obj                   18      0         0      
       tolower.c.obj                  16      0         0      
       copy_decompress_none.c.obj     14      0         0      
       errno.c.obj                    8       0         4      
       _lock.c.obj                    2       0         8      
       exit.c.obj                     4       0         0      
       pre_init.c.obj                 4       0         0      
       div0.asm.obj                   2       0         0      
    +--+------------------------------+-------+---------+---------+
       Total:                         13735   473       20     
                                                               
       Stack:                         0       0         4096   
       Linker Generated:              0       66        0      
    +--+------------------------------+-------+---------+---------+
       Grand Total:                   31461   1159      4685   


LINKER GENERATED COPY TABLES

__TI_cinit_table @ 00007f78 records: 2, size/record: 8, table size: 16
	.data: load addr=00007f40, load size=0000001e bytes, run addr=20001204, run size=0000004b bytes, compression=lzss
	.bss: load addr=00007f70, load size=00000008 bytes, run addr=20001000, run size=00000204 bytes, compression=zero_init


LINKER GENERATED HANDLER TABLE

__TI_handler_table @ 00007f60 records: 3, size/record: 4, table size: 12
	index: 0, handler: __TI_decompress_lzss
	index: 1, handler: __TI_decompress_none
	index: 2, handler: __TI_zero_init


GLOBAL SYMBOLS: SORTED ALPHABETICALLY BY Name 

address   name                          
-------   ----                          
00007d59  C$$EXIT                       
00007d37  ResetISR                      
20001000  __STACK_END                   
00001000  __STACK_SIZE                  
20000200  __STACK_TOP                   
00007f78  __TI_CINIT_Base               
00007f88  __TI_CINIT_Limit              
00007f60  __TI_Handler_Table_Base       
00007f6c  __TI_Handler_Table_Limit      
00007979  __TI_auto_init_nobinit_nopinit
000076d1  __TI_decompress_lzss          
00007d29  __TI_decompress_none          
000077f3  __TI_ltoa                     
ffffffff  __TI_pprof_out_hndl           
00002d6d  __TI_printfi                  
ffffffff  __TI_prof_data_size           
ffffffff  __TI_prof_data_start          
00002259  __TI_scanfi                   
00000000  __TI_static_base__            
00007bf5  __TI_zero_init_nomemset       
00007381  __aeabi_cdcmpeq               
00007381  __aeabi_cdcmple               
00007407  __aeabi_cdrcmple              
000075f9  __aeabi_d2f                   
00007931  __aeabi_d2iz                  
00006213  __aeabi_dadd                  
00006919  __aeabi_ddiv                  
00006fed  __aeabi_dmul                  
00006209  __aeabi_dsub                  
00007d45  __aeabi_errno_addr            
00007b0d  __aeabi_i2d                   
00005beb  __aeabi_idiv0                 
00005beb  __aeabi_ldiv0                 
00007c5f  __aeabi_lmul                  
00007511  __aeabi_memclr                
00007511  __aeabi_memclr4               
00007511  __aeabi_memclr8               
0000724f  __aeabi_memcpy                
0000724f  __aeabi_memcpy4               
0000724f  __aeabi_memcpy8               
00007513  __aeabi_memset                
00007513  __aeabi_memset4               
00007513  __aeabi_memset8               
000072eb  __aeabi_uldivmod              
ffffffff  __binit__                     
ffffffff  __c_args__                    
UNDEFED   __mpu_init                    
20000000  __stack                       
20000000  __start___llvm_prf_cnts       
20000000  __stop___llvm_prf_cnts        
00007a75  _c_int00_noargs               
00007d60  _ctypes_                      
2000121c  _lock                         
000037bb  _nop                          
UNDEFED   _system_post_cinit            
00007d55  _system_pre_init              
20001220  _unlock                       
00007d59  abort                         
0000195f  asciiToUint8                  
00007899  atoi                          
ffffffff  binit                         
00004b3f  calcIpChecksum                
00000287  callbackDhcpGetNewAddressTimer
000003b9  callbackDhcpIpConflictWindow  
0000035b  callbackDhcpLeaseEndTimer     
000002f5  callbackDhcpT1HitTimer        
000002f3  callbackDhcpT1PeriodicTimer   
0000033d  callbackDhcpT2HitTimer        
0000033b  callbackDhcpT2PeriodicTimer   
00004083  clearEtherReg                 
00003e11  clearPinInterrupt             
00007b65  connectMqtt                   
00007c2d  copysign                      
00007c2d  copysignl                     
2000121b  count                         
000056db  deleteSocket                  
20001219  dhcpEnabled                   
200011f0  dhcpOfferedIpAdd              
200011f4  dhcpServerIpAdd               
20001218  dhcpState                     
00001443  disableDhcp                   
00003fdb  disableEtherCs                
00003ded  disablePinInterrupt           
00003b25  disablePinPulldown            
00003add  disablePinPullup              
00003879  disablePort                   
00007b67  disconnectMqtt                
20001214  discoverNeeded                
00001549  displayConnectionInfo         
0000140d  enableDhcp                    
00003fc5  enableEtherCs                 
00003dc9  enablePinInterrupt            
00003b01  enablePinPulldown             
00003aaf  enablePinPullup               
000037bd  enablePort                    
20001240  errno                         
2000116c  fn                            
2000121a  forceNakTest                  
00007739  frexp                         
00007739  frexpl                        
00000000  g_pfnVectors                  
200011f8  gatewayIp                     
00000425  getDhcpLeaseSeconds           
00000be9  getDhcpOption                 
00000281  getDhcpState                  
000045df  getEtherId                    
00004679  getEtherMacAddress            
000043b9  getEtherPacket                
00004809  getIpAddress                  
00004b0d  getIpChecksum                 
00004965  getIpDnsAddress               
000048f1  getIpGatewayAddress           
00004a51  getIpMqttBrokerAddress        
0000487d  getIpSubnetMask               
000049d9  getIpTimeServerAddress        
00003e7f  getPinValue                   
00003f35  getPortValue                  
00005743  getSocketInfoFromArpResponse  
00005865  getSocketInfoFromTcpPacket    
000057bb  getSocketInfoFromUdpPacket    
00007105  getTcpState                   
000059c1  getUdpData                    
00006c57  getcUart0                     
00000edd  handleDhcpAck                 
00001165  handleDhcpNak                 
000045b3  htonl                         
0000458f  htons                         
20001224  hwAddress                     
000045eb  incEtherId                    
0000748d  initEeprom                    
000041cf  initEther                     
00001509  initHw                        
00005639  initSockets                   
00006521  initSpi0                      
00007d09  initSystemClockTo40Mhz        
00004fe5  initTimer                     
00006b81  initUart0                     
2000122a  ipAddress                     
20001217  ipConflictDetectionMode       
2000122e  ipDnsAddress                  
20001232  ipGwAddress                   
20001236  ipSubnetMask                  
2000123a  ipTimeServerAddress           
00005345  isArpRequest                  
000053e9  isArpResponse                 
00000dd5  isDhcpAck                     
000011a3  isDhcpDiscoverNeeded          
00001465  isDhcpEnabled                 
0000041f  isDhcpIpConflictDetectionMode 
00001057  isDhcpNak                     
00000c2d  isDhcpOffer                   
000011ab  isDhcpReleaseNeeded           
000011a7  isDhcpRequestNeeded           
00000431  isDhcpResponse                
0000436f  isEtherDataAvailable          
000047a9  isEtherIpValid                
00004355  isEtherLinkUp                 
00004389  isEtherOverflow               
000046d9  isIp                          
00004749  isIpUnicast                   
000063bf  isPingRequest                 
00007119  isTcp                         
00007131  isTcpAck                      
00007169  isTcpPortOpen                 
00007125  isTcpSyn                      
00005919  isUdp                         
00006c6b  kbhitUart0                    
00006dcd  ldexp                         
00006dcd  ldexpl                        
20001208  leaseSeconds                  
2000120c  leaseT1                       
20001210  leaseT2                       
00001f85  main                          
00007c11  memccpy                       
0000724f  memcpy                        
00007519  memset                        
00005671  newSocket                     
2000124c  nextPacketLsb                 
2000124d  nextPacketMsb                 
20001194  period                        
0000133d  processDhcpArpResponse        
000012cd  processDhcpResponse           
00001a09  processShell                  
00007151  processTcpArpResponse         
00007147  processTcpResponse            
00007b69  publishMqtt                   
000044a9  putEtherPacket                
00006c0f  putcUart0                     
00006c2b  putsUart0                     
00007aa9  rand                          
0000531d  random32                      
0000189f  readConfiguration             
000074d5  readEeprom                    
000041b7  readEtherMem                  
0000410b  readEtherPhy                  
0000401d  readEtherReg                  
00006659  readSpi0Data                  
00000339  rebindDhcp                    
000003b1  releaseDhcp                   
20001216  releaseNeeded                 
200011e4  reload                        
000002a7  renewDhcp                     
0000041d  requestDhcpIpConflictTest     
000002a5  requestDhcpNewAddress         
20001215  requestNeeded                 
00005219  restartTimer                  
00006dcd  scalbn                        
00006dcd  scalbnl                       
000039e3  selectPinAnalogInput          
00003995  selectPinDigitalInput         
00003cff  selectPinInterruptBothEdges   
00003caf  selectPinInterruptFallingEdge 
00003d55  selectPinInterruptHighLevel   
00003d8f  selectPinInterruptLowLevel    
00003c5f  selectPinInterruptRisingEdge  
00003947  selectPinOpenDrainOutput      
000038f9  selectPinPushPullOutput       
0000551b  sendArpRequest                
0000543d  sendArpResponse               
000005c1  sendDhcpMessage               
000011dd  sendDhcpPendingMessages       
00006403  sendPingRequest               
0000640f  sendPingResponse              
00007185  sendTcpMessage                
0000713d  sendTcpPendingMessages        
00007175  sendTcpResponse               
000059ed  sendUdpMessage                
2000124e  sequenceId                    
0000026d  setDhcpState                  
000040b7  setEtherBank                  
000045f5  setEtherMacAddress            
0000404f  setEtherReg                   
000047cf  setIpAddress                  
0000492b  setIpDnsAddress               
000048b7  setIpGatewayAddress           
00004a13  setIpMqttBrokerAddress        
00004843  setIpSubnetMask               
0000499f  setIpTimeServerAddress        
00003b4d  setPinAuxFunction             
00003a33  setPinCommitControl           
00003e35  setPinValue                   
00003ebd  setPortValue                  
000065bd  setSpi0BaudRate               
000065f3  setSpi0Mode                   
0000715b  setTcpPortList                
000070e9  setTcpState                   
00006bcb  setUart0BaudRate              
000078e5  snprintf                      
20001000  sockets                       
00007b89  srand                         
00007a3d  sscanf                        
000041a5  startEtherMemRead             
00004177  startEtherMemWrite            
00005085  startOneshotTimer             
0000510b  startPeriodicTimer            
000041c7  stopEtherMemRead              
0000419d  stopEtherMemWrite             
00005191  stopTimer                     
20001118  strInput                      
00007ca7  strchr                        
00007c77  strcmp                        
00007cbd  strcpy                        
00007bad  strcspn                       
00007cd1  strlen                        
00007c8f  strrchr                       
00007b3b  strspn                        
00004b85  strtod                        
000079bd  strtok                        
00006a51  strtol                        
00004b85  strtold                       
00005e5d  strtoll                       
00006edd  strtoul                       
00006681  strtoull                      
00007b75  subscribeMqtt                 
00004a99  sumIpWords                    
200011fc  tcpState                      
00005291  tickIsr                       
200011bc  ticks                         
00003e5b  togglePinValue                
20001200  token                         
00007d19  tolower                       
00007b7f  unsubscribeMqtt               
00007bd1  waitMicrosecond               
00007cf7  wcslen                        
000074a3  writeEeprom                   
00004189  writeEtherMem                 
000040d3  writeEtherPhy                 
00003fe9  writeEtherReg                 
00006641  writeSpi0Data                 
20001204  xid                           


GLOBAL SYMBOLS: SORTED BY Symbol Address 

address   name                          
-------   ----                          
00000000  __TI_static_base__            
00000000  g_pfnVectors                  
0000026d  setDhcpState                  
00000281  getDhcpState                  
00000287  callbackDhcpGetNewAddressTimer
000002a5  requestDhcpNewAddress         
000002a7  renewDhcp                     
000002f3  callbackDhcpT1PeriodicTimer   
000002f5  callbackDhcpT1HitTimer        
00000339  rebindDhcp                    
0000033b  callbackDhcpT2PeriodicTimer   
0000033d  callbackDhcpT2HitTimer        
0000035b  callbackDhcpLeaseEndTimer     
000003b1  releaseDhcp                   
000003b9  callbackDhcpIpConflictWindow  
0000041d  requestDhcpIpConflictTest     
0000041f  isDhcpIpConflictDetectionMode 
00000425  getDhcpLeaseSeconds           
00000431  isDhcpResponse                
000005c1  sendDhcpMessage               
00000be9  getDhcpOption                 
00000c2d  isDhcpOffer                   
00000dd5  isDhcpAck                     
00000edd  handleDhcpAck                 
00001000  __STACK_SIZE                  
00001057  isDhcpNak                     
00001165  handleDhcpNak                 
000011a3  isDhcpDiscoverNeeded          
000011a7  isDhcpRequestNeeded           
000011ab  isDhcpReleaseNeeded           
000011dd  sendDhcpPendingMessages       
000012cd  processDhcpResponse           
0000133d  processDhcpArpResponse        
0000140d  enableDhcp                    
00001443  disableDhcp                   
00001465  isDhcpEnabled                 
00001509  initHw                        
00001549  displayConnectionInfo         
0000189f  readConfiguration             
0000195f  asciiToUint8                  
00001a09  processShell                  
00001f85  main                          
00002259  __TI_scanfi                   
00002d6d  __TI_printfi                  
000037bb  _nop                          
000037bd  enablePort                    
00003879  disablePort                   
000038f9  selectPinPushPullOutput       
00003947  selectPinOpenDrainOutput      
00003995  selectPinDigitalInput         
000039e3  selectPinAnalogInput          
00003a33  setPinCommitControl           
00003aaf  enablePinPullup               
00003add  disablePinPullup              
00003b01  enablePinPulldown             
00003b25  disablePinPulldown            
00003b4d  setPinAuxFunction             
00003c5f  selectPinInterruptRisingEdge  
00003caf  selectPinInterruptFallingEdge 
00003cff  selectPinInterruptBothEdges   
00003d55  selectPinInterruptHighLevel   
00003d8f  selectPinInterruptLowLevel    
00003dc9  enablePinInterrupt            
00003ded  disablePinInterrupt           
00003e11  clearPinInterrupt             
00003e35  setPinValue                   
00003e5b  togglePinValue                
00003e7f  getPinValue                   
00003ebd  setPortValue                  
00003f35  getPortValue                  
00003fc5  enableEtherCs                 
00003fdb  disableEtherCs                
00003fe9  writeEtherReg                 
0000401d  readEtherReg                  
0000404f  setEtherReg                   
00004083  clearEtherReg                 
000040b7  setEtherBank                  
000040d3  writeEtherPhy                 
0000410b  readEtherPhy                  
00004177  startEtherMemWrite            
00004189  writeEtherMem                 
0000419d  stopEtherMemWrite             
000041a5  startEtherMemRead             
000041b7  readEtherMem                  
000041c7  stopEtherMemRead              
000041cf  initEther                     
00004355  isEtherLinkUp                 
0000436f  isEtherDataAvailable          
00004389  isEtherOverflow               
000043b9  getEtherPacket                
000044a9  putEtherPacket                
0000458f  htons                         
000045b3  htonl                         
000045df  getEtherId                    
000045eb  incEtherId                    
000045f5  setEtherMacAddress            
00004679  getEtherMacAddress            
000046d9  isIp                          
00004749  isIpUnicast                   
000047a9  isEtherIpValid                
000047cf  setIpAddress                  
00004809  getIpAddress                  
00004843  setIpSubnetMask               
0000487d  getIpSubnetMask               
000048b7  setIpGatewayAddress           
000048f1  getIpGatewayAddress           
0000492b  setIpDnsAddress               
00004965  getIpDnsAddress               
0000499f  setIpTimeServerAddress        
000049d9  getIpTimeServerAddress        
00004a13  setIpMqttBrokerAddress        
00004a51  getIpMqttBrokerAddress        
00004a99  sumIpWords                    
00004b0d  getIpChecksum                 
00004b3f  calcIpChecksum                
00004b85  strtod                        
00004b85  strtold                       
00004fe5  initTimer                     
00005085  startOneshotTimer             
0000510b  startPeriodicTimer            
00005191  stopTimer                     
00005219  restartTimer                  
00005291  tickIsr                       
0000531d  random32                      
00005345  isArpRequest                  
000053e9  isArpResponse                 
0000543d  sendArpResponse               
0000551b  sendArpRequest                
00005639  initSockets                   
00005671  newSocket                     
000056db  deleteSocket                  
00005743  getSocketInfoFromArpResponse  
000057bb  getSocketInfoFromUdpPacket    
00005865  getSocketInfoFromTcpPacket    
00005919  isUdp                         
000059c1  getUdpData                    
000059ed  sendUdpMessage                
00005beb  __aeabi_idiv0                 
00005beb  __aeabi_ldiv0                 
00005e5d  strtoll                       
00006209  __aeabi_dsub                  
00006213  __aeabi_dadd                  
000063bf  isPingRequest                 
00006403  sendPingRequest               
0000640f  sendPingResponse              
00006521  initSpi0                      
000065bd  setSpi0BaudRate               
000065f3  setSpi0Mode                   
00006641  writeSpi0Data                 
00006659  readSpi0Data                  
00006681  strtoull                      
00006919  __aeabi_ddiv                  
00006a51  strtol                        
00006b81  initUart0                     
00006bcb  setUart0BaudRate              
00006c0f  putcUart0                     
00006c2b  putsUart0                     
00006c57  getcUart0                     
00006c6b  kbhitUart0                    
00006dcd  ldexp                         
00006dcd  ldexpl                        
00006dcd  scalbn                        
00006dcd  scalbnl                       
00006edd  strtoul                       
00006fed  __aeabi_dmul                  
000070e9  setTcpState                   
00007105  getTcpState                   
00007119  isTcp                         
00007125  isTcpSyn                      
00007131  isTcpAck                      
0000713d  sendTcpPendingMessages        
00007147  processTcpResponse            
00007151  processTcpArpResponse         
0000715b  setTcpPortList                
00007169  isTcpPortOpen                 
00007175  sendTcpResponse               
00007185  sendTcpMessage                
0000724f  __aeabi_memcpy                
0000724f  __aeabi_memcpy4               
0000724f  __aeabi_memcpy8               
0000724f  memcpy                        
000072eb  __aeabi_uldivmod              
00007381  __aeabi_cdcmpeq               
00007381  __aeabi_cdcmple               
00007407  __aeabi_cdrcmple              
0000748d  initEeprom                    
000074a3  writeEeprom                   
000074d5  readEeprom                    
00007511  __aeabi_memclr                
00007511  __aeabi_memclr4               
00007511  __aeabi_memclr8               
00007513  __aeabi_memset                
00007513  __aeabi_memset4               
00007513  __aeabi_memset8               
00007519  memset                        
000075f9  __aeabi_d2f                   
000076d1  __TI_decompress_lzss          
00007739  frexp                         
00007739  frexpl                        
000077f3  __TI_ltoa                     
00007899  atoi                          
000078e5  snprintf                      
00007931  __aeabi_d2iz                  
00007979  __TI_auto_init_nobinit_nopinit
000079bd  strtok                        
00007a3d  sscanf                        
00007a75  _c_int00_noargs               
00007aa9  rand                          
00007b0d  __aeabi_i2d                   
00007b3b  strspn                        
00007b65  connectMqtt                   
00007b67  disconnectMqtt                
00007b69  publishMqtt                   
00007b75  subscribeMqtt                 
00007b7f  unsubscribeMqtt               
00007b89  srand                         
00007bad  strcspn                       
00007bd1  waitMicrosecond               
00007bf5  __TI_zero_init_nomemset       
00007c11  memccpy                       
00007c2d  copysign                      
00007c2d  copysignl                     
00007c5f  __aeabi_lmul                  
00007c77  strcmp                        
00007c8f  strrchr                       
00007ca7  strchr                        
00007cbd  strcpy                        
00007cd1  strlen                        
00007cf7  wcslen                        
00007d09  initSystemClockTo40Mhz        
00007d19  tolower                       
00007d29  __TI_decompress_none          
00007d37  ResetISR                      
00007d45  __aeabi_errno_addr            
00007d55  _system_pre_init              
00007d59  C$$EXIT                       
00007d59  abort                         
00007d60  _ctypes_                      
00007f60  __TI_Handler_Table_Base       
00007f6c  __TI_Handler_Table_Limit      
00007f78  __TI_CINIT_Base               
00007f88  __TI_CINIT_Limit              
20000000  __stack                       
20000000  __start___llvm_prf_cnts       
20000000  __stop___llvm_prf_cnts        
20000200  __STACK_TOP                   
20001000  __STACK_END                   
20001000  sockets                       
20001118  strInput                      
2000116c  fn                            
20001194  period                        
200011bc  ticks                         
200011e4  reload                        
200011f0  dhcpOfferedIpAdd              
200011f4  dhcpServerIpAdd               
200011f8  gatewayIp                     
200011fc  tcpState                      
20001200  token                         
20001204  xid                           
20001208  leaseSeconds                  
2000120c  leaseT1                       
20001210  leaseT2                       
20001214  discoverNeeded                
20001215  requestNeeded                 
20001216  releaseNeeded                 
20001217  ipConflictDetectionMode       
20001218  dhcpState                     
20001219  dhcpEnabled                   
2000121a  forceNakTest                  
2000121b  count                         
2000121c  _lock                         
20001220  _unlock                       
20001224  hwAddress                     
2000122a  ipAddress                     
2000122e  ipDnsAddress                  
20001232  ipGwAddress                   
20001236  ipSubnetMask                  
2000123a  ipTimeServerAddress           
20001240  errno                         
2000124c  nextPacketLsb                 
2000124d  nextPacketMsb                 
2000124e  sequenceId                    
ffffffff  __TI_pprof_out_hndl           
ffffffff  __TI_prof_data_size           
ffffffff  __TI_prof_data_start          
ffffffff  __binit__                     
ffffffff  __c_args__                    
ffffffff  binit                         
UNDEFED   __mpu_init                    
UNDEFED   _system_post_cinit            

[290 symbols]
