******************************************************************************
                  TI ARM Linker PC v20.2.7                     
******************************************************************************
>> Linked Tue Apr  7 20:14:24 2026

OUTPUT FILE NAME:   <iot_given_code.out>
ENTRY POINT SYMBOL: "_c_int00_noargs"  address: 0000a071


MEMORY CONFIGURATION

         name            origin    length      used     unused   attr    fill
----------------------  --------  ---------  --------  --------  ----  --------
  FLASH                 00000000   00040000  0000a599  00035a67  R  X
  SRAM                  20000000   00008000  0000126a  00006d96  RW X


SEGMENT ALLOCATION MAP

run origin  load origin   length   init length attrs members
----------  ----------- ---------- ----------- ----- -------
00000000    00000000    0000a5a0   0000a5a0    r-x
  00000000    00000000    0000026c   0000026c    r-- .intvecs
  0000026c    0000026c    0000a0ec   0000a0ec    r-x .text
  0000a358    0000a358    000001f9   000001f9    r-- .const
  0000a558    0000a558    00000048   00000048    r-- .cinit
20000000    20000000    0000126a   00000000    rw-
  20000000    20000000    00001000   00000000    rw- .stack
  20001000    20001000    0000020c   00000000    rw- .bss
  2000120c    2000120c    0000005e   00000000    rw- .data


SECTION ALLOCATION MAP

 output                                  attributes/
section   page    origin      length       input sections
--------  ----  ----------  ----------   ----------------
.intvecs   0    00000000    0000026c     
                  00000000    0000026c     tm4c123gh6pm_startup_ccs.obj (.intvecs)

.text      0    0000026c    0000a0ec     
                  0000026c    00001648     ethernet.obj (.text)
                  000018b4    00001288     dhcp.obj (.text)
                  00002b3c    00000c34     tcp.obj (.text)
                  00003770    00000b14     rtsv7M4_T_le_v4SPD16_eabi.lib : _scanfi.c.obj (.text:__TI_scanfi)
                  00004284    00000a4e                                   : _printfi.c.obj (.text:__TI_printfi)
                  00004cd2    00000002                                   : _lock.c.obj (.text:_nop)
                  00004cd4    0000088c     mqtt.obj (.text)
                  00005560    00000808     gpio.obj (.text)
                  00005d68    00000714     eth0.obj (.text)
                  0000647c    00000664     nfc.obj (.text)
                  00006ae0    000004b0     ip.obj (.text)
                  00006f90    00000460     rtsv7M4_T_le_v4SPD16_eabi.lib : strtod.c.obj (.text:strtod)
                  000073f0    00000360     timer.obj (.text)
                  00007750    000002f4     arp.obj (.text)
                  00007a44    000002e0     socket.obj (.text)
                  00007d24    000002d2     udp.obj (.text)
                  00007ff6    00000002     rtsv7M4_T_le_v4SPD16_eabi.lib : div0.asm.obj (.text)
                  00007ff8    000002a4     pir_and_sonic.obj (.text)
                  0000829c    00000270     rtsv7M4_T_le_v4SPD16_eabi.lib : _printfi.c.obj (.text:_pconv_a)
                  0000850c    000001dc                                   : strtoll.c.obj (.text:strtoll)
                  000086e8    000001d0                                   : _printfi.c.obj (.text:_pconv_g)
                  000088b8    000001b6                                   : fd_add_t2.asm.obj (.text)
                  00008a6e    00000160     icmp.obj (.text)
                  00008bce    00000002     --HOLE-- [fill = 0]
                  00008bd0    00000160     spi0.obj (.text)
                  00008d30    0000015c     rtsv7M4_T_le_v4SPD16_eabi.lib : strtoull.c.obj (.text:strtoull)
                  00008e8c    0000013c                                   : _printfi.c.obj (.text:_pconv_e)
                  00008fc8    00000136                                   : fd_div_t2.asm.obj (.text)
                  000090fe    00000002     --HOLE-- [fill = 0]
                  00009100    00000130                                   : strtol.c.obj (.text:strtol)
                  00009230    00000128     uart0.obj (.text)
                  00009358    00000124     rtsv7M4_T_le_v4SPD16_eabi.lib : _printfi.c.obj (.text:fcvt)
                  0000947c    00000110                                   : s_scalbn.c.obj (.text:scalbn)
                  0000958c    00000110                                   : strtoul.c.obj (.text:strtoul)
                  0000969c    000000fc                                   : fd_mul_t2.asm.obj (.text)
                  00009798    000000b1                                   : _printfi.c.obj (.text:_ltostr)
                  00009849    00000001     --HOLE-- [fill = 0]
                  0000984a    0000009c                                   : memcpy_t2.asm.obj (.text)
                  000098e6    00000096                                   : ull_div_t2.asm.obj (.text)
                  0000997c    00000086                                   : fd_cmp_t2.asm.obj (.text:__aeabi_cdcmple)
                  00009a02    00000086                                   : fd_cmp_t2.asm.obj (.text:__aeabi_cdrcmple)
                  00009a88    00000084     eeprom.obj (.text)
                  00009b0c    0000007a     rtsv7M4_T_le_v4SPD16_eabi.lib : memset_t2.asm.obj (.text)
                  00009b86    0000006e                                   : _printfi.c.obj (.text:_mcpy)
                  00009bf4    0000006e                                   : fd_tos_t2.asm.obj (.text)
                  00009c62    00000002     --HOLE-- [fill = 0]
                  00009c64    00000068                                   : sscanf.c.obj (.text:_chkmbc)
                  00009ccc    00000068                                   : copy_decompress_lzss.c.obj (.text:decompress:lzss:__TI_decompress_lzss)
                  00009d34    00000064                                   : s_frexp.c.obj (.text:frexp)
                  00009d98    00000056                                   : _printfi.c.obj (.text:_pconv_f)
                  00009dee    00000054                                   : _ltoa.c.obj (.text:__TI_ltoa)
                  00009e42    00000052                                   : _printfi.c.obj (.text:_ecpy)
                  00009e94    0000004c                                   : atoi.c.obj (.text:atoi)
                  00009ee0    0000004c                                   : snprintf.c.obj (.text:snprintf)
                  00009f2c    00000048                                   : fd_toi_t2.asm.obj (.text)
                  00009f74    00000044                                   : autoinit.c.obj (.text:__TI_auto_init_nobinit_nopinit:__TI_auto_init_nobinit_nopinit)
                  00009fb8    00000040                                   : strtok.c.obj (.text:strtok)
                  00009ff8    0000003e                                   : _printfi.c.obj (.text:_fcpy)
                  0000a036    00000002     --HOLE-- [fill = 0]
                  0000a038    00000038                                   : sscanf.c.obj (.text:sscanf)
                  0000a070    00000034                                   : boot_cortex_m.c.obj (.text:_c_int00_noargs:_c_int00_noargs)
                  0000a0a4    00000034                                   : rand.c.obj (.text:rand)
                  0000a0d8    00000030                                   : snprintf.c.obj (.text:_outs)
                  0000a108    0000002e                                   : i_tofd_t2.asm.obj (.text)
                  0000a136    0000002a                                   : strspn.c.obj (.text:strspn)
                  0000a160    00000024                                   : memcmp.c.obj (.text:memcmp)
                  0000a184    00000024                                   : rand.c.obj (.text:srand)
                  0000a1a8    00000024                                   : strcspn.c.obj (.text:strcspn)
                  0000a1cc    00000024     wait.obj (.text)
                  0000a1f0    0000001c     rtsv7M4_T_le_v4SPD16_eabi.lib : copy_zero_init.c.obj (.text:decompress:ZI:__TI_zero_init_nomemset:__TI_zero_init_nomemset)
                  0000a20c    0000001c                                   : memccpy.c.obj (.text:memccpy)
                  0000a228    0000001a                                   : s_copysign.c.obj (.text:copysign)
                  0000a242    00000018                                   : snprintf.c.obj (.text:_outc)
                  0000a25a    00000018                                   : ll_mul_t2.asm.obj (.text)
                  0000a272    00000018                                   : strcmp.c.obj (.text:strcmp)
                  0000a28a    00000018                                   : strrchr.c.obj (.text:strrchr)
                  0000a2a2    00000016                                   : strchr.c.obj (.text:strchr)
                  0000a2b8    00000014                                   : strcpy.c.obj (.text:strcpy)
                  0000a2cc    00000014                                   : strlen.c.obj (.text:strlen)
                  0000a2e0    00000012                                   : sscanf.c.obj (.text:_inpchar)
                  0000a2f2    00000012                                   : wcslen.c.obj (.text:wcslen)
                  0000a304    00000010     clock.obj (.text)
                  0000a314    00000010     rtsv7M4_T_le_v4SPD16_eabi.lib : tolower.c.obj (.text:tolower)
                  0000a324    0000000e                                   : copy_decompress_none.c.obj (.text:decompress:none:__TI_decompress_none)
                  0000a332    0000000c     tm4c123gh6pm_startup_ccs.obj (.text)
                  0000a33e    00000002     --HOLE-- [fill = 0]
                  0000a340    00000008     rtsv7M4_T_le_v4SPD16_eabi.lib : errno.c.obj (.text:__aeabi_errno_addr)
                  0000a348    00000008                                   : sscanf.c.obj (.text:_uninpchar)
                  0000a350    00000004                                   : pre_init.c.obj (.text:_system_pre_init)
                  0000a354    00000004                                   : exit.c.obj (.text:abort:abort)

.const     0    0000a358    000001f9     
                  0000a358    00000101     rtsv7M4_T_le_v4SPD16_eabi.lib : ctype.c.obj (.const:.string:_ctypes_)
                  0000a459    00000007     ethernet.obj (.const:.string:michealUid$2)
                  0000a460    000000c8     rtsv7M4_T_le_v4SPD16_eabi.lib : strtod.c.obj (.const:$O1$$)
                  0000a528    00000010                                   : _scanfi.c.obj (.const:$O1$$)
                  0000a538    00000007     ethernet.obj (.const:.string:subhaanUid$3)
                  0000a53f    00000006     nfc.obj (.const:.string:ackFrame)
                  0000a545    00000004     nfc.obj (.const:.string:$P$T1$2)
                  0000a549    00000004     ethernet.obj (.const:.string:oscarUid$1)
                  0000a54d    00000003     nfc.obj (.const:.string:$P$T2$3)
                  0000a550    00000001     nfc.obj (.const:.string:$P$T0$1)

.cinit     0    0000a558    00000048     
                  0000a558    00000021     (.cinit..data.load) [load image, compression = lzss]
                  0000a579    00000003     --HOLE-- [fill = 0]
                  0000a57c    0000000c     (__TI_handler_table)
                  0000a588    00000008     (.cinit..bss.load) [load image, compression = zero_init]
                  0000a590    00000010     (__TI_cinit_table)

.init_array 
*          0    00000000    00000000     UNINITIALIZED

.bss       0    20001000    0000020c     UNINITIALIZED
                  20001000    00000118     (.common:sockets)
                  20001118    00000054     (.common:strInput)
                  2000116c    00000028     (.common:fn)
                  20001194    00000028     (.common:period)
                  200011bc    00000028     (.common:ticks)
                  200011e4    0000000c     (.common:reload)
                  200011f0    00000008     (.common:tcpPorts)
                  200011f8    00000004     (.common:dhcpOfferedIpAdd)
                  200011fc    00000004     (.common:dhcpServerIpAdd)
                  20001200    00000004     (.common:gatewayIp)
                  20001204    00000004     (.common:tcpState)
                  20001208    00000004     (.common:token)

.data      0    2000120c    0000005e     UNINITIALIZED
                  2000120c    00000017     dhcp.obj (.data)
                  20001223    00000001     ethernet.obj (.data)
                  20001224    0000000a     mqtt.obj (.data)
                  2000122e    00000001     nfc.obj (.data)
                  2000122f    00000001     tcp.obj (.data)
                  20001230    00000008     rtsv7M4_T_le_v4SPD16_eabi.lib : _lock.c.obj (.data:$O1$$)
                  20001238    00000006     eth0.obj (.data:hwAddress)
                  2000123e    00000004     ip.obj (.data:ipAddress)
                  20001242    00000004     ip.obj (.data:ipDnsAddress)
                  20001246    00000004     ip.obj (.data:ipGwAddress)
                  2000124a    00000004     ip.obj (.data:ipMqttBrokerAddress)
                  2000124e    00000004     ip.obj (.data:ipSubnetMask)
                  20001252    00000004     ip.obj (.data:ipTimeServerAddress)
                  20001256    00000002     --HOLE--
                  20001258    00000004     rtsv7M4_T_le_v4SPD16_eabi.lib : errno.c.obj (.data)
                  2000125c    00000004                                   : rand.c.obj (.data)
                  20001260    00000004                                   : strtok.c.obj (.data)
                  20001264    00000003     eth0.obj (.data)
                  20001267    00000003     pir_and_sonic.obj (.data)

.stack     0    20000000    00001000     UNINITIALIZED
                  20000000    00000004     rtsv7M4_T_le_v4SPD16_eabi.lib : boot_cortex_m.c.obj (.stack)
                  20000004    00000ffc     --HOLE--

__llvm_prf_cnts 
*          0    20000000    00000000     UNINITIALIZED

MODULE SUMMARY

       Module                         code    ro data   rw data
       ------                         ----    -------   -------
    .\
       ethernet.obj                   5704    18        89     
       dhcp.obj                       4744    0         35     
       tcp.obj                        3124    0         13     
       mqtt.obj                       2188    0         10     
       gpio.obj                       2056    0         0      
       eth0.obj                       1812    0         9      
       nfc.obj                        1636    14        1      
       ip.obj                         1200    0         24     
       socket.obj                     736     0         280    
       timer.obj                      864     0         132    
       arp.obj                        756     0         0      
       udp.obj                        722     0         0      
       pir_and_sonic.obj              676     0         3      
       tm4c123gh6pm_startup_ccs.obj   12      620       0      
       icmp.obj                       352     0         0      
       spi0.obj                       352     0         0      
       uart0.obj                      296     0         0      
       eeprom.obj                     132     0         0      
       wait.obj                       36      0         0      
       clock.obj                      16      0         0      
    +--+------------------------------+-------+---------+---------+
       Total:                         27414   652       596    
                                                               
    C:\ti\ccs1281\ccs\tools\compiler\ti-cgt-arm_20.2.7.LTS\lib\rtsv7M4_T_le_v4SPD16_eabi.lib
       _printfi.c.obj                 4851    0         0      
       _scanfi.c.obj                  2836    16        0      
       strtod.c.obj                   1120    200       0      
       strtoll.c.obj                  476     0         0      
       fd_add_t2.asm.obj              438     0         0      
       strtoull.c.obj                 348     0         0      
       fd_div_t2.asm.obj              310     0         0      
       strtol.c.obj                   304     0         0      
       s_scalbn.c.obj                 272     0         0      
       strtoul.c.obj                  272     0         0      
       fd_cmp_t2.asm.obj              268     0         0      
       ctype.c.obj                    0       257       0      
       fd_mul_t2.asm.obj              252     0         0      
       sscanf.c.obj                   186     0         0      
       memcpy_t2.asm.obj              156     0         0      
       ull_div_t2.asm.obj             150     0         0      
       snprintf.c.obj                 148     0         0      
       memset_t2.asm.obj              122     0         0      
       fd_tos_t2.asm.obj              110     0         0      
       copy_decompress_lzss.c.obj     104     0         0      
       s_frexp.c.obj                  100     0         0      
       rand.c.obj                     88      0         4      
       _ltoa.c.obj                    84      0         0      
       atoi.c.obj                     76      0         0      
       fd_toi_t2.asm.obj              72      0         0      
       autoinit.c.obj                 68      0         0      
       strtok.c.obj                   64      0         4      
       boot_cortex_m.c.obj            52      0         0      
       i_tofd_t2.asm.obj              46      0         0      
       strspn.c.obj                   42      0         0      
       memcmp.c.obj                   36      0         0      
       strcspn.c.obj                  36      0         0      
       copy_zero_init.c.obj           28      0         0      
       memccpy.c.obj                  28      0         0      
       s_copysign.c.obj               26      0         0      
       ll_mul_t2.asm.obj              24      0         0      
       strcmp.c.obj                   24      0         0      
       strrchr.c.obj                  24      0         0      
       strchr.c.obj                   22      0         0      
       strcpy.c.obj                   20      0         0      
       strlen.c.obj                   20      0         0      
       wcslen.c.obj                   18      0         0      
       tolower.c.obj                  16      0         0      
       copy_decompress_none.c.obj     14      0         0      
       errno.c.obj                    8       0         4      
       _lock.c.obj                    2       0         8      
       exit.c.obj                     4       0         0      
       pre_init.c.obj                 4       0         0      
       div0.asm.obj                   2       0         0      
    +--+------------------------------+-------+---------+---------+
       Total:                         13771   473       20     
                                                               
       Stack:                         0       0         4096   
       Linker Generated:              0       69        0      
    +--+------------------------------+-------+---------+---------+
       Grand Total:                   41185   1194      4712   


LINKER GENERATED COPY TABLES

__TI_cinit_table @ 0000a590 records: 2, size/record: 8, table size: 16
	.data: load addr=0000a558, load size=00000021 bytes, run addr=2000120c, run size=0000005e bytes, compression=lzss
	.bss: load addr=0000a588, load size=00000008 bytes, run addr=20001000, run size=0000020c bytes, compression=zero_init


LINKER GENERATED HANDLER TABLE

__TI_handler_table @ 0000a57c records: 3, size/record: 4, table size: 12
	index: 0, handler: __TI_decompress_lzss
	index: 1, handler: __TI_decompress_none
	index: 2, handler: __TI_zero_init


GLOBAL SYMBOLS: SORTED ALPHABETICALLY BY Name 

address   name                          
-------   ----                          
0000a355  C$$EXIT                       
0000a333  ResetISR                      
20001000  __STACK_END                   
00001000  __STACK_SIZE                  
20000200  __STACK_TOP                   
0000a590  __TI_CINIT_Base               
0000a5a0  __TI_CINIT_Limit              
0000a57c  __TI_Handler_Table_Base       
0000a588  __TI_Handler_Table_Limit      
00009f75  __TI_auto_init_nobinit_nopinit
00009ccd  __TI_decompress_lzss          
0000a325  __TI_decompress_none          
00009def  __TI_ltoa                     
ffffffff  __TI_pprof_out_hndl           
00004285  __TI_printfi                  
ffffffff  __TI_prof_data_size           
ffffffff  __TI_prof_data_start          
00003771  __TI_scanfi                   
00000000  __TI_static_base__            
0000a1f1  __TI_zero_init_nomemset       
0000997d  __aeabi_cdcmpeq               
0000997d  __aeabi_cdcmple               
00009a03  __aeabi_cdrcmple              
00009bf5  __aeabi_d2f                   
00009f2d  __aeabi_d2iz                  
000088c3  __aeabi_dadd                  
00008fc9  __aeabi_ddiv                  
0000969d  __aeabi_dmul                  
000088b9  __aeabi_dsub                  
0000a341  __aeabi_errno_addr            
0000a109  __aeabi_i2d                   
00007ff7  __aeabi_idiv0                 
00007ff7  __aeabi_ldiv0                 
0000a25b  __aeabi_lmul                  
00009b0d  __aeabi_memclr                
00009b0d  __aeabi_memclr4               
00009b0d  __aeabi_memclr8               
0000984b  __aeabi_memcpy                
0000984b  __aeabi_memcpy4               
0000984b  __aeabi_memcpy8               
00009b0f  __aeabi_memset                
00009b0f  __aeabi_memset4               
00009b0f  __aeabi_memset8               
000098e7  __aeabi_uldivmod              
ffffffff  __binit__                     
ffffffff  __c_args__                    
UNDEFED   __mpu_init                    
20000000  __stack                       
20000000  __start___llvm_prf_cnts       
20000000  __stop___llvm_prf_cnts        
0000a071  _c_int00_noargs               
0000a358  _ctypes_                      
20001230  _lock                         
00004cd3  _nop                          
UNDEFED   _system_post_cinit            
0000a351  _system_pre_init              
20001234  _unlock                       
0000a355  abort                         
000008f7  asciiToUint8                  
00009e95  atoi                          
ffffffff  binit                         
00006f47  calcIpChecksum                
000018cf  callbackDhcpGetNewAddressTimer
000019f1  callbackDhcpIpConflictWindow  
00001993  callbackDhcpLeaseEndTimer     
00001935  callbackDhcpT1HitTimer        
00001933  callbackDhcpT1PeriodicTimer   
00001975  callbackDhcpT2HitTimer        
00001973  callbackDhcpT2PeriodicTimer   
00005e27  clearEtherReg                 
00005bb5  clearPinInterrupt             
0000811f  clearSensorSampleRequest      
00003279  closeTcpConnection            
00004f85  connectMqtt                   
0000a229  copysign                      
0000a229  copysignl                     
20001223  count                         
00007ae7  deleteSocket                  
20001221  dhcpEnabled                   
200011f8  dhcpOfferedIpAdd              
200011fc  dhcpServerIpAdd               
20001220  dhcpState                     
00002a77  disableDhcp                   
00005d7f  disableEtherCs                
00005b91  disablePinInterrupt           
000058c9  disablePinPulldown            
00005881  disablePinPullup              
0000561d  disablePort                   
00005021  disconnectMqtt                
2000121c  discoverNeeded                
000002b1  displayConnectionInfo         
000005df  displayNfcUid                 
00002a41  enableDhcp                    
00005d69  enableEtherCs                 
00005b6d  enablePinInterrupt            
000058a5  enablePinPulldown             
00005853  enablePinPullup               
00005561  enablePort                    
20001258  errno                         
2000116c  fn                            
20001222  forceNakTest                  
00000677  formatNfcUid                  
00009d35  frexp                         
00009d35  frexpl                        
00000000  g_pfnVectors                  
20001200  gatewayIp                     
00001a5d  getDhcpLeaseSeconds           
0000221f  getDhcpOption                 
000018c9  getDhcpState                  
00006383  getEtherId                    
0000641d  getEtherMacAddress            
0000615d  getEtherPacket                
00006c11  getIpAddress                  
00006f15  getIpChecksum                 
00006d6d  getIpDnsAddress               
00006cf9  getIpGatewayAddress           
00006e59  getIpMqttBrokerAddress        
00006c85  getIpSubnetMask               
00006de1  getIpTimeServerAddress        
0000072b  getNfcName                    
00005c23  getPinValue                   
00005cd9  getPortValue                  
00007b4f  getSocketInfoFromArpResponse  
00007c71  getSocketInfoFromTcpPacket    
00007bc7  getSocketInfoFromUdpPacket    
000030a5  getTcpState                   
00007dcd  getUdpData                    
00009307  getcUart0                     
00002511  handleDhcpAck                 
00002799  handleDhcpNak                 
00006357  htonl                         
00006333  htons                         
20001238  hwAddress                     
0000638f  incEtherId                    
00009a89  initEeprom                    
00005f73  initEther                     
0000026d  initHw                        
000069a9  initNfc                       
0000807b  initPirAndSonic               
0000803f  initPirAndSonicHw             
00007a45  initSockets                   
00008bd1  initSpi0                      
0000a305  initSystemClockTo40Mhz        
000073f1  initTimer                     
00009231  initUart0                     
2000123e  ipAddress                     
2000121f  ipConflictDetectionMode       
20001242  ipDnsAddress                  
20001246  ipGwAddress                   
2000124a  ipMqttBrokerAddress           
2000124e  ipSubnetMask                  
20001252  ipTimeServerAddress           
00007751  isArpRequest                  
000077f5  isArpResponse                 
00002409  isDhcpAck                     
000027d7  isDhcpDiscoverNeeded          
00002a9d  isDhcpEnabled                 
00001a57  isDhcpIpConflictDetectionMode 
0000268b  isDhcpNak                     
00002261  isDhcpOffer                   
000027df  isDhcpReleaseNeeded           
000027db  isDhcpRequestNeeded           
00001a63  isDhcpResponse                
00006113  isEtherDataAvailable          
000060f9  isEtherLinkUp                 
0000612d  isEtherOverflow               
00006ae1  isIp                          
00006b51  isIpUnicast                   
00006bb1  isIpValid                     
00005061  isMqttConnected               
00008a6f  isPingRequest                 
0000809b  isPirEnabled                  
00008119  isSensorSampleRequested       
000080a1  isSonicEnabled                
000030b9  isTcp                         
000031bd  isTcpAck                      
000032d7  isTcpEstablished              
0000364b  isTcpPortOpen                 
00003177  isTcpSyn                      
00007d25  isUdp                         
0000931b  kbhitUart0                    
0000947d  ldexp                         
0000947d  ldexpl                        
20001210  leaseSeconds                  
20001214  leaseT1                       
20001218  leaseT2                       
00001369  main                          
00008127  measureUltrasonicDistanceCm   
0000a20d  memccpy                       
0000a161  memcmp                        
0000984b  memcpy                        
00009b15  memset                        
2000122a  mqttConnectPending            
2000122d  mqttKeepaliveExpired          
20001228  mqttPacketId                  
2000122c  mqttPingOutstanding           
2000122b  mqttSessionEstablished        
20001224  mqttSocket                    
000052f1  mqttTcpClosed                 
00005309  mqttTcpDataReceived           
00005225  mqttTcpOpened                 
00007a7d  newSocket                     
20001264  nextPacketLsb                 
20001265  nextPacketMsb                 
00006a25  nfcReadUid                    
000031ef  openTcpConnection             
20001194  period                        
0000808f  pirMotionDetected             
00002971  processDhcpArpResponse        
00002901  processDhcpResponse           
00000991  processShell                  
0000351d  processTcpArpResponse         
00003309  processTcpResponse            
00005087  publishMqtt                   
0000624d  putEtherPacket                
000092bf  putcUart0                     
000092db  putsUart0                     
00000791  queueNfcMqttPublish           
000081bf  queueSensorMqttPublish        
0000a0a5  rand                          
00007729  random32                      
0000080f  readConfiguration             
00009ad1  readEeprom                    
00005f5b  readEtherMem                  
00005eaf  readEtherPhy                  
00005dc1  readEtherReg                  
00008d09  readSpi0Data                  
00001971  rebindDhcp                    
000019e9  releaseDhcp                   
2000121e  releaseNeeded                 
200011e4  reload                        
000018ef  renewDhcp                     
00001a55  requestDhcpIpConflictTest     
000018ed  requestDhcpNewAddress         
2000121d  requestNeeded                 
00007625  restartTimer                  
0000947d  scalbn                        
0000947d  scalbnl                       
00005787  selectPinAnalogInput          
00005739  selectPinDigitalInput         
00005aa3  selectPinInterruptBothEdges   
00005a53  selectPinInterruptFallingEdge 
00005af9  selectPinInterruptHighLevel   
00005b33  selectPinInterruptLowLevel    
00005a03  selectPinInterruptRisingEdge  
000056eb  selectPinOpenDrainOutput      
0000569d  selectPinPushPullOutput       
00007927  sendArpRequest                
00007849  sendArpResponse               
00001bf5  sendDhcpMessage               
00002811  sendDhcpPendingMessages       
00008ab3  sendPingRequest               
00008abf  sendPingResponse              
00003719  sendTcpMessage                
000032f7  sendTcpPendingMessages        
0000369b  sendTcpResponse               
00007df9  sendUdpMessage                
20001266  sequenceId                    
000051d9  serviceMqtt                   
000018b5  setDhcpState                  
00005e5b  setEtherBank                  
00006399  setEtherMacAddress            
00005df3  setEtherReg                   
00006bd7  setIpAddress                  
00006d33  setIpDnsAddress               
00006cbf  setIpGatewayAddress           
00006e1b  setIpMqttBrokerAddress        
00006c4b  setIpSubnetMask               
00006da7  setIpTimeServerAddress        
000058f1  setPinAuxFunction             
000057d7  setPinCommitControl           
00005bd9  setPinValue                   
000080a7  setPirEnabled                 
00005c61  setPortValue                  
000080c1  setSonicEnabled               
00008c6d  setSpi0BaudRate               
00008ca3  setSpi0Mode                   
000035bd  setTcpPortList                
00003089  setTcpState                   
0000927b  setUart0BaudRate              
00009ee1  snprintf                      
20001000  sockets                       
0000a185  srand                         
0000a039  sscanf                        
00005f49  startEtherMemRead             
00005f1b  startEtherMemWrite            
00007491  startOneshotTimer             
00007517  startPeriodicTimer            
000080ef  startSensorSampling           
00005f6b  stopEtherMemRead              
00005f41  stopEtherMemWrite             
000080db  stopPirAndSonic               
00008109  stopSensorSampling            
0000759d  stopTimer                     
20001118  strInput                      
0000a2a3  strchr                        
0000a273  strcmp                        
0000a2b9  strcpy                        
0000a1a9  strcspn                       
0000a2cd  strlen                        
0000a28b  strrchr                       
0000a137  strspn                        
00006f91  strtod                        
00009fb9  strtok                        
00009101  strtol                        
00006f91  strtold                       
0000850d  strtoll                       
0000958d  strtoul                       
00008d31  strtoull                      
000050f1  subscribeMqtt                 
00006ea1  sumIpWords                    
2000122f  tcpPortCount                  
200011f0  tcpPorts                      
20001204  tcpState                      
0000769d  tickIsr                       
200011bc  ticks                         
00005bff  togglePinValue                
20001208  token                         
0000a315  tolower                       
00005171  unsubscribeMqtt               
0000a1cd  waitMicrosecond               
0000a2f3  wcslen                        
00009a9f  writeEeprom                   
00005f2d  writeEtherMem                 
00005e77  writeEtherPhy                 
00005d8d  writeEtherReg                 
00008cf1  writeSpi0Data                 
2000120c  xid                           


GLOBAL SYMBOLS: SORTED BY Symbol Address 

address   name                          
-------   ----                          
00000000  __TI_static_base__            
00000000  g_pfnVectors                  
0000026d  initHw                        
000002b1  displayConnectionInfo         
000005df  displayNfcUid                 
00000677  formatNfcUid                  
0000072b  getNfcName                    
00000791  queueNfcMqttPublish           
0000080f  readConfiguration             
000008f7  asciiToUint8                  
00000991  processShell                  
00001000  __STACK_SIZE                  
00001369  main                          
000018b5  setDhcpState                  
000018c9  getDhcpState                  
000018cf  callbackDhcpGetNewAddressTimer
000018ed  requestDhcpNewAddress         
000018ef  renewDhcp                     
00001933  callbackDhcpT1PeriodicTimer   
00001935  callbackDhcpT1HitTimer        
00001971  rebindDhcp                    
00001973  callbackDhcpT2PeriodicTimer   
00001975  callbackDhcpT2HitTimer        
00001993  callbackDhcpLeaseEndTimer     
000019e9  releaseDhcp                   
000019f1  callbackDhcpIpConflictWindow  
00001a55  requestDhcpIpConflictTest     
00001a57  isDhcpIpConflictDetectionMode 
00001a5d  getDhcpLeaseSeconds           
00001a63  isDhcpResponse                
00001bf5  sendDhcpMessage               
0000221f  getDhcpOption                 
00002261  isDhcpOffer                   
00002409  isDhcpAck                     
00002511  handleDhcpAck                 
0000268b  isDhcpNak                     
00002799  handleDhcpNak                 
000027d7  isDhcpDiscoverNeeded          
000027db  isDhcpRequestNeeded           
000027df  isDhcpReleaseNeeded           
00002811  sendDhcpPendingMessages       
00002901  processDhcpResponse           
00002971  processDhcpArpResponse        
00002a41  enableDhcp                    
00002a77  disableDhcp                   
00002a9d  isDhcpEnabled                 
00003089  setTcpState                   
000030a5  getTcpState                   
000030b9  isTcp                         
00003177  isTcpSyn                      
000031bd  isTcpAck                      
000031ef  openTcpConnection             
00003279  closeTcpConnection            
000032d7  isTcpEstablished              
000032f7  sendTcpPendingMessages        
00003309  processTcpResponse            
0000351d  processTcpArpResponse         
000035bd  setTcpPortList                
0000364b  isTcpPortOpen                 
0000369b  sendTcpResponse               
00003719  sendTcpMessage                
00003771  __TI_scanfi                   
00004285  __TI_printfi                  
00004cd3  _nop                          
00004f85  connectMqtt                   
00005021  disconnectMqtt                
00005061  isMqttConnected               
00005087  publishMqtt                   
000050f1  subscribeMqtt                 
00005171  unsubscribeMqtt               
000051d9  serviceMqtt                   
00005225  mqttTcpOpened                 
000052f1  mqttTcpClosed                 
00005309  mqttTcpDataReceived           
00005561  enablePort                    
0000561d  disablePort                   
0000569d  selectPinPushPullOutput       
000056eb  selectPinOpenDrainOutput      
00005739  selectPinDigitalInput         
00005787  selectPinAnalogInput          
000057d7  setPinCommitControl           
00005853  enablePinPullup               
00005881  disablePinPullup              
000058a5  enablePinPulldown             
000058c9  disablePinPulldown            
000058f1  setPinAuxFunction             
00005a03  selectPinInterruptRisingEdge  
00005a53  selectPinInterruptFallingEdge 
00005aa3  selectPinInterruptBothEdges   
00005af9  selectPinInterruptHighLevel   
00005b33  selectPinInterruptLowLevel    
00005b6d  enablePinInterrupt            
00005b91  disablePinInterrupt           
00005bb5  clearPinInterrupt             
00005bd9  setPinValue                   
00005bff  togglePinValue                
00005c23  getPinValue                   
00005c61  setPortValue                  
00005cd9  getPortValue                  
00005d69  enableEtherCs                 
00005d7f  disableEtherCs                
00005d8d  writeEtherReg                 
00005dc1  readEtherReg                  
00005df3  setEtherReg                   
00005e27  clearEtherReg                 
00005e5b  setEtherBank                  
00005e77  writeEtherPhy                 
00005eaf  readEtherPhy                  
00005f1b  startEtherMemWrite            
00005f2d  writeEtherMem                 
00005f41  stopEtherMemWrite             
00005f49  startEtherMemRead             
00005f5b  readEtherMem                  
00005f6b  stopEtherMemRead              
00005f73  initEther                     
000060f9  isEtherLinkUp                 
00006113  isEtherDataAvailable          
0000612d  isEtherOverflow               
0000615d  getEtherPacket                
0000624d  putEtherPacket                
00006333  htons                         
00006357  htonl                         
00006383  getEtherId                    
0000638f  incEtherId                    
00006399  setEtherMacAddress            
0000641d  getEtherMacAddress            
000069a9  initNfc                       
00006a25  nfcReadUid                    
00006ae1  isIp                          
00006b51  isIpUnicast                   
00006bb1  isIpValid                     
00006bd7  setIpAddress                  
00006c11  getIpAddress                  
00006c4b  setIpSubnetMask               
00006c85  getIpSubnetMask               
00006cbf  setIpGatewayAddress           
00006cf9  getIpGatewayAddress           
00006d33  setIpDnsAddress               
00006d6d  getIpDnsAddress               
00006da7  setIpTimeServerAddress        
00006de1  getIpTimeServerAddress        
00006e1b  setIpMqttBrokerAddress        
00006e59  getIpMqttBrokerAddress        
00006ea1  sumIpWords                    
00006f15  getIpChecksum                 
00006f47  calcIpChecksum                
00006f91  strtod                        
00006f91  strtold                       
000073f1  initTimer                     
00007491  startOneshotTimer             
00007517  startPeriodicTimer            
0000759d  stopTimer                     
00007625  restartTimer                  
0000769d  tickIsr                       
00007729  random32                      
00007751  isArpRequest                  
000077f5  isArpResponse                 
00007849  sendArpResponse               
00007927  sendArpRequest                
00007a45  initSockets                   
00007a7d  newSocket                     
00007ae7  deleteSocket                  
00007b4f  getSocketInfoFromArpResponse  
00007bc7  getSocketInfoFromUdpPacket    
00007c71  getSocketInfoFromTcpPacket    
00007d25  isUdp                         
00007dcd  getUdpData                    
00007df9  sendUdpMessage                
00007ff7  __aeabi_idiv0                 
00007ff7  __aeabi_ldiv0                 
0000803f  initPirAndSonicHw             
0000807b  initPirAndSonic               
0000808f  pirMotionDetected             
0000809b  isPirEnabled                  
000080a1  isSonicEnabled                
000080a7  setPirEnabled                 
000080c1  setSonicEnabled               
000080db  stopPirAndSonic               
000080ef  startSensorSampling           
00008109  stopSensorSampling            
00008119  isSensorSampleRequested       
0000811f  clearSensorSampleRequest      
00008127  measureUltrasonicDistanceCm   
000081bf  queueSensorMqttPublish        
0000850d  strtoll                       
000088b9  __aeabi_dsub                  
000088c3  __aeabi_dadd                  
00008a6f  isPingRequest                 
00008ab3  sendPingRequest               
00008abf  sendPingResponse              
00008bd1  initSpi0                      
00008c6d  setSpi0BaudRate               
00008ca3  setSpi0Mode                   
00008cf1  writeSpi0Data                 
00008d09  readSpi0Data                  
00008d31  strtoull                      
00008fc9  __aeabi_ddiv                  
00009101  strtol                        
00009231  initUart0                     
0000927b  setUart0BaudRate              
000092bf  putcUart0                     
000092db  putsUart0                     
00009307  getcUart0                     
0000931b  kbhitUart0                    
0000947d  ldexp                         
0000947d  ldexpl                        
0000947d  scalbn                        
0000947d  scalbnl                       
0000958d  strtoul                       
0000969d  __aeabi_dmul                  
0000984b  __aeabi_memcpy                
0000984b  __aeabi_memcpy4               
0000984b  __aeabi_memcpy8               
0000984b  memcpy                        
000098e7  __aeabi_uldivmod              
0000997d  __aeabi_cdcmpeq               
0000997d  __aeabi_cdcmple               
00009a03  __aeabi_cdrcmple              
00009a89  initEeprom                    
00009a9f  writeEeprom                   
00009ad1  readEeprom                    
00009b0d  __aeabi_memclr                
00009b0d  __aeabi_memclr4               
00009b0d  __aeabi_memclr8               
00009b0f  __aeabi_memset                
00009b0f  __aeabi_memset4               
00009b0f  __aeabi_memset8               
00009b15  memset                        
00009bf5  __aeabi_d2f                   
00009ccd  __TI_decompress_lzss          
00009d35  frexp                         
00009d35  frexpl                        
00009def  __TI_ltoa                     
00009e95  atoi                          
00009ee1  snprintf                      
00009f2d  __aeabi_d2iz                  
00009f75  __TI_auto_init_nobinit_nopinit
00009fb9  strtok                        
0000a039  sscanf                        
0000a071  _c_int00_noargs               
0000a0a5  rand                          
0000a109  __aeabi_i2d                   
0000a137  strspn                        
0000a161  memcmp                        
0000a185  srand                         
0000a1a9  strcspn                       
0000a1cd  waitMicrosecond               
0000a1f1  __TI_zero_init_nomemset       
0000a20d  memccpy                       
0000a229  copysign                      
0000a229  copysignl                     
0000a25b  __aeabi_lmul                  
0000a273  strcmp                        
0000a28b  strrchr                       
0000a2a3  strchr                        
0000a2b9  strcpy                        
0000a2cd  strlen                        
0000a2f3  wcslen                        
0000a305  initSystemClockTo40Mhz        
0000a315  tolower                       
0000a325  __TI_decompress_none          
0000a333  ResetISR                      
0000a341  __aeabi_errno_addr            
0000a351  _system_pre_init              
0000a355  C$$EXIT                       
0000a355  abort                         
0000a358  _ctypes_                      
0000a57c  __TI_Handler_Table_Base       
0000a588  __TI_Handler_Table_Limit      
0000a590  __TI_CINIT_Base               
0000a5a0  __TI_CINIT_Limit              
20000000  __stack                       
20000000  __start___llvm_prf_cnts       
20000000  __stop___llvm_prf_cnts        
20000200  __STACK_TOP                   
20001000  __STACK_END                   
20001000  sockets                       
20001118  strInput                      
2000116c  fn                            
20001194  period                        
200011bc  ticks                         
200011e4  reload                        
200011f0  tcpPorts                      
200011f8  dhcpOfferedIpAdd              
200011fc  dhcpServerIpAdd               
20001200  gatewayIp                     
20001204  tcpState                      
20001208  token                         
2000120c  xid                           
20001210  leaseSeconds                  
20001214  leaseT1                       
20001218  leaseT2                       
2000121c  discoverNeeded                
2000121d  requestNeeded                 
2000121e  releaseNeeded                 
2000121f  ipConflictDetectionMode       
20001220  dhcpState                     
20001221  dhcpEnabled                   
20001222  forceNakTest                  
20001223  count                         
20001224  mqttSocket                    
20001228  mqttPacketId                  
2000122a  mqttConnectPending            
2000122b  mqttSessionEstablished        
2000122c  mqttPingOutstanding           
2000122d  mqttKeepaliveExpired          
2000122f  tcpPortCount                  
20001230  _lock                         
20001234  _unlock                       
20001238  hwAddress                     
2000123e  ipAddress                     
20001242  ipDnsAddress                  
20001246  ipGwAddress                   
2000124a  ipMqttBrokerAddress           
2000124e  ipSubnetMask                  
20001252  ipTimeServerAddress           
20001258  errno                         
20001264  nextPacketLsb                 
20001265  nextPacketMsb                 
20001266  sequenceId                    
ffffffff  __TI_pprof_out_hndl           
ffffffff  __TI_prof_data_size           
ffffffff  __TI_prof_data_start          
ffffffff  __binit__                     
ffffffff  __c_args__                    
ffffffff  binit                         
UNDEFED   __mpu_init                    
UNDEFED   _system_post_cinit            

[328 symbols]
